04-12 02:21:38.262 1938-1938/? W/dex2oat: Compilation of void android.support.v4.view.NestedScrollingChildHelper.setNestedScrollingEnabled(boolean) took 122.311ms
04-12 02:21:38.478 1938-1940/? W/dex2oat: Compilation of void android.support.v4.view.NestedScrollingParentHelper.onStopNestedScroll(android.view.View) took 125.620ms
04-12 02:21:38.738 1938-1940/? W/dex2oat: Compilation of void android.support.v4.view.PagerTabStrip$1.<init>(android.support.v4.view.PagerTabStrip) took 164.403ms
04-12 02:21:38.853 1938-1940/? W/dex2oat: Compilation of void android.support.v4.view.PagerTabStrip$1.onClick(android.view.View) took 112.894ms
04-12 02:21:39.028 1938-1938/? W/dex2oat: Compilation of boolean android.support.v4.view.NestedScrollingChildHelper.startNestedScroll(int) took 387.506ms
04-12 02:21:39.071 1938-1940/? W/dex2oat: Compilation of void android.support.v4.view.PagerTitleStrip.<init>(android.content.Context, android.util.AttributeSet) took 210.973ms
04-12 02:21:39.227 1938-1938/? W/dex2oat: Compilation of void android.support.v4.view.NestedScrollingChildHelper.stopNestedScroll() took 197.715ms
04-12 02:21:39.370 1938-1940/? W/dex2oat: Compilation of int android.support.v4.view.PagerTitleStrip.getMinHeight() took 229.211ms
04-12 02:21:39.475 1938-1938/? W/dex2oat: Compilation of void android.support.v4.view.PagerTabStrip.<init>(android.content.Context) took 244.954ms
04-12 02:21:39.599 1938-1940/? W/dex2oat: Compilation of void android.support.v4.view.PagerTitleStrip.onAttachedToWindow() took 111.760ms
04-12 02:21:39.797 1938-1940/? W/dex2oat: Compilation of void android.support.v4.view.PagerTitleStrip.onMeasure(int, int) took 145.558ms
04-12 02:21:39.930 1938-1938/? W/dex2oat: Compilation of int android.support.v4.view.PagerTabStrip.getMinHeight() took 296.767ms
04-12 02:21:40.150 1938-1940/? W/dex2oat: Compilation of void android.support.v4.view.PagerTitleStrip.setTextSpacing(int) took 167.219ms
04-12 02:21:40.179 1938-1938/? W/dex2oat: Compilation of void android.support.v4.view.PagerTabStrip.onDraw(android.graphics.Canvas) took 232.076ms
04-12 02:21:40.358 1938-1938/? W/dex2oat: Compilation of boolean android.support.v4.view.PagerTabStrip.onTouchEvent(android.view.MotionEvent) took 178.013ms
04-12 02:21:40.520 1938-1940/? W/dex2oat: Compilation of void android.support.v4.view.PagerTitleStrip.updateAdapter(android.support.v4.view.PagerAdapter, android.support.v4.view.PagerAdapter) took 368.508ms
04-12 02:21:40.679 1938-1940/? W/dex2oat: Compilation of void android.support.v4.view.PagerTitleStrip.updateText(int, android.support.v4.view.PagerAdapter) took 157.555ms
04-12 02:21:40.797 1938-1938/? W/dex2oat: Compilation of void android.support.v4.view.PagerTabStrip.setTextSpacing(int) took 252.898ms
04-12 02:21:40.967 1938-1938/? W/dex2oat: Compilation of void android.support.v4.view.PagerTabStrip.updateTextPositions(int, float, boolean) took 168.908ms
04-12 02:21:41.067 1938-1940/? W/dex2oat: Compilation of void android.support.v4.view.PagerTitleStrip$PageListener.<init>(android.support.v4.view.PagerTitleStrip, android.support.v4.view.PagerTitleStrip$PageListener) took 306.753ms
04-12 02:21:41.143 1938-1938/? W/dex2oat: Compilation of void android.support.v4.view.PagerTitleStrip$PagerTitleStripImplBase.<init>() took 171.342ms
04-12 02:21:41.198 1938-1940/? W/dex2oat: Compilation of void android.support.v4.view.PagerTitleStrip$PagerTitleStripImplIcs.setSingleLineAllCaps(android.widget.TextView) took 125.812ms
04-12 02:21:41.373 1938-1940/? W/dex2oat: Compilation of void android.support.v4.view.PagerTitleStripIcs.<init>() took 172.945ms
04-12 02:21:41.528 1938-1940/? W/dex2oat: Compilation of void android.support.v4.view.ScaleGestureDetectorCompat$BaseScaleGestureDetectorImpl.<init>() took 138.274ms
04-12 02:21:41.730 1938-1938/? W/dex2oat: Compilation of java.lang.CharSequence android.support.v4.view.PagerTitleStripIcs$SingleLineAllCapsTransform.getTransformation(java.lang.CharSequence, android.view.View) took 486.557ms
04-12 02:21:41.899 1938-1938/? W/dex2oat: Compilation of void android.support.v4.view.ViewCompat$EclairMr1ViewCompatImpl.<init>() took 167.409ms
04-12 02:21:42.097 1938-1940/? W/dex2oat: Compilation of float android.support.v4.view.ViewCompat$HCViewCompatImpl.getRotationX(android.view.View) took 213.874ms
04-12 02:21:42.117 1938-1938/? W/dex2oat: Compilation of void android.support.v4.view.ViewCompat$ICSViewCompatImpl.<clinit>() took 145.263ms
04-12 02:21:42.350 1938-1940/? W/dex2oat: Compilation of float android.support.v4.view.ViewCompat$HCViewCompatImpl.getRotationY(android.view.View) took 251.730ms
04-12 02:21:42.389 1938-1938/? W/dex2oat: Compilation of int android.support.v4.view.ViewCompat$JbMr1ViewCompatImpl.getPaddingEnd(android.view.View) took 122.345ms
04-12 02:21:42.459 1938-1940/? W/dex2oat: Compilation of float android.support.v4.view.ViewCompat$HCViewCompatImpl.getScaleX(android.view.View) took 106.474ms
04-12 02:21:42.790 1938-1938/? W/dex2oat: Compilation of int android.support.v4.view.ViewCompat$JbMr1ViewCompatImpl.getWindowSystemUiVisibility(android.view.View) took 193.184ms
04-12 02:21:42.844 1938-1940/? W/dex2oat: Compilation of android.support.v4.view.WindowInsetsCompat android.support.v4.view.ViewCompat$LollipopViewCompatImpl.dispatchApplyWindowInsets(android.view.View, android.support.v4.view.WindowInsetsCompat) took 218.639ms
04-12 02:21:42.976 1938-1938/? W/dex2oat: Compilation of void android.support.v4.view.ViewCompat.<init>() took 127.416ms
04-12 02:21:43.021 1938-1940/? W/dex2oat: Compilation of boolean android.support.v4.view.ViewCompat$LollipopViewCompatImpl.dispatchNestedScroll(android.view.View, int, int, int, int, int[]) took 138.686ms
04-12 02:21:43.218 1938-1938/? W/dex2oat: Compilation of void android.support.v4.view.ViewCompat.setOnApplyWindowInsetsListener(android.view.View, android.support.v4.view.OnApplyWindowInsetsListener) took 141.596ms
04-12 02:21:43.549 1938-1938/? W/dex2oat: Compilation of void android.support.v4.view.ViewCompat.setX(android.view.View, float) took 188.014ms
04-12 02:21:43.714 1938-1940/? W/dex2oat: Compilation of boolean android.support.v4.view.ViewPager$MyAccessibilityDelegate.canScroll() took 181.131ms
04-12 02:21:43.731 1938-1938/? W/dex2oat: Compilation of void android.support.v4.view.ViewCompat.setY(android.view.View, float) took 176.144ms
04-12 02:21:43.952 1938-1938/? W/dex2oat: Compilation of boolean android.support.v4.view.ViewCompat.startNestedScroll(android.view.View, int) took 218.416ms
04-12 02:21:44.071 1938-1940/? W/dex2oat: Compilation of void android.support.v4.view.ViewPager$PagerObserver.<init>(android.support.v4.view.ViewPager, android.support.v4.view.ViewPager$PagerObserver) took 139.644ms
04-12 02:21:44.242 1938-1940/? W/dex2oat: Compilation of void android.support.v4.view.ViewPager$SavedState.<init>(android.os.Parcel, java.lang.ClassLoader) took 118.038ms
04-12 02:21:44.275 1938-1938/? W/dex2oat: Compilation of android.support.v4.view.ViewPager$SavedState android.support.v4.view.ViewPager$SavedState$1.createFromParcel(android.os.Parcel, java.lang.ClassLoader) took 137.522ms
04-12 02:21:44.387 1938-1938/? W/dex2oat: Compilation of java.lang.Object android.support.v4.view.ViewPager$SavedState$1.createFromParcel(android.os.Parcel, java.lang.ClassLoader) took 110.281ms
04-12 02:21:44.583 1938-1940/? W/dex2oat: Compilation of void android.support.v4.view.ViewPager.<init>(android.content.Context, android.util.AttributeSet) took 101.831ms
04-12 02:21:44.743 1938-1938/? W/dex2oat: Compilation of boolean android.support.v4.view.ViewParentCompat.onNestedFling(android.view.ViewParent, android.view.View, float, float, boolean) took 156.776ms
04-12 02:21:44.816 1938-1940/? W/dex2oat: Compilation of void android.support.v4.view.ViewPager.completeScroll(boolean) took 175.565ms
04-12 02:21:44.924 1938-1940/? W/dex2oat: Compilation of int android.support.v4.view.ViewPager.determineTargetPage(int, float, int, int) took 106.830ms
04-12 02:21:45.118 1938-1938/? W/dex2oat: Compilation of boolean android.support.v4.view.ViewParentCompatLollipop.onNestedPreFling(android.view.ViewParent, android.view.View, float, float) took 139.929ms
04-12 02:21:45.264 1938-1940/? W/dex2oat: Compilation of boolean android.support.v4.view.ViewPager.isGutterDrag(float, float) took 118.480ms
04-12 02:21:45.455 1938-1938/? W/dex2oat: Compilation of void android.support.v4.view.ViewPropertyAnimatorCompat$BaseViewPropertyAnimatorCompatImpl$Starter.run() took 150.311ms
04-12 02:21:45.505 1938-1940/? W/dex2oat: Compilation of boolean android.support.v4.view.ViewPager.pageScrolled(int) took 163.801ms
04-12 02:21:45.602 1938-1938/? W/dex2oat: Compilation of void android.support.v4.view.ViewPropertyAnimatorCompat$BaseViewPropertyAnimatorCompatImpl.-wrap0(android.support.v4.view.ViewPropertyAnimatorCompat$BaseViewPropertyAnimatorCompatImpl, android.support.v4.view.ViewPropertyAnimatorCompat, android.view.View) took 143.165ms
04-12 02:21:45.751 1938-1940/? W/dex2oat: Compilation of void android.support.v4.view.ViewPager.scrollToItem(int, boolean, int, boolean) took 114.384ms
04-12 02:21:45.895 1938-1940/? W/dex2oat: Compilation of void android.support.v4.view.ViewPager.setScrollState(int) took 140.938ms
04-12 02:21:45.990 1938-1938/? W/dex2oat: Compilation of void android.support.v4.view.ViewPropertyAnimatorCompat$BaseViewPropertyAnimatorCompatImpl.postStartMessage(android.support.v4.view.ViewPropertyAnimatorCompat, android.view.View) took 324.449ms
04-12 02:21:46.075 1938-1940/? W/dex2oat: Compilation of void android.support.v4.view.ViewPager.addView(android.view.View, int, android.view.ViewGroup$LayoutParams) took 133.322ms
04-12 02:21:46.096 1938-1938/? W/dex2oat: Compilation of void android.support.v4.view.ViewPropertyAnimatorCompat$BaseViewPropertyAnimatorCompatImpl.removeStartMessage(android.view.View) took 105.103ms
04-12 02:21:46.347 1938-1938/? W/dex2oat: Compilation of void android.support.v4.view.ViewPropertyAnimatorCompat$BaseViewPropertyAnimatorCompatImpl.withStartAction(android.support.v4.view.ViewPropertyAnimatorCompat, android.view.View, java.lang.Runnable) took 187.563ms
04-12 02:21:46.540 1938-1940/? W/dex2oat: Compilation of boolean android.support.v4.view.ViewPager.arrowScroll(int) took 463.275ms
04-12 02:21:46.806 1938-1938/? W/dex2oat: Compilation of void android.support.v4.view.ViewPropertyAnimatorCompat$ICSViewPropertyAnimatorCompatImpl$MyVpaListener.<init>(android.support.v4.view.ViewPropertyAnimatorCompat) took 334.399ms
04-12 02:21:46.945 1938-1940/? W/dex2oat: Compilation of void android.support.v4.view.ViewPropertyAnimatorCompat$ICSViewPropertyAnimatorCompatImpl.alpha(android.support.v4.view.ViewPropertyAnimatorCompat, android.view.View, float) took 122.810ms
04-12 02:21:47.264 1938-1938/? W/dex2oat: Compilation of android.support.v4.view.ViewPropertyAnimatorCompat android.support.v4.view.ViewPropertyAnimatorCompat.yBy(float) took 149.494ms
04-12 02:21:47.529 1938-1940/? W/dex2oat: Compilation of void android.support.v4.view.accessibility.AccessibilityNodeInfoCompat$AccessibilityNodeInfoIcsImpl.<init>() took 120.619ms
04-12 02:21:47.654 1938-1938/? W/dex2oat: Compilation of int android.support.v4.view.accessibility.AccessibilityEventCompatKitKat.getContentChangeTypes(android.view.accessibility.AccessibilityEvent) took 162.798ms
04-12 02:21:47.797 1938-1938/? W/dex2oat: Compilation of void android.support.v4.view.accessibility.AccessibilityEventCompatKitKat.setContentChangeTypes(android.view.accessibility.AccessibilityEvent, int) took 112.507ms
04-12 02:21:47.936 1938-1940/? W/dex2oat: Compilation of void android.support.v4.view.accessibility.AccessibilityNodeInfoCompat$AccessibilityNodeInfoJellybeanMr1Impl.setLabelFor(java.lang.Object, android.view.View) took 179.282ms
04-12 02:21:48.060 1938-1938/? W/dex2oat: Compilation of java.lang.String android.support.v4.view.accessibility.AccessibilityNodeInfoCompat$AccessibilityNodeInfoJellybeanMr2Impl.getViewIdResourceName(java.lang.Object) took 137.817ms
04-12 02:21:48.205 1938-1940/? W/dex2oat: Compilation of void android.support.v4.view.accessibility.AccessibilityNodeInfoCompat$AccessibilityNodeInfoJellybeanMr1Impl.setLabelFor(java.lang.Object, android.view.View, int) took 265.199ms
04-12 02:21:48.441 1938-1938/? W/dex2oat: Compilation of java.lang.Object android.support.v4.view.accessibility.AccessibilityNodeInfoCompat$AccessibilityNodeInfoKitKatImpl.getCollectionInfo(java.lang.Object) took 164.001ms
04-12 02:21:48.539 1938-1940/? W/dex2oat: Compilation of void android.support.v4.view.accessibility.AccessibilityNodeInfoCompat$AccessibilityNodeInfoApi21Impl.addAction(java.lang.Object, java.lang.Object) took 165.912ms
04-12 02:21:48.683 1938-1938/? W/dex2oat: Compilation of boolean android.support.v4.view.accessibility.AccessibilityNodeInfoCompat$AccessibilityNodeInfoKitKatImpl.isCollectionItemHeading(java.lang.Object) took 161.167ms
04-12 02:21:48.954 1938-1940/? W/dex2oat: Compilation of java.util.List android.support.v4.view.accessibility.AccessibilityNodeInfoCompat$AccessibilityNodeInfoApi21Impl.getActionList(java.lang.Object) took 301.065ms
04-12 02:21:48.985 1938-1938/? W/dex2oat: Compilation of boolean android.support.v4.view.accessibility.AccessibilityNodeInfoCompat$AccessibilityNodeInfoKitKatImpl.isDismissable(java.lang.Object) took 205.547ms
04-12 02:21:49.394 1938-1938/? W/dex2oat: Compilation of android.support.v4.view.accessibility.AccessibilityNodeInfoCompat android.support.v4.view.accessibility.AccessibilityNodeInfoCompat.obtain(android.view.View) took 161.500ms
04-12 02:21:49.724 1938-1940/? W/dex2oat: Compilation of boolean android.support.v4.view.accessibility.AccessibilityNodeInfoCompatIcs.isClickable(java.lang.Object) took 137ms
04-12 02:21:49.767 1938-1938/? W/dex2oat: Compilation of void android.support.v4.view.accessibility.AccessibilityNodeInfoCompat.getBoundsInParent(android.graphics.Rect) took 189.507ms
04-12 02:21:50.214 1938-1940/? W/dex2oat: Compilation of void android.support.v4.view.accessibility.AccessibilityNodeInfoCompatJellyBean.addChild(java.lang.Object, android.view.View, int) took 365.475ms
04-12 02:21:50.276 1938-1938/? W/dex2oat: Compilation of void android.support.v4.view.accessibility.AccessibilityNodeInfoCompatJellybeanMr1.<init>() took 352.873ms
04-12 02:21:50.678 1938-1940/? W/dex2oat: Compilation of boolean android.support.v4.view.accessibility.AccessibilityRecordCompat$AccessibilityRecordIcsImpl.isPassword(java.lang.Object) took 103.211ms
04-12 02:21:50.710 1938-1938/? W/dex2oat: Compilation of java.lang.Object android.support.v4.view.accessibility.AccessibilityNodeInfoCompatJellybeanMr1.getLabelFor(java.lang.Object) took 376.786ms
04-12 02:21:50.887 1938-1938/? W/dex2oat: Compilation of java.lang.Object android.support.v4.view.accessibility.AccessibilityNodeInfoCompatJellybeanMr1.getLabeledBy(java.lang.Object) took 139.390ms
04-12 02:21:50.961 1938-1940/? W/dex2oat: Compilation of void android.support.v4.view.accessibility.AccessibilityRecordCompat$AccessibilityRecordIcsImpl.setAddedCount(java.lang.Object, int) took 277.194ms
04-12 02:21:51.181 1938-1938/? W/dex2oat: Compilation of void android.support.v4.view.accessibility.AccessibilityNodeInfoCompatJellybeanMr1.setLabelFor(java.lang.Object, android.view.View, int) took 242.302ms
04-12 02:21:51.355 1938-1938/? W/dex2oat: Compilation of int android.support.v4.view.accessibility.AccessibilityRecordCompatIcs.getToIndex(java.lang.Object) took 164.657ms
04-12 02:21:51.392 1938-1940/? W/dex2oat: Compilation of android.support.v4.view.accessibility.AccessibilityRecordCompat android.support.v4.view.accessibility.AccessibilityRecordCompat.obtain(android.support.v4.view.accessibility.AccessibilityRecordCompat) took 104.946ms
04-12 02:21:51.706 1938-1938/? W/dex2oat: Compilation of void android.support.v4.view.accessibility.AccessibilityRecordCompatIcs.setToIndex(java.lang.Object, int) took 337.659ms
04-12 02:21:51.776 1938-1940/? W/dex2oat: Compilation of boolean android.support.v4.view.accessibility.AccessibilityWindowInfoCompat$AccessibilityWindowInfoStubImpl.isAccessibilityFocused(java.lang.Object) took 312.007ms
04-12 02:21:51.977 1938-1940/? W/dex2oat: Compilation of android.support.v4.view.accessibility.AccessibilityWindowInfoCompat android.support.v4.view.accessibility.AccessibilityWindowInfoCompat.obtain() took 135.552ms
04-12 02:21:52.107 1938-1938/? W/dex2oat: Compilation of java.lang.Object android.support.v4.view.accessibility.AccessibilityWindowInfoCompat$AccessibilityWindowInfoApi21Impl.obtain() took 117.910ms
04-12 02:21:52.265 1938-1938/? W/dex2oat: Compilation of java.lang.Object android.support.v4.view.accessibility.AccessibilityWindowInfoCompat$AccessibilityWindowInfoApi21Impl.obtain(java.lang.Object) took 132.749ms
04-12 02:21:52.400 1938-1938/? W/dex2oat: Compilation of void android.support.v4.view.accessibility.AccessibilityWindowInfoCompat$AccessibilityWindowInfoApi21Impl.recycle(java.lang.Object) took 133.680ms
04-12 02:21:52.429 1938-1940/? W/dex2oat: Compilation of android.support.v4.view.accessibility.AccessibilityWindowInfoCompat android.support.v4.view.accessibility.AccessibilityWindowInfoCompat.wrapNonNullInstance(java.lang.Object) took 368.922ms
04-12 02:21:52.516 1938-1938/? W/dex2oat: Compilation of void android.support.v4.view.accessibility.AccessibilityWindowInfoCompatApi21.getBoundsInScreen(java.lang.Object, android.graphics.Rect) took 112.917ms
04-12 02:21:52.778 1938-1940/? W/dex2oat: Compilation of boolean android.support.v4.view.accessibility.AccessibilityWindowInfoCompat.equals(java.lang.Object) took 347.481ms
04-12 02:21:52.957 1938-1940/? W/dex2oat: Compilation of void android.support.v4.view.accessibility.AccessibilityWindowInfoCompat.getBoundsInScreen(android.graphics.Rect) took 177.449ms
04-12 02:21:53.199 1938-1940/? W/dex2oat: Compilation of int android.support.v4.view.accessibility.AccessibilityWindowInfoCompat.getChildCount() took 185.522ms
04-12 02:21:53.241 1938-1938/? W/dex2oat: Compilation of java.lang.Object android.support.v4.view.accessibility.AccessibilityWindowInfoCompatApi21.getChild(java.lang.Object, int) took 720.957ms
04-12 02:21:53.439 1938-1940/? W/dex2oat: Compilation of android.support.v4.view.accessibility.AccessibilityWindowInfoCompat android.support.v4.view.accessibility.AccessibilityWindowInfoCompat.getParent() took 233.397ms
04-12 02:21:53.543 1938-1938/? W/dex2oat: Compilation of void android.support.v4.view.animation.PathInterpolatorCompatApi21.<init>() took 130.141ms
04-12 02:21:53.678 1938-1940/? W/dex2oat: Compilation of android.support.v4.view.accessibility.AccessibilityNodeInfoCompat android.support.v4.view.accessibility.AccessibilityWindowInfoCompat.getRoot() took 189.075ms
04-12 02:21:53.699 1938-1938/? W/dex2oat: Compilation of android.view.animation.Interpolator android.support.v4.view.animation.PathInterpolatorCompatApi21.create(float, float) took 154.673ms
04-12 02:21:53.944 1938-1940/? W/dex2oat: Compilation of boolean android.support.v4.view.accessibility.AccessibilityWindowInfoCompat.isActive() took 161.921ms
04-12 02:21:54.051 1938-1940/? W/dex2oat: Compilation of java.lang.String android.support.v4.view.accessibility.AccessibilityWindowInfoCompat.toString() took 100.671ms
04-12 02:21:54.237 1938-1938/? W/dex2oat: Compilation of android.view.animation.Interpolator android.support.v4.view.animation.PathInterpolatorCompatApi21.create(float, float, float, float) took 459.872ms
04-12 02:21:54.359 1938-1938/? W/dex2oat: Compilation of android.view.animation.Interpolator android.support.v4.view.animation.PathInterpolatorCompatApi21.create(android.graphics.Path) took 119.771ms
04-12 02:21:54.517 1938-1938/? W/dex2oat: Compilation of void android.support.v4.view.animation.PathInterpolatorDonut.<init>(float, float) took 156.498ms
04-12 02:21:54.754 1938-1940/? W/dex2oat: Compilation of android.view.animation.Interpolator android.support.v4.view.animation.PathInterpolatorCompatBase.create(float, float) took 537.605ms
04-12 02:21:54.778 1938-1938/? W/dex2oat: Compilation of boolean android.support.v4.widget.AutoScrollHelper.onTouch(android.view.View, android.view.MotionEvent) took 138.236ms
04-12 02:21:54.880 1938-1940/? W/dex2oat: Compilation of android.view.animation.Interpolator android.support.v4.view.animation.PathInterpolatorCompatBase.create(float, float, float, float) took 123.940ms
04-12 02:21:54.890 1938-1938/? W/dex2oat: Compilation of android.support.v4.widget.AutoScrollHelper android.support.v4.widget.AutoScrollHelper.setActivationDelay(int) took 109.923ms
04-12 02:21:55.103 1938-1940/? W/dex2oat: Compilation of void android.support.v4.widget.CircleImageView$OvalShadow.<init>(android.support.v4.widget.CircleImageView, int, int) took 161.526ms
04-12 02:21:55.190 1938-1938/? W/dex2oat: Compilation of android.support.v4.widget.AutoScrollHelper android.support.v4.widget.AutoScrollHelper.setRampUpDuration(int) took 127.266ms
04-12 02:21:55.469 1938-1940/? W/dex2oat: Compilation of void android.support.v4.widget.CircleImageView.<init>(android.content.Context, int, float) took 355.130ms
04-12 02:21:55.570 1938-1938/? W/dex2oat: Compilation of int android.support.v4.widget.CursorAdapter.getCount() took 117.202ms
04-12 02:21:55.627 1938-1940/? W/dex2oat: Compilation of boolean android.support.v4.widget.CircleImageView.elevationSupported() took 155.328ms
04-12 02:21:55.748 1938-1940/? W/dex2oat: Compilation of void android.support.v4.widget.CircleImageView.onMeasure(int, int) took 116.870ms
04-12 02:21:55.952 1938-1940/? W/dex2oat: Compilation of void android.support.v4.widget.CircleImageView.setBackgroundColor(int) took 194.976ms
04-12 02:21:55.996 1938-1938/? W/dex2oat: Compilation of android.widget.Filter android.support.v4.widget.CursorAdapter.getFilter() took 267.566ms
04-12 02:21:56.151 1938-1940/? W/dex2oat: Compilation of void android.support.v4.widget.CircleImageView.setBackgroundColorRes(int) took 197.207ms
04-12 02:21:56.338 1938-1938/? W/dex2oat: Compilation of void android.support.v4.widget.DrawerLayout$AccessibilityDelegate.onInitializeAccessibilityNodeInfo(android.view.View, android.support.v4.view.accessibility.AccessibilityNodeInfoCompat) took 229.097ms
04-12 02:21:56.757 1938-1938/? W/dex2oat: Compilation of void android.support.v4.widget.DrawerLayout$ViewDragCallback.peekDrawer() took 105.192ms
04-12 02:21:57.009 1938-1940/? W/dex2oat: Compilation of void android.support.v4.widget.DrawerLayout.<init>(android.content.Context, android.util.AttributeSet, int) took 218.776ms
04-12 02:21:57.198 1938-1938/? W/dex2oat: Compilation of void android.support.v4.widget.DrawerLayout$ViewDragCallback.onViewReleased(android.view.View, float, float) took 132.525ms
04-12 02:21:57.265 1938-1940/? W/dex2oat: Compilation of boolean android.support.v4.widget.DrawerLayout.hasOpaqueBackground(android.view.View) took 251.504ms
04-12 02:21:57.361 1938-1938/? W/dex2oat: Compilation of void android.support.v4.widget.DrawerLayout$ViewDragCallback.removeCallbacks() took 161.111ms
04-12 02:21:57.420 1938-1940/? W/dex2oat: Compilation of boolean android.support.v4.widget.DrawerLayout.hasPeekingDrawer() took 145.101ms
04-12 02:21:57.657 1938-1938/? W/dex2oat: Compilation of void android.support.v4.widget.DrawerLayout$ViewDragCallback.setDragger(android.support.v4.widget.ViewDragHelper) took 294.639ms
04-12 02:21:57.807 1938-1938/? W/dex2oat: Compilation of boolean android.support.v4.widget.DrawerLayout$ViewDragCallback.tryCaptureView(android.view.View, int) took 147.305ms
04-12 02:21:57.810 1938-1940/? W/dex2oat: Compilation of boolean android.support.v4.widget.DrawerLayout.checkDrawerViewAbsoluteGravity(android.view.View, int) took 356.923ms
04-12 02:21:58.229 1938-1940/? W/dex2oat: Compilation of void android.support.v4.widget.DrawerLayout.closeDrawer(int) took 328.636ms
04-12 02:21:58.364 1938-1940/? W/dex2oat: Compilation of void android.support.v4.widget.DrawerLayout.closeDrawer(android.view.View) took 127.032ms
04-12 02:21:58.455 1938-1938/? W/dex2oat: Compilation of void android.support.v4.widget.DrawerLayoutCompatApi21.applyMarginInsets(android.view.ViewGroup$MarginLayoutParams, java.lang.Object, int) took 262.743ms
04-12 02:21:58.681 1938-1938/? W/dex2oat: Compilation of void android.support.v4.widget.DrawerLayoutCompatApi21.dispatchChildInsets(android.view.View, java.lang.Object, int) took 133.159ms
04-12 02:21:58.988 1938-1938/? W/dex2oat: Compilation of int android.support.v4.widget.DrawerLayoutCompatApi21.getTopInset(java.lang.Object) took 200.071ms
04-12 02:21:59.003 1938-1940/? W/dex2oat: Compilation of boolean android.support.v4.widget.DrawerLayout.drawChild(android.graphics.Canvas, android.view.View, long) took 576.486ms
04-12 02:21:59.142 1938-1938/? W/dex2oat: Compilation of void android.support.v4.widget.EdgeEffectCompat$BaseEdgeEffectImpl.<init>() took 119.659ms
04-12 02:21:59.398 1938-1938/? W/dex2oat: Compilation of java.lang.Object android.support.v4.widget.EdgeEffectCompatIcs.newEdgeEffect(android.content.Context) took 160.121ms
04-12 02:21:59.476 1938-1940/? W/dex2oat: Compilation of boolean android.support.v4.widget.DrawerLayout.onKeyDown(int, android.view.KeyEvent) took 406.119ms
04-12 02:21:59.787 1938-1940/? W/dex2oat: Compilation of void android.support.v4.widget.DrawerLayout.onMeasure(int, int) took 196.012ms
04-12 02:21:59.925 1938-1938/? W/dex2oat: Compilation of android.support.v4.view.accessibility.AccessibilityNodeInfoCompat android.support.v4.widget.ExploreByTouchHelper.-wrap0(android.support.v4.widget.ExploreByTouchHelper, int) took 154.648ms
04-12 02:22:00.030 1938-1940/? W/dex2oat: Compilation of void android.support.v4.widget.DrawerLayout.onRestoreInstanceState(android.os.Parcelable) took 240.651ms
04-12 02:22:00.059 1938-1938/? W/dex2oat: Compilation of void android.support.v4.widget.ExploreByTouchHelper.<init>(android.view.View) took 116.466ms
04-12 02:22:00.260 1938-1938/? W/dex2oat: Compilation of boolean android.support.v4.widget.ExploreByTouchHelper.clearAccessibilityFocus(int) took 120.043ms
04-12 02:22:00.306 1938-1940/? W/dex2oat: Compilation of void android.support.v4.widget.DrawerLayout.onRtlPropertiesChanged(int) took 224.651ms
04-12 02:22:00.499 1938-1938/? W/dex2oat: Compilation of android.view.accessibility.AccessibilityEvent android.support.v4.widget.ExploreByTouchHelper.createEvent(int, int) took 129.681ms
04-12 02:22:00.519 1938-1940/? W/dex2oat: Compilation of android.os.Parcelable android.support.v4.widget.DrawerLayout.onSaveInstanceState() took 142.585ms
04-12 02:22:00.655 1938-1938/? W/dex2oat: Compilation of android.support.v4.view.accessibility.AccessibilityNodeInfoCompat android.support.v4.widget.ExploreByTouchHelper.createNode(int) took 119.307ms
04-12 02:22:00.905 1938-1938/? W/dex2oat: Compilation of android.support.v4.view.accessibility.AccessibilityNodeInfoCompat android.support.v4.widget.ExploreByTouchHelper.createNodeForChild(int) took 248.193ms
04-12 02:22:01.067 1938-1940/? W/dex2oat: Compilation of boolean android.support.v4.widget.DrawerLayout.onTouchEvent(android.view.MotionEvent) took 545.450ms
04-12 02:22:01.295 1938-1938/? W/dex2oat: Compilation of android.support.v4.view.accessibility.AccessibilityNodeInfoCompat android.support.v4.widget.ExploreByTouchHelper.createNodeForHost() took 384.505ms
04-12 02:22:01.465 1938-1938/? W/dex2oat: Compilation of boolean android.support.v4.widget.ExploreByTouchHelper.manageFocusForChild(int, int, android.os.Bundle) took 163.921ms
04-12 02:22:01.598 1938-1938/? W/dex2oat: Compilation of boolean android.support.v4.widget.ExploreByTouchHelper.performAction(int, int, android.os.Bundle) took 131.138ms
04-12 02:22:01.671 1938-1940/? W/dex2oat: Compilation of void android.support.v4.widget.DrawerLayout.requestLayout() took 403.775ms
04-12 02:22:01.916 1938-1938/? W/dex2oat: Compilation of boolean android.support.v4.widget.ExploreByTouchHelper.dispatchHoverEvent(android.view.MotionEvent) took 248.438ms
04-12 02:22:02.128 1938-1938/? W/dex2oat: Compilation of android.support.v4.view.accessibility.AccessibilityNodeProviderCompat android.support.v4.widget.ExploreByTouchHelper.getAccessibilityNodeProvider(android.view.View) took 209.838ms
04-12 02:22:02.163 1938-1940/? W/dex2oat: Compilation of void android.support.v4.widget.MaterialProgressDrawable.setupAnimators() took 127.117ms
04-12 02:22:02.429 1938-1940/? W/dex2oat: Compilation of void android.support.v4.widget.MaterialProgressDrawable.start() took 106.821ms
04-12 02:22:02.659 1938-1938/? W/dex2oat: Compilation of void android.support.v4.widget.ExploreByTouchHelper.invalidateRoot() took 449.136ms
04-12 02:22:02.754 1938-1940/? W/dex2oat: Compilation of void android.support.v4.widget.NestedScrollView.ensureGlows() took 201.585ms
04-12 02:22:02.950 1938-1940/? W/dex2oat: Compilation of int android.support.v4.widget.NestedScrollView.getScrollRange() took 158.953ms
04-12 02:22:02.971 1938-1938/? W/dex2oat: Compilation of void android.support.v4.widget.ExploreByTouchHelper.onPopulateNodeForHost(android.support.v4.view.accessibility.AccessibilityNodeInfoCompat) took 133.216ms
04-12 02:22:03.183 1938-1938/? W/dex2oat: Compilation of boolean android.support.v4.widget.ExploreByTouchHelper.sendEventForVirtualView(int, int) took 210.297ms
04-12 02:22:03.315 1938-1940/? W/dex2oat: Compilation of float android.support.v4.widget.NestedScrollView.getVerticalScrollFactorCompat() took 363.043ms
04-12 02:22:03.351 1938-1938/? W/dex2oat: Compilation of void android.support.v4.widget.PopupMenuCompat$BasePopupMenuImpl.<init>() took 166.428ms
04-12 02:22:03.469 1938-1938/? W/dex2oat: Compilation of android.view.View$OnTouchListener android.support.v4.widget.PopupMenuCompat$BasePopupMenuImpl.getDragToOpenListener(java.lang.Object) took 116.732ms
04-12 02:22:03.775 1938-1938/? W/dex2oat: Compilation of android.view.View$OnTouchListener android.support.v4.widget.PopupMenuCompat$KitKatPopupMenuImpl.getDragToOpenListener(java.lang.Object) took 277.094ms
04-12 02:22:03.845 1938-1940/? W/dex2oat: Compilation of void android.support.v4.widget.NestedScrollView.scrollToChild(android.view.View) took 113.801ms
04-12 02:22:04.038 1938-1938/? W/dex2oat: Compilation of void android.support.v4.widget.PopupMenuCompat.<init>() took 259.584ms
04-12 02:22:04.139 1938-1940/? W/dex2oat: Compilation of void android.support.v4.widget.NestedScrollView.fling(int) took 115.113ms
04-12 02:22:04.286 1938-1938/? W/dex2oat: Compilation of void android.support.v4.widget.PopupMenuCompatKitKat.<init>() took 168.672ms
04-12 02:22:04.537 1938-1940/? W/dex2oat: Compilation of void android.support.v4.widget.PopupWindowCompat$BasePopupWindowImpl.setOverlapAnchor(android.widget.PopupWindow, boolean) took 137.245ms
04-12 02:22:04.836 1938-1940/? W/dex2oat: Compilation of void android.support.v4.widget.PopupWindowCompatGingerbread.<init>() took 135.613ms
04-12 02:22:04.849 1938-1938/? W/dex2oat: Compilation of void android.support.v4.widget.PopupWindowCompatKitKat.<init>() took 107.073ms
04-12 02:22:04.968 1938-1940/? W/dex2oat: Compilation of int android.support.v4.widget.PopupWindowCompatGingerbread.getWindowLayoutType(android.widget.PopupWindow) took 129.553ms
04-12 02:22:05.059 1938-1938/? W/dex2oat: Compilation of void android.support.v4.widget.ResourceCursorAdapter.<init>(android.content.Context, int, android.database.Cursor, int) took 102.166ms
04-12 02:22:05.361 1938-1940/? W/dex2oat: Compilation of void android.support.v4.widget.PopupWindowCompatGingerbread.setWindowLayoutType(android.widget.PopupWindow, int) took 391.277ms
04-12 02:22:05.405 1938-1938/? W/dex2oat: Compilation of void android.support.v4.widget.ResourceCursorAdapter.<init>(android.content.Context, int, android.database.Cursor, boolean) took 260.987ms
04-12 02:22:05.488 1938-1940/? W/dex2oat: Compilation of void android.support.v4.widget.ScrollerCompat$ScrollerCompatImplBase.<init>() took 124.699ms
04-12 02:22:05.610 1938-1938/? W/dex2oat: Compilation of android.view.View android.support.v4.widget.ResourceCursorAdapter.newView(android.content.Context, android.database.Cursor, android.view.ViewGroup) took 144.012ms
04-12 02:22:05.859 1938-1938/? W/dex2oat: Compilation of void android.support.v4.widget.ResourceCursorAdapter.setDropDownViewResource(int) took 240.817ms
04-12 02:22:05.994 1938-1940/? W/dex2oat: Compilation of java.lang.Object android.support.v4.widget.ScrollerCompatGingerbread.createScroller(android.content.Context, android.view.animation.Interpolator) took 149.430ms
04-12 02:22:06.110 1938-1940/? W/dex2oat: Compilation of int android.support.v4.widget.ScrollerCompatGingerbread.getCurrX(java.lang.Object) took 107.932ms
04-12 02:22:06.133 1938-1938/? W/dex2oat: Compilation of float android.support.v4.widget.ScrollerCompatIcs.getCurrVelocity(java.lang.Object) took 200.523ms
04-12 02:22:06.609 1938-1940/? W/dex2oat: Compilation of void android.support.v4.widget.SearchViewCompat$SearchViewCompatHoneycombImpl.setQueryRefinementEnabled(android.view.View, boolean) took 197.962ms
04-12 02:22:06.751 1938-1940/? W/dex2oat: Compilation of void android.support.v4.widget.SearchViewCompat$SearchViewCompatHoneycombImpl.setSearchableInfo(android.view.View, android.content.ComponentName) took 139.734ms
04-12 02:22:06.759 1938-1938/? W/dex2oat: Compilation of void android.support.v4.widget.SearchViewCompat.setOnCloseListener(android.view.View, android.support.v4.widget.SearchViewCompat$OnCloseListenerCompat) took 118.137ms
04-12 02:22:06.861 1938-1940/? W/dex2oat: Compilation of void android.support.v4.widget.SearchViewCompat$SearchViewCompatHoneycombImpl.setSubmitButtonEnabled(android.view.View, boolean) took 108.572ms
04-12 02:22:07.228 1938-1938/? W/dex2oat: Compilation of void android.support.v4.widget.SlidingPaneLayout$AccessibilityDelegate.copyNodeInfoNoChildren(android.support.v4.view.accessibility.AccessibilityNodeInfoCompat, android.support.v4.view.accessibility.AccessibilityNodeInfoCompat) took 137.145ms
04-12 02:22:07.355 1938-1940/? W/dex2oat: Compilation of void android.support.v4.widget.SimpleCursorAdapter.<init>(android.content.Context, int, android.database.Cursor, java.lang.String[], int[], int) took 279.136ms
04-12 02:22:07.514 1938-1940/? W/dex2oat: Compilation of void android.support.v4.widget.SimpleCursorAdapter.findColumns(java.lang.String[]) took 156.233ms
04-12 02:22:07.662 1938-1940/? W/dex2oat: Compilation of void android.support.v4.widget.SimpleCursorAdapter.bindView(android.view.View, android.content.Context, android.database.Cursor) took 146.692ms
04-12 02:22:07.700 1938-1938/? W/dex2oat: Compilation of void android.support.v4.widget.SlidingPaneLayout$DragHelperCallback.onViewPositionChanged(android.view.View, int, int, int, int) took 299.449ms
04-12 02:22:07.779 1938-1940/? W/dex2oat: Compilation of void android.support.v4.widget.SimpleCursorAdapter.changeCursorAndColumns(android.database.Cursor, java.lang.String[], int[]) took 110.863ms
04-12 02:22:08.123 1938-1938/? W/dex2oat: Compilation of boolean android.support.v4.widget.SlidingPaneLayout$DragHelperCallback.tryCaptureView(android.view.View, int) took 386.974ms
04-12 02:22:08.289 1938-1938/? W/dex2oat: Compilation of void android.support.v4.widget.SlidingPaneLayout$SavedState$1.<init>() took 163.684ms
04-12 02:22:08.404 1938-1940/? W/dex2oat: Compilation of void android.support.v4.widget.SlidingPaneLayout$LayoutParams.<init>(android.view.ViewGroup$MarginLayoutParams) took 174.363ms
04-12 02:22:08.620 1938-1940/? W/dex2oat: Compilation of void android.support.v4.widget.SlidingPaneLayout$SavedState.<init>(android.os.Parcel) took 212.103ms
04-12 02:22:08.821 1938-1940/? W/dex2oat: Compilation of void android.support.v4.widget.SlidingPaneLayout$SavedState.<init>(android.os.Parcel, android.support.v4.widget.SlidingPaneLayout$SavedState) took 199.479ms
04-12 02:22:08.825 1938-1938/? W/dex2oat: Compilation of android.support.v4.widget.SlidingPaneLayout$SavedState android.support.v4.widget.SlidingPaneLayout$SavedState$1.createFromParcel(android.os.Parcel) took 532.367ms
04-12 02:22:08.944 1938-1938/? W/dex2oat: Compilation of java.lang.Object android.support.v4.widget.SlidingPaneLayout$SavedState$1.createFromParcel(android.os.Parcel) took 117.284ms
04-12 02:22:09.071 1938-1940/? W/dex2oat: Compilation of void android.support.v4.widget.SlidingPaneLayout$SavedState.writeToParcel(android.os.Parcel, int) took 185.416ms
04-12 02:22:09.460 1938-1938/? W/dex2oat: Compilation of android.support.v4.widget.SlidingPaneLayout$SavedState[] android.support.v4.widget.SlidingPaneLayout$SavedState$1.newArray(int) took 181.111ms
04-12 02:22:09.595 1938-1938/? W/dex2oat: Compilation of void android.support.v4.widget.SlidingPaneLayout$SlidingPanelLayoutImplBase.invalidateChildRegion(android.support.v4.widget.SlidingPaneLayout, android.view.View) took 126.325ms
04-12 02:22:09.823 1938-1938/? W/dex2oat: Compilation of void android.support.v4.widget.SlidingPaneLayout$SlidingPanelLayoutImplJBMR1.invalidateChildRegion(android.support.v4.widget.SlidingPaneLayout, android.view.View) took 215.505ms
04-12 02:22:09.836 1938-1940/? W/dex2oat: Compilation of void android.support.v4.widget.SlidingPaneLayout$SlidingPanelLayoutImplJB.<init>() took 319.142ms
04-12 02:22:09.967 1938-1938/? W/dex2oat: Compilation of boolean android.support.v4.widget.SlidingPaneLayout.-wrap0(android.support.v4.widget.SlidingPaneLayout) took 135.517ms
04-12 02:22:10.056 1938-1940/? W/dex2oat: Compilation of void android.support.v4.widget.Space.<init>(android.content.Context) took 195.887ms
04-12 02:22:10.309 1938-1938/? W/dex2oat: Compilation of void android.support.v4.widget.SlidingPaneLayout.-wrap2(android.support.v4.widget.SlidingPaneLayout, int) took 339.931ms
04-12 02:22:10.619 1938-1940/? W/dex2oat: Compilation of void android.support.v4.widget.Space.onMeasure(int, int) took 523.331ms
04-12 02:22:10.725 1938-1940/? W/dex2oat: Compilation of void android.support.v4.widget.SwipeProgressBar.<init>(android.view.View) took 104.348ms
04-12 02:22:10.856 1938-1940/? W/dex2oat: Compilation of void android.support.v4.widget.SwipeProgressBar.draw(android.graphics.Canvas) took 125.922ms
04-12 02:22:11.234 1938-1940/? W/dex2oat: Compilation of void android.support.v4.widget.SwipeRefreshLayout$2.applyTransformation(float, android.view.animation.Transformation) took 154.868ms
04-12 02:22:11.408 1938-1940/? W/dex2oat: Compilation of void android.support.v4.widget.SwipeRefreshLayout$3.<init>(android.support.v4.widget.SwipeRefreshLayout) took 171.581ms
04-12 02:22:11.578 1938-1938/? W/dex2oat: Compilation of void android.support.v4.widget.SlidingPaneLayout.<init>(android.content.Context, android.util.AttributeSet) took 1.164s
04-12 02:22:11.589 1938-1940/? W/dex2oat: Compilation of void android.support.v4.widget.SwipeRefreshLayout$3.applyTransformation(float, android.view.animation.Transformation) took 178.811ms
04-12 02:22:11.744 1938-1938/? W/dex2oat: Compilation of void android.support.v4.widget.SlidingPaneLayout.<init>(android.content.Context, android.util.AttributeSet, int) took 163.830ms
04-12 02:22:11.849 1938-1940/? W/dex2oat: Compilation of void android.support.v4.widget.SwipeRefreshLayout$4.<init>(android.support.v4.widget.SwipeRefreshLayout) took 257.840ms
04-12 02:22:11.960 1938-1938/? W/dex2oat: Compilation of void android.support.v4.widget.SlidingPaneLayout.dimChildView(android.view.View, float, int) took 175.732ms
04-12 02:22:12.089 1938-1940/? W/dex2oat: Compilation of void android.support.v4.widget.SwipeRefreshLayout$4.applyTransformation(float, android.view.animation.Transformation) took 238.154ms
04-12 02:22:12.169 1938-1938/? W/dex2oat: Compilation of void android.support.v4.widget.SlidingPaneLayout.invalidateChildRegion(android.view.View) took 198.915ms
04-12 02:22:12.274 1938-1940/? W/dex2oat: Compilation of void android.support.v4.widget.SwipeRefreshLayout$5.<init>(android.support.v4.widget.SwipeRefreshLayout) took 183.227ms
04-12 02:22:12.533 1938-1938/? W/dex2oat: Compilation of void android.support.v4.widget.SlidingPaneLayout.onPanelDragged(int) took 272.261ms
04-12 02:22:12.624 1938-1940/? W/dex2oat: Compilation of void android.support.v4.widget.SwipeRefreshLayout$6.<init>(android.support.v4.widget.SwipeRefreshLayout) took 332.780ms
04-12 02:22:12.797 1938-1940/? W/dex2oat: Compilation of void android.support.v4.widget.SwipeRefreshLayout$6.applyTransformation(float, android.view.animation.Transformation) took 100.273ms
04-12 02:22:12.897 1938-1938/? W/dex2oat: Compilation of android.view.ViewGroup$LayoutParams android.support.v4.widget.SlidingPaneLayout.generateLayoutParams(android.util.AttributeSet) took 160.888ms
04-12 02:22:13.390 1938-1940/? W/dex2oat: Compilation of void android.support.v4.widget.SwipeRefreshLayout$7.<init>(android.support.v4.widget.SwipeRefreshLayout, int, int) took 591.481ms
04-12 02:22:13.500 1938-1940/? W/dex2oat: Compilation of void android.support.v4.widget.SwipeRefreshLayout$7.applyTransformation(float, android.view.animation.Transformation) took 107.554ms
04-12 02:22:13.645 1938-1940/? W/dex2oat: Compilation of void android.support.v4.widget.SwipeRefreshLayout$9.<init>(android.support.v4.widget.SwipeRefreshLayout) took 142.827ms
04-12 02:22:13.815 1938-1940/? W/dex2oat: Compilation of void android.support.v4.widget.SwipeRefreshLayout$9.applyTransformation(float, android.view.animation.Transformation) took 167.857ms
04-12 02:22:13.934 1938-1940/? W/dex2oat: Compilation of void android.support.v4.widget.TextViewCompat.setCompoundDrawablesRelativeWithIntrinsicBounds(android.widget.TextView, android.graphics.drawable.Drawable, android.graphics.drawable.Drawable, android.graphics.drawable.Drawable, android.graphics.drawable.Drawable) took 110.540ms
04-12 02:22:14.120 1938-1940/? W/dex2oat: Compilation of void android.support.v4.widget.TextViewCompatJbMr1.setCompoundDrawablesRelativeWithIntrinsicBounds(android.widget.TextView, int, int, int, int) took 102.835ms
04-12 02:22:14.411 1938-1940/? W/dex2oat: Compilation of void android.support.v4.widget.ViewDragHelper$1.<init>() took 186.767ms
04-12 02:22:14.738 1938-1938/? W/dex2oat: Compilation of void android.support.v4.widget.SwipeRefreshLayout.<init>(android.content.Context, android.util.AttributeSet) took 1.031s
04-12 02:22:14.838 1938-1940/? W/dex2oat: Compilation of void android.support.v4.widget.ViewDragHelper.<init>(android.content.Context, android.view.ViewGroup, android.support.v4.widget.ViewDragHelper$Callback) took 191.620ms
04-12 02:22:14.916 1938-1938/? W/dex2oat: Compilation of void android.support.v4.widget.SwipeRefreshLayout.animateOffsetToCorrectPosition(int, android.view.animation.Animation$AnimationListener) took 177.108ms
04-12 02:22:15.034 1938-1940/? W/dex2oat: Compilation of boolean android.support.v4.widget.ViewDragHelper.checkNewEdgeDrag(float, float, int, int) took 194.715ms
04-12 02:22:15.096 1938-1938/? W/dex2oat: Compilation of void android.support.v4.widget.SwipeRefreshLayout.animateOffsetToStartPosition(int, android.view.animation.Animation$AnimationListener) took 178.442ms
04-12 02:22:15.540 1938-1938/? W/dex2oat: Compilation of void android.support.v4.widget.SwipeRefreshLayout.createProgressView() took 442.295ms
04-12 02:22:15.608 1938-1940/? W/dex2oat: Compilation of boolean android.support.v4.widget.ViewDragHelper.shouldInterceptTouchEvent(android.view.MotionEvent) took 118.057ms
04-12 02:22:15.932 1938-1940/? W/dex2oat: Compilation of void com.example.android.apis.ApiDemos.onCreate(android.os.Bundle) took 143.788ms
04-12 02:22:16.109 1938-1938/? W/dex2oat: Compilation of void android.support.v4.widget.SwipeRefreshLayout.finishSpinner(float) took 461.371ms
04-12 02:22:16.130 1938-1940/? W/dex2oat: Compilation of void com.example.android.apis.Shakespeare.<init>() took 114.539ms
04-12 02:22:16.409 1938-1940/? W/dex2oat: Compilation of void com.example.android.apis.accessibility.ClockBackService.onAccessibilityEvent(android.view.accessibility.AccessibilityEvent) took 216.981ms
04-12 02:22:16.571 1938-1940/? W/dex2oat: Compilation of void com.example.android.apis.accessibility.ClockBackService.onInterrupt() took 142.503ms
04-12 02:22:16.803 1938-1940/? W/dex2oat: Compilation of void com.example.android.apis.accessibility.ClockBackService.onServiceConnected() took 161.184ms
04-12 02:22:16.886 1938-1938/? W/dex2oat: Compilation of void android.support.v4.widget.SwipeRefreshLayout.moveSpinner(float) took 530.703ms
04-12 02:22:17.059 1938-1938/? W/dex2oat: Compilation of void android.support.v4.widget.SwipeRefreshLayout.moveToStart(float) took 171.337ms
04-12 02:22:17.098 1938-1940/? W/dex2oat: Compilation of void com.example.android.apis.accessibility.CustomViewAccessibilityActivity$BaseToggleButton.onDraw(android.graphics.Canvas) took 241.971ms
04-12 02:22:17.394 1938-1938/? W/dex2oat: Compilation of void android.support.v4.widget.SwipeRefreshLayout.setAnimationProgress(float) took 152.553ms
04-12 02:22:17.634 1938-1940/? W/dex2oat: Compilation of void com.example.android.apis.accessibility.TaskBackService.onAccessibilityEvent(android.view.accessibility.AccessibilityEvent) took 152.220ms
04-12 02:22:17.808 1938-1938/? W/dex2oat: Compilation of void android.support.v4.widget.SwipeRefreshLayout.setRefreshing(boolean, boolean) took 409.100ms
04-12 02:22:17.909 1938-1940/? W/dex2oat: Compilation of void com.example.android.apis.accessibility.TaskBackService.onServiceConnected() took 267.135ms
04-12 02:22:18.005 1938-1938/? W/dex2oat: Compilation of void android.support.v4.widget.SwipeRefreshLayout.setTargetOffsetTopAndBottom(int, boolean) took 195.120ms
04-12 02:22:18.095 1938-1940/? W/dex2oat: Compilation of void com.example.android.apis.accessibility.TaskListActivity$1.onClick(android.view.View) took 147.766ms
04-12 02:22:18.189 1938-1938/? W/dex2oat: Compilation of android.view.animation.Animation android.support.v4.widget.SwipeRefreshLayout.startAlphaAnimation(int, int) took 181.937ms
04-12 02:22:18.269 1938-1940/? W/dex2oat: Compilation of void com.example.android.apis.accessibility.TaskListActivity.<init>() took 171.307ms
04-12 02:22:18.384 1938-1940/? W/dex2oat: Compilation of void com.example.android.apis.accessibility.TaskListActivity.onCreate(android.os.Bundle) took 113.412ms
04-12 02:22:18.672 1938-1938/? W/dex2oat: Compilation of void android.support.v4.widget.SwipeRefreshLayout.startProgressAlphaStartAnimation() took 435.515ms
04-12 02:22:18.887 1938-1938/? W/dex2oat: Compilation of int android.support.v4.widget.SwipeRefreshLayout.getProgressCircleDiameter() took 166.496ms
04-12 02:22:19.184 1938-1940/? W/dex2oat: Compilation of int com.example.android.apis.animation.ActivityTransitionDetails.randomColor() took 472.738ms
04-12 02:22:19.230 1938-1938/? W/dex2oat: Compilation of com.example.android.apis.animation.ShapeHolder com.example.android.apis.animation.AnimationCloning$MyAnimationView.addBall(float, float) took 117.763ms
04-12 02:22:19.338 1938-1940/? W/dex2oat: Compilation of void com.example.android.apis.animation.ActivityTransitionDetails.clicked(android.view.View) took 121.604ms
04-12 02:22:19.510 1938-1938/? W/dex2oat: Compilation of void com.example.android.apis.animation.AnimationCloning$MyAnimationView.createAnimation() took 271.996ms
04-12 02:22:19.662 1938-1938/? W/dex2oat: Compilation of void com.example.android.apis.animation.AnimationCloning$MyAnimationView.onDraw(android.graphics.Canvas) took 103.375ms
04-12 02:22:19.812 1938-1940/? W/dex2oat: Compilation of void com.example.android.apis.animation.ActivityTransitionDetails.onCreate(android.os.Bundle) took 462.010ms
04-12 02:22:20.157 1938-1938/? W/dex2oat: Compilation of void com.example.android.apis.animation.AnimationCloning.<init>() took 334.364ms
04-12 02:22:20.400 1938-1938/? W/dex2oat: Compilation of void com.example.android.apis.animation.AnimationCloning.onCreate(android.os.Bundle) took 189.307ms
04-12 02:22:20.509 1938-1938/? W/dex2oat: Compilation of void com.example.android.apis.animation.BouncingBalls.<init>() took 106.280ms
04-12 02:22:20.623 1938-1940/? W/dex2oat: Compilation of boolean com.example.android.apis.animation.BouncingBalls$MyAnimationView.onTouchEvent(android.view.MotionEvent) took 371.867ms
04-12 02:22:20.891 1938-1938/? W/dex2oat: Compilation of void com.example.android.apis.animation.BouncingBalls.onCreate(android.os.Bundle) took 381.480ms
04-12 02:22:20.998 1938-1938/? W/dex2oat: Compilation of void com.example.android.apis.animation.CustomEvaluator$XYEvaluator.<init>(com.example.android.apis.animation.CustomEvaluator) took 104.676ms
04-12 02:22:21.144 1938-1938/? W/dex2oat: Compilation of void com.example.android.apis.animation.CustomEvaluator$XYHolder.<init>(com.example.android.apis.animation.CustomEvaluator, float, float) took 107.948ms
04-12 02:22:21.361 1938-1940/? W/dex2oat: Compilation of void com.example.android.apis.animation.CustomEvaluator$MyAnimationView.startAnimation() took 399.562ms
04-12 02:22:21.486 1938-1938/? W/dex2oat: Compilation of void com.example.android.apis.animation.CustomEvaluator.<init>() took 103.654ms
04-12 02:22:21.616 1938-1940/? W/dex2oat: Compilation of void com.example.android.apis.animation.FixedGridLayout.<init>(android.content.Context) took 181.379ms
04-12 02:22:21.730 1938-1940/? W/dex2oat: Compilation of void com.example.android.apis.animation.FixedGridLayout.onLayout(boolean, int, int, int, int) took 112.934ms
04-12 02:22:21.808 1938-1938/? W/dex2oat: Compilation of void com.example.android.apis.animation.CustomEvaluator.onCreate(android.os.Bundle) took 320.336ms
04-12 02:22:21.876 1938-1940/? W/dex2oat: Compilation of void com.example.android.apis.animation.FixedGridLayout.onMeasure(int, int) took 144.525ms
04-12 02:22:21.938 1938-1938/? W/dex2oat: Compilation of void com.example.android.apis.animation.LayoutAnimations$10.onAnimationEnd(android.animation.Animator) took 115.593ms
04-12 02:22:22.163 1938-1940/? W/dex2oat: Compilation of void com.example.android.apis.animation.FixedGridLayout.setCellWidth(int) took 150.112ms
