04-12 02:17:17.106 1919-1922/? W/dex2oat: Verification of void com.android.gesture.builder.GestureBuilderActivity.onPrepareDialog(int, android.app.Dialog) took 7.926s
04-12 02:17:17.595 1919-1919/? W/dex2oat: Compilation of void com.android.gesture.builder.CreateGestureActivity$1.<init>(com.android.gesture.builder.CreateGestureActivity, android.gesture.GestureOverlayView) took 382.183ms
04-12 02:17:18.115 1919-1922/? W/dex2oat: Compilation of void com.android.gesture.builder.CreateGestureActivity$GesturesProcessor.<init>(com.android.gesture.builder.CreateGestureActivity) took 863.927ms
04-12 02:17:18.499 1919-1922/? W/dex2oat: Compilation of void com.android.gesture.builder.CreateGestureActivity$GesturesProcessor.<init>(com.android.gesture.builder.CreateGestureActivity, com.android.gesture.builder.CreateGestureActivity$GesturesProcessor) took 332.645ms
04-12 02:17:18.809 1919-1919/? W/dex2oat: Compilation of void com.android.gesture.builder.CreateGestureActivity$1.run() took 1.212s
04-12 02:17:19.063 1919-1919/? W/dex2oat: Compilation of int com.android.gesture.builder.GestureBuilderActivity$1.compare(com.android.gesture.builder.GestureBuilderActivity$NamedGesture, com.android.gesture.builder.GestureBuilderActivity$NamedGesture) took 159.395ms
04-12 02:17:19.458 1919-1919/? W/dex2oat: Compilation of int com.android.gesture.builder.GestureBuilderActivity$1.compare(java.lang.Object, java.lang.Object) took 283.145ms
04-12 02:17:19.655 1919-1922/? W/dex2oat: Compilation of void com.android.gesture.builder.CreateGestureActivity.addGesture(android.view.View) took 885.128ms
04-12 02:17:19.789 1919-1919/? W/dex2oat: Compilation of void com.android.gesture.builder.GestureBuilderActivity$GesturesAdapter.<init>(com.android.gesture.builder.GestureBuilderActivity, android.content.Context) took 232.913ms
04-12 02:17:19.850 1919-1922/? W/dex2oat: Compilation of void com.android.gesture.builder.CreateGestureActivity.onCreate(android.os.Bundle) took 169.096ms
04-12 02:17:20.177 1919-1922/? W/dex2oat: Compilation of void com.android.gesture.builder.GestureBuilderActivity$GesturesLoadTask.<init>(com.android.gesture.builder.GestureBuilderActivity) took 323.103ms
04-12 02:17:20.389 1919-1919/? W/dex2oat: Compilation of void com.android.gesture.builder.GestureBuilderActivity.<init>() took 470.317ms
04-12 02:17:20.766 1919-1922/? W/dex2oat: Compilation of void com.android.gesture.builder.GestureBuilderActivity$GesturesLoadTask.<init>(com.android.gesture.builder.GestureBuilderActivity, com.android.gesture.builder.GestureBuilderActivity$GesturesLoadTask) took 569.052ms
04-12 02:17:21.123 1919-1919/? W/dex2oat: Compilation of void com.android.gesture.builder.GestureBuilderActivity.changeGestureName() took 723.271ms
04-12 02:17:21.304 1919-1919/? W/dex2oat: Compilation of void com.android.gesture.builder.GestureBuilderActivity.checkForEmpty() took 179.423ms
04-12 02:17:21.436 1919-1922/? W/dex2oat: Compilation of java.lang.Integer com.android.gesture.builder.GestureBuilderActivity$GesturesLoadTask.doInBackground(java.lang.Void[]) took 653.291ms
04-12 02:17:21.724 1919-1919/? W/dex2oat: Compilation of void com.android.gesture.builder.GestureBuilderActivity.loadGestures() took 140.875ms
04-12 02:17:22.312 1919-1919/? W/dex2oat: Compilation of void com.android.gesture.builder.GestureBuilderActivity.onCreate(android.os.Bundle) took 459.381ms
04-12 02:17:22.432 1919-1919/? I/dex2oat: dex2oat took 17.000s (threads: 2) arena alloc=290KB java alloc=113KB native alloc=1378KB free=1181KB
04-12 02:17:22.897 1795-1795/system_process I/PackageManager.DexOptimizer: Running dexopt (dex2oat) on: /data/app/SoftKeyboard/SoftKeyboard.apk pkg=com.example.android.softkeyboard isa=x86 vmSafeMode=false debuggable=false oatDir = /data/app/SoftKeyboard/oat
04-12 02:17:24.022 1923-1923/? W/dex2oat: Unexpected CPU variant for X86 using defaults: x86
04-12 02:17:24.038 1923-1923/? W/dex2oat: Mismatch between dex2oat instruction set features (ISA: X86 Feature string: smp,-ssse3,-sse4.1,-sse4.2,-avx,-avx2) and those of dex2oat executable (ISA: X86 Feature string: smp,ssse3,-sse4.1,-sse4.2,-avx,-avx2) for the command line:
04-12 02:17:24.038 1923-1923/? W/dex2oat: /system/bin/dex2oat --zip-fd=6 --zip-location=SoftKeyboard.apk --oat-fd=7 --oat-location=/data/app/SoftKeyboard/oat/x86/SoftKeyboard.odex --instruction-set=x86 --instruction-set-variant=x86 --instruction-set-features=default --runtime-arg -Xms64m --runtime-arg -Xmx512m --swap-fd=8
04-12 02:17:24.049 1923-1923/? I/dex2oat: Starting dex2oat.
04-12 02:17:24.050 1923-1923/? E/cutils-trace: Error opening trace file: Permission denied (13)
04-12 02:17:24.787 1923-1925/? W/dex2oat: Verification of boolean com.android.inputmethodcommon.InputMethodSettingsImpl$1.onPreferenceClick(android.preference.Preference) took 138.688ms
04-12 02:17:24.798 1923-1923/? W/dex2oat: Verification of void com.android.inputmethodcommon.InputMethodSettingsFragment.onCreate(android.os.Bundle) took 168.057ms
04-12 02:17:25.010 1923-1925/? W/dex2oat: Verification of java.lang.String com.android.inputmethodcommon.InputMethodSettingsImpl.getEnabledSubtypesLabel(android.content.Context, android.view.inputmethod.InputMethodManager, android.view.inputmethod.InputMethodInfo) took 220.473ms
04-12 02:17:25.237 1923-1923/? W/dex2oat: Verification of void com.example.android.softkeyboard.CandidateView.<init>(android.content.Context) took 343.710ms
04-12 02:17:25.410 1923-1923/? W/dex2oat: Verification of void com.example.android.softkeyboard.CandidateView.onDraw(android.graphics.Canvas) took 168.110ms
04-12 02:17:25.460 1923-1925/? W/dex2oat: Verification of void com.example.android.softkeyboard.SoftKeyboard.keyDownUp(int) took 106.311ms
04-12 02:17:26.340 1923-1925/? W/dex2oat: Compilation of boolean com.android.inputmethodcommon.InputMethodSettingsImpl$1.onPreferenceClick(android.preference.Preference) took 389.542ms
04-12 02:17:26.646 1923-1925/? W/dex2oat: Compilation of java.lang.CharSequence com.android.inputmethodcommon.InputMethodSettingsImpl.-wrap0(com.android.inputmethodcommon.InputMethodSettingsImpl, android.content.Context) took 125.773ms
04-12 02:17:26.845 1923-1923/? W/dex2oat: Compilation of void com.android.inputmethodcommon.InputMethodSettingsFragment.<init>() took 907.799ms
04-12 02:17:26.926 1923-1925/? W/dex2oat: Compilation of android.view.inputmethod.InputMethodInfo com.android.inputmethodcommon.InputMethodSettingsImpl.getMyImi(android.content.Context, android.view.inputmethod.InputMethodManager) took 211.587ms
04-12 02:17:27.033 1923-1923/? W/dex2oat: Compilation of void com.android.inputmethodcommon.InputMethodSettingsFragment.onCreate(android.os.Bundle) took 170.333ms
04-12 02:17:27.169 1923-1923/? W/dex2oat: Compilation of void com.android.inputmethodcommon.InputMethodSettingsFragment.onResume() took 132.534ms
04-12 02:17:27.231 1923-1925/? W/dex2oat: Compilation of void com.example.android.softkeyboard.CandidateView.<init>(android.content.Context) took 179.633ms
04-12 02:17:27.417 1923-1923/? W/dex2oat: Compilation of void com.example.android.softkeyboard.ImePreferences$Settings.onCreate(android.os.Bundle) took 134.305ms
04-12 02:17:27.439 1923-1925/? W/dex2oat: Compilation of void com.example.android.softkeyboard.CandidateView.onDraw(android.graphics.Canvas) took 204.908ms
04-12 02:17:27.656 1923-1923/? W/dex2oat: Compilation of void com.example.android.softkeyboard.ImePreferences.<init>() took 174.876ms
04-12 02:17:27.811 1923-1925/? W/dex2oat: Compilation of boolean com.example.android.softkeyboard.CandidateView.onTouchEvent(android.view.MotionEvent) took 277.289ms
04-12 02:17:27.939 1923-1923/? W/dex2oat: Compilation of android.content.Intent com.example.android.softkeyboard.ImePreferences.getIntent() took 272.833ms
04-12 02:17:28.046 1923-1923/? W/dex2oat: Compilation of boolean com.example.android.softkeyboard.ImePreferences.isValidFragment(java.lang.String) took 103.506ms
04-12 02:17:28.064 1923-1925/? W/dex2oat: Compilation of void com.example.android.softkeyboard.LatinKeyboard.<init>(android.content.Context, int) took 205.498ms
04-12 02:17:28.184 1923-1925/? W/dex2oat: Compilation of android.inputmethodservice.Keyboard$Key com.example.android.softkeyboard.LatinKeyboard.createKeyFromXml(android.content.res.Resources, android.inputmethodservice.Keyboard$Row, int, int, android.content.res.XmlResourceParser) took 118.467ms
04-12 02:17:28.315 1923-1923/? W/dex2oat: Compilation of void com.example.android.softkeyboard.SoftKeyboard.<init>() took 201.275ms
04-12 02:17:28.548 1923-1925/? W/dex2oat: Compilation of void com.example.android.softkeyboard.LatinKeyboard.setImeOptions(android.content.res.Resources, int) took 361.858ms
04-12 02:17:28.676 1923-1923/? I/dex2oat: dex2oat took 4.646s (threads: 2) arena alloc=521KB java alloc=144KB native alloc=1561KB free=998KB
04-12 02:17:28.950 1795-1795/system_process I/PackageManager.DexOptimizer: Running dexopt (dex2oat) on: /data/app/SmokeTest/SmokeTest.apk pkg=com.android.smoketest.tests isa=x86 vmSafeMode=false debuggable=false oatDir = /data/app/SmokeTest/oat
04-12 02:17:29.743 1926-1926/? W/dex2oat: Unexpected CPU variant for X86 using defaults: x86
04-12 02:17:29.744 1926-1926/? W/dex2oat: Mismatch between dex2oat instruction set features (ISA: X86 Feature string: smp,-ssse3,-sse4.1,-sse4.2,-avx,-avx2) and those of dex2oat executable (ISA: X86 Feature string: smp,ssse3,-sse4.1,-sse4.2,-avx,-avx2) for the command line:
04-12 02:17:29.744 1926-1926/? W/dex2oat: /system/bin/dex2oat --zip-fd=6 --zip-location=SmokeTest.apk --oat-fd=7 --oat-location=/data/app/SmokeTest/oat/x86/SmokeTest.odex --instruction-set=x86 --instruction-set-variant=x86 --instruction-set-features=default --runtime-arg -Xms64m --runtime-arg -Xmx512m --swap-fd=8
04-12 02:17:29.750 1926-1926/? I/dex2oat: Starting dex2oat.
04-12 02:17:29.755 1926-1926/? E/cutils-trace: Error opening trace file: Permission denied (13)
04-12 02:17:30.818 1926-1926/? W/dex2oat: Compilation of boolean com.android.smoketest.ProcessErrorsTest$ProcessError.strEquals(java.lang.String, java.lang.String) took 110.517ms
04-12 02:17:31.026 1926-1928/? W/dex2oat: Compilation of void com.android.smoketest.ProcessErrorsTest.testSetUpConditions() took 152.396ms
04-12 02:17:31.257 1926-1926/? I/dex2oat: dex2oat took 1.525s (threads: 2) arena alloc=60KB java alloc=57KB native alloc=1201KB free=1102KB
04-12 02:17:31.559 1795-1795/system_process I/PackageManager.DexOptimizer: Running dexopt (dex2oat) on: /data/app/SmokeTestApp/SmokeTestApp.apk pkg=com.android.smoketest isa=x86 vmSafeMode=false debuggable=false oatDir = /data/app/SmokeTestApp/oat
04-12 02:17:32.140 1929-1929/? W/dex2oat: Unexpected CPU variant for X86 using defaults: x86
04-12 02:17:32.153 1929-1929/? W/dex2oat: Mismatch between dex2oat instruction set features (ISA: X86 Feature string: smp,-ssse3,-sse4.1,-sse4.2,-avx,-avx2) and those of dex2oat executable (ISA: X86 Feature string: smp,ssse3,-sse4.1,-sse4.2,-avx,-avx2) for the command line:
04-12 02:17:32.153 1929-1929/? W/dex2oat: /system/bin/dex2oat --zip-fd=6 --zip-location=SmokeTestApp.apk --oat-fd=7 --oat-location=/data/app/SmokeTestApp/oat/x86/SmokeTestApp.odex --instruction-set=x86 --instruction-set-variant=x86 --instruction-set-features=default --runtime-arg -Xms64m --runtime-arg -Xmx512m --swap-fd=8
04-12 02:17:32.155 1929-1929/? I/dex2oat: Starting dex2oat.
04-12 02:17:32.156 1929-1929/? E/cutils-trace: Error opening trace file: Permission denied (13)
04-12 02:17:33.505 1929-1929/? W/dex2oat: Compilation of void com.android.smoketest.SmokeTestActivity.<init>() took 710.842ms
04-12 02:17:34.304 1929-1929/? I/dex2oat: dex2oat took 2.165s (threads: 2) arena alloc=35KB java alloc=37KB native alloc=955KB free=836KB
04-12 02:17:34.915 1795-1795/system_process I/PackageManager.DexOptimizer: Running dexopt (dex2oat) on: /data/app/WidgetPreview/WidgetPreview.apk pkg=com.android.widgetpreview isa=x86 vmSafeMode=false debuggable=false oatDir = /data/app/WidgetPreview/oat
04-12 02:17:36.181 1932-1932/? W/dex2oat: Unexpected CPU variant for X86 using defaults: x86
04-12 02:17:36.198 1932-1932/? W/dex2oat: Mismatch between dex2oat instruction set features (ISA: X86 Feature string: smp,-ssse3,-sse4.1,-sse4.2,-avx,-avx2) and those of dex2oat executable (ISA: X86 Feature string: smp,ssse3,-sse4.1,-sse4.2,-avx,-avx2) for the command line:
04-12 02:17:36.198 1932-1932/? W/dex2oat: /system/bin/dex2oat --zip-fd=6 --zip-location=WidgetPreview.apk --oat-fd=7 --oat-location=/data/app/WidgetPreview/oat/x86/WidgetPreview.odex --instruction-set=x86 --instruction-set-variant=x86 --instruction-set-features=default --runtime-arg -Xms64m --runtime-arg -Xmx512m --swap-fd=8
04-12 02:17:36.201 1932-1932/? I/dex2oat: Starting dex2oat.
04-12 02:17:36.208 1932-1932/? E/cutils-trace: Error opening trace file: Permission denied (13)
04-12 02:17:37.068 1932-1932/? W/dex2oat: Verification of void com.android.widgetpreview.WidgetPreviewActivity.<init>() took 215.363ms
04-12 02:17:37.430 1932-1932/? W/dex2oat: Verification of void com.android.widgetpreview.WidgetPreviewActivity.onActivityResult(int, int, android.content.Intent) took 121.942ms
04-12 02:17:37.757 1932-1932/? W/dex2oat: Compilation of java.io.File com.android.widgetpreview.WidgetPreviewActivity.buildFile(java.lang.String) took 167.489ms
04-12 02:17:38.000 1932-1932/? W/dex2oat: Compilation of boolean com.android.widgetpreview.WidgetPreviewActivity.saveImage(android.graphics.Bitmap, java.lang.String) took 190.702ms
04-12 02:17:38.166 1932-1932/? W/dex2oat: Compilation of void com.android.widgetpreview.WidgetPreviewActivity.setAppWidget(int) took 143.073ms
04-12 02:17:38.303 1932-1932/? W/dex2oat: Compilation of void com.android.widgetpreview.WidgetPreviewActivity.startChooseActivity() took 135.534ms
04-12 02:17:38.491 1932-1932/? W/dex2oat: Compilation of int[] com.android.widgetpreview.WidgetPreviewActivity.getLauncherCellDimensions(int, int) took 125.058ms
04-12 02:17:38.801 1932-1932/? W/dex2oat: Compilation of void com.android.widgetpreview.WidgetPreviewActivity.onClick(android.view.View) took 155.787ms
04-12 02:17:39.313 1932-1932/? W/dex2oat: Compilation of void com.android.widgetpreview.WidgetPreviewActivity.onCreate(android.os.Bundle) took 487.681ms
04-12 02:17:39.545 1932-1932/? W/dex2oat: Compilation of java.lang.Object com.android.widgetpreview.WidgetPreviewActivity.onRetainNonConfigurationInstance() took 214.765ms
04-12 02:17:40.122 1932-1932/? I/dex2oat: dex2oat took 3.942s (threads: 2) arena alloc=142KB java alloc=56KB native alloc=1080KB free=711KB
04-12 02:17:40.729 1795-1795/system_process I/PackageManager.DexOptimizer: Running dexopt (dex2oat) on: /data/app/CubeLiveWallpapers/CubeLiveWallpapers.apk pkg=com.example.android.livecubes isa=x86 vmSafeMode=false debuggable=false oatDir = /data/app/CubeLiveWallpapers/oat
04-12 02:17:41.676 1935-1935/? W/dex2oat: Unexpected CPU variant for X86 using defaults: x86
04-12 02:17:41.677 1935-1935/? W/dex2oat: Mismatch between dex2oat instruction set features (ISA: X86 Feature string: smp,-ssse3,-sse4.1,-sse4.2,-avx,-avx2) and those of dex2oat executable (ISA: X86 Feature string: smp,ssse3,-sse4.1,-sse4.2,-avx,-avx2) for the command line:
04-12 02:17:41.677 1935-1935/? W/dex2oat: /system/bin/dex2oat --zip-fd=6 --zip-location=CubeLiveWallpapers.apk --oat-fd=7 --oat-location=/data/app/CubeLiveWallpapers/oat/x86/CubeLiveWallpapers.odex --instruction-set=x86 --instruction-set-variant=x86 --instruction-set-features=default --runtime-arg -Xms64m --runtime-arg -Xmx512m --swap-fd=8
04-12 02:17:41.679 1935-1935/? I/dex2oat: Starting dex2oat.
04-12 02:17:41.680 1935-1935/? E/cutils-trace: Error opening trace file: Permission denied (13)
04-12 02:17:42.809 1935-1935/? W/dex2oat: Compilation of void com.example.android.livecubes.cube1.CubeWallpaper1$CubeEngine$1.<init>(com.example.android.livecubes.cube1.CubeWallpaper1$CubeEngine) took 104.833ms
04-12 02:17:43.039 1935-1935/? W/dex2oat: Compilation of void com.example.android.livecubes.cube1.CubeWallpaper1$CubeEngine$1.run() took 221.643ms
04-12 02:17:43.235 1935-1937/? W/dex2oat: Compilation of void com.example.android.livecubes.cube1.CubeWallpaper1$CubeEngine.<init>(com.example.android.livecubes.cube1.CubeWallpaper1) took 512.999ms
04-12 02:17:43.630 1935-1937/? W/dex2oat: Compilation of void com.example.android.livecubes.cube2.CubeWallpaper2$CubeEngine.<init>(com.example.android.livecubes.cube2.CubeWallpaper2) took 103.051ms
04-12 02:17:43.778 1935-1937/? W/dex2oat: Compilation of void com.example.android.livecubes.cube2.CubeWallpaper2$CubeEngine.readModel(java.lang.String) took 129.125ms
04-12 02:17:43.966 1935-1935/? W/dex2oat: Compilation of void com.example.android.livecubes.cube1.CubeWallpaper1.<init>() took 785.239ms
04-12 02:17:44.106 1935-1935/? W/dex2oat: Compilation of void com.example.android.livecubes.cube1.CubeWallpaper1.onCreate() took 119.123ms
04-12 02:17:44.626 1935-1935/? I/dex2oat: dex2oat took 2.952s (threads: 2) arena alloc=273KB java alloc=60KB native alloc=1372KB free=1187KB
04-12 02:17:45.242 1795-1795/system_process I/PackageManager.DexOptimizer: Running dexopt (dex2oat) on: /data/app/ApiDemos/ApiDemos.apk pkg=com.example.android.apis isa=x86 vmSafeMode=false debuggable=false oatDir = /data/app/ApiDemos/oat
04-12 02:17:45.952 1938-1938/? W/dex2oat: Unexpected CPU variant for X86 using defaults: x86
04-12 02:17:45.954 1938-1938/? W/dex2oat: Mismatch between dex2oat instruction set features (ISA: X86 Feature string: smp,-ssse3,-sse4.1,-sse4.2,-avx,-avx2) and those of dex2oat executable (ISA: X86 Feature string: smp,ssse3,-sse4.1,-sse4.2,-avx,-avx2) for the command line:
04-12 02:17:45.954 1938-1938/? W/dex2oat: /system/bin/dex2oat --zip-fd=6 --zip-location=ApiDemos.apk --oat-fd=7 --oat-location=/data/app/ApiDemos/oat/x86/ApiDemos.odex --instruction-set=x86 --instruction-set-variant=x86 --instruction-set-features=default --runtime-arg -Xms64m --runtime-arg -Xmx512m --swap-fd=8
04-12 02:17:45.956 1938-1938/? I/dex2oat: Starting dex2oat.
04-12 02:17:45.957 1938-1938/? E/cutils-trace: Error opening trace file: Permission denied (13)
04-12 02:18:03.311 1938-1938/? W/dex2oat: Verification of boolean android.support.v4.accessibilityservice.AccessibilityServiceInfoCompat$AccessibilityServiceInfoStubImpl.getCanRetrieveWindowContent(android.accessibilityservice.AccessibilityServiceInfo) took 376.990ms
04-12 02:18:03.650 1938-1938/? W/dex2oat: Verification of java.lang.String android.support.v4.accessibilityservice.AccessibilityServiceInfoCompat$AccessibilityServiceInfoStubImpl.getDescription(android.accessibilityservice.AccessibilityServiceInfo) took 145.485ms
04-12 02:18:04.017 1938-1940/? W/dex2oat: Verification of java.lang.String android.support.v4.accessibilityservice.AccessibilityServiceInfoCompat.getDescription(android.accessibilityservice.AccessibilityServiceInfo) took 281.360ms
04-12 02:18:05.041 1938-1938/? W/dex2oat: Verification of void android.support.v4.animation.DonutAnimatorCompatProvider$DonutFloatValueAnimator$1.run() took 406.055ms
04-12 02:18:05.653 1938-1940/? W/dex2oat: Verification of void android.support.v4.animation.ValueAnimatorCompat.addListener(android.support.v4.animation.AnimatorListenerCompat) took 1.476s
04-12 02:18:06.156 1938-1940/? W/dex2oat: Verification of void android.support.v4.animation.DonutAnimatorCompatProvider.<init>() took 233.078ms
04-12 02:18:06.335 1938-1938/? W/dex2oat: Verification of java.lang.Runnable android.support.v4.animation.DonutAnimatorCompatProvider$DonutFloatValueAnimator.-get2(android.support.v4.animation.DonutAnimatorCompatProvider$DonutFloatValueAnimator) took 146.465ms
04-12 02:18:06.581 1938-1940/? W/dex2oat: Verification of android.support.v4.animation.ValueAnimatorCompat android.support.v4.animation.DonutAnimatorCompatProvider.emptyValueAnimator() took 422.257ms
04-12 02:18:08.973 1938-1940/? W/dex2oat: Verification of void android.support.v4.animation.HoneycombMr1AnimatorCompatProvider$AnimatorListenerCompatWrapper.onAnimationCancel(android.animation.Animator) took 181.204ms
04-12 02:18:09.264 1938-1938/? W/dex2oat: Verification of void android.support.v4.animation.HoneycombMr1AnimatorCompatProvider$HoneycombValueAnimatorCompat.<init>(android.animation.Animator) took 2.144s
04-12 02:18:09.287 1938-1940/? W/dex2oat: Verification of void android.support.v4.animation.HoneycombMr1AnimatorCompatProvider.clearInterpolator(android.view.View) took 309.160ms
04-12 02:18:09.846 1938-1940/? W/dex2oat: Verification of android.support.v4.animation.ValueAnimatorCompat android.support.v4.animation.HoneycombMr1AnimatorCompatProvider.emptyValueAnimator() took 481.563ms
04-12 02:18:09.981 1938-1940/? W/dex2oat: Verification of void android.support.v4.app.ActionBarDrawerToggle$ActionBarDrawerToggleImplBase.<init>() took 126.666ms
04-12 02:18:09.982 1938-1938/? W/dex2oat: Verification of void android.support.v4.animation.HoneycombMr1AnimatorCompatProvider$HoneycombValueAnimatorCompat.addListener(android.support.v4.animation.AnimatorListenerCompat) took 717.842ms
04-12 02:18:10.186 1938-1940/? W/dex2oat: Verification of void android.support.v4.app.ActionBarDrawerToggle$SlideDrawable.<init>(android.support.v4.app.ActionBarDrawerToggle, android.graphics.drawable.Drawable) took 175.058ms
04-12 02:18:10.511 1938-1940/? W/dex2oat: Verification of void android.support.v4.app.ActionBarDrawerToggle$SlideDrawable.draw(android.graphics.Canvas) took 312.389ms
04-12 02:18:10.744 1938-1940/? W/dex2oat: Verification of float android.support.v4.app.ActionBarDrawerToggle$SlideDrawable.getPosition() took 232.591ms
04-12 02:18:10.780 1938-1938/? W/dex2oat: Verification of void android.support.v4.app.ActionBarDrawerToggleHoneycomb$SetIndicatorInfo.<init>(android.app.Activity) took 243.681ms
04-12 02:18:10.855 1938-1940/? W/dex2oat: Verification of void android.support.v4.app.ActionBarDrawerToggleHoneycomb.<init>() took 102.380ms
04-12 02:18:11.039 1938-1940/? W/dex2oat: Verification of java.lang.Object android.support.v4.app.ActionBarDrawerToggleHoneycomb.setActionBarDescription(java.lang.Object, android.app.Activity, int) took 108.506ms
04-12 02:18:11.406 1938-1940/? W/dex2oat: Verification of java.io.File android.support.v4.content.ContextCompat.createFilesDir(java.io.File) took 112.268ms
04-12 02:18:11.510 1938-1940/? W/dex2oat: Verification of android.content.res.ColorStateList android.support.v4.content.ContextCompat.getColorStateList(android.content.Context, int) took 100.081ms
04-12 02:18:11.836 1938-1940/? W/dex2oat: Verification of android.graphics.drawable.Drawable android.support.v4.content.ContextCompat.getDrawable(android.content.Context, int) took 235.539ms
04-12 02:18:12.087 1938-1940/? W/dex2oat: Verification of java.io.File[] android.support.v4.content.ContextCompat.getExternalCacheDirs(android.content.Context) took 246.880ms
04-12 02:18:12.376 1938-1940/? W/dex2oat: Verification of java.io.File android.support.v4.content.ContextCompat.getCodeCacheDir(android.content.Context) took 283.611ms
04-12 02:18:12.948 1938-1940/? W/dex2oat: Verification of java.io.File android.support.v4.content.ContextCompat.getNoBackupFilesDir(android.content.Context) took 393.887ms
04-12 02:18:13.092 1938-1938/? W/dex2oat: Verification of void android.support.v4.app.ActivityCompat.requestPermissions(android.app.Activity, java.lang.String[], int) took 111.614ms
04-12 02:18:13.359 1938-1938/? W/dex2oat: Verification of void android.support.v4.app.ActivityCompat.startActivity(android.app.Activity, android.content.Intent, android.os.Bundle) took 262.125ms
04-12 02:18:13.513 1938-1938/? W/dex2oat: Verification of void android.support.v4.app.ActivityCompat.startActivityForResult(android.app.Activity, android.content.Intent, int, android.os.Bundle) took 151.850ms
04-12 02:18:13.808 1938-1938/? W/dex2oat: Verification of android.net.Uri android.support.v4.app.ActivityCompat.getReferrer(android.app.Activity) took 292.289ms
04-12 02:18:14.114 1938-1938/? W/dex2oat: Verification of android.support.v4.app.ActivityOptionsCompat android.support.v4.app.ActivityOptionsCompat.makeSceneTransitionAnimation(android.app.Activity, android.support.v4.util.Pair[]) took 110.609ms
04-12 02:18:14.462 1938-1938/? W/dex2oat: Verification of void android.support.v4.app.ActivityOptionsCompat21.<init>(android.app.ActivityOptions) took 294.108ms
04-12 02:18:14.488 1938-1940/? W/dex2oat: Verification of void android.support.v4.app.ActivityCompatApi23.requestPermissions(android.app.Activity, java.lang.String[], int) took 970.028ms
04-12 02:18:14.690 1938-1938/? W/dex2oat: Verification of android.support.v4.app.ActivityOptionsCompat21 android.support.v4.app.ActivityOptionsCompat21.makeSceneTransitionAnimation(android.app.Activity, android.view.View[], java.lang.String[]) took 215.900ms
04-12 02:18:14.856 1938-1938/? W/dex2oat: Verification of android.os.Bundle android.support.v4.app.ActivityOptionsCompat21.toBundle() took 163.645ms
04-12 02:18:15.301 1938-1940/? W/dex2oat: Verification of void android.support.v4.app.BackStackRecord.setFirstOut(android.util.SparseArray, android.support.v4.app.Fragment) took 279.506ms
04-12 02:18:15.581 1938-1940/? W/dex2oat: Verification of void android.support.v4.app.BackStackRecord.setLastIn(android.util.SparseArray, android.support.v4.app.Fragment) took 275.289ms
04-12 02:18:15.707 1938-1940/? W/dex2oat: Verification of int android.support.v4.app.BackStackRecord.commitInternal(boolean) took 105.055ms
04-12 02:18:15.875 1938-1938/? W/dex2oat: Verification of void android.support.v4.app.BackStackState.<init>(android.os.Parcel) took 758.063ms
04-12 02:18:16.020 1938-1940/? W/dex2oat: Verification of android.support.v4.app.FragmentTransaction android.support.v4.app.BackStackRecord.remove(android.support.v4.app.Fragment) took 158.841ms
04-12 02:18:16.188 1938-1938/? W/dex2oat: Verification of boolean android.support.v4.app.Fragment.getAllowEnterTransitionOverlap() took 124.321ms
04-12 02:18:16.641 1938-1940/? W/dex2oat: Verification of android.app.Dialog android.support.v4.app.DialogFragment.onCreateDialog(android.os.Bundle) took 151.721ms
04-12 02:18:16.653 1938-1938/? W/dex2oat: Verification of android.view.LayoutInflater android.support.v4.app.FragmentHostCallback.onGetLayoutInflater() took 117.106ms
04-12 02:18:17.121 1938-1938/? W/dex2oat: Verification of void android.support.v4.app.FragmentActivity.onCreate(android.os.Bundle) took 108.367ms
04-12 02:18:17.425 1938-1940/? W/dex2oat: Verification of void android.support.v4.app.FragmentManagerImpl.makeInactive(android.support.v4.app.Fragment) took 119.505ms
04-12 02:18:18.057 1938-1940/? W/dex2oat: Verification of int android.support.v4.app.FragmentManagerState.describeContents() took 209.739ms
04-12 02:18:18.745 1938-1940/? W/dex2oat: Verification of void android.support.v4.view.PagerAdapter.<init>() took 635.405ms
04-12 02:18:19.899 1938-1938/? W/dex2oat: Verification of boolean android.support.v4.app.FragmentActivity.onCreatePanelMenu(int, android.view.Menu) took 2.773s
04-12 02:18:20.430 1938-1938/? W/dex2oat: Verification of boolean android.support.v4.app.FragmentActivity.onKeyDown(int, android.view.KeyEvent) took 528.107ms
04-12 02:18:20.558 1938-1938/? W/dex2oat: Verification of boolean android.support.v4.app.FragmentActivity.onPreparePanel(int, android.view.View, android.view.Menu) took 117.916ms
04-12 02:18:21.086 1938-1940/? W/dex2oat: Verification of java.lang.Object android.support.v4.view.PagerAdapter.instantiateItem(android.view.View, int) took 2.299s
04-12 02:18:21.233 1938-1938/? W/dex2oat: Verification of void android.support.v4.app.FragmentActivity.onRequestPermissionsResult(int, java.lang.String[], int[]) took 671.586ms
04-12 02:18:21.557 1938-1940/? W/dex2oat: Verification of java.lang.Object android.support.v4.view.PagerAdapter.instantiateItem(android.view.ViewGroup, int) took 462.001ms
04-12 02:18:21.731 1938-1938/? W/dex2oat: Verification of void android.support.v4.app.FragmentActivity.onResume() took 496.349ms
04-12 02:18:21.829 1938-1940/? W/dex2oat: Verification of java.lang.String android.support.v4.app.FragmentPagerAdapter.makeFragmentName(int, long) took 154.719ms
04-12 02:18:21.982 1938-1940/? W/dex2oat: Verification of void android.support.v4.app.FragmentPagerAdapter.destroyItem(android.view.ViewGroup, int, java.lang.Object) took 149.683ms
04-12 02:18:22.130 1938-1938/? W/dex2oat: Verification of void android.support.v4.app.FragmentStatePagerAdapter.restoreState(android.os.Parcelable, java.lang.ClassLoader) took 205.249ms
04-12 02:18:22.515 1938-1938/? W/dex2oat: Verification of android.support.v4.app.FragmentTabHost$SavedState[] android.support.v4.app.FragmentTabHost$SavedState$1.newArray(int) took 329.673ms
04-12 02:18:23.434 1938-1940/? W/dex2oat: Verification of java.lang.Object android.support.v4.app.FragmentPagerAdapter.instantiateItem(android.view.ViewGroup, int) took 1.449s
04-12 02:18:23.936 1938-1940/? W/dex2oat: Verification of void android.support.v4.app.ListFragment.ensureList() took 280.257ms
04-12 02:18:24.556 1938-1938/? W/dex2oat: Verification of void android.support.v4.app.LoaderManagerImpl$LoaderInfo.<init>(android.support.v4.app.LoaderManagerImpl, int, android.os.Bundle, android.support.v4.app.LoaderManager$LoaderCallbacks) took 176.519ms
04-12 02:18:24.628 1938-1940/? W/dex2oat: Verification of void android.support.v4.app.ListFragment.setListShown(boolean, boolean) took 353.590ms
04-12 02:18:25.647 1938-1938/? W/dex2oat: Verification of java.lang.String android.support.v4.app.NavUtils$NavUtilsImplBase.getParentActivityName(android.content.Context, android.content.pm.ActivityInfo) took 681.170ms
04-12 02:18:25.681 1938-1940/? W/dex2oat: Verification of android.view.View android.support.v4.app.ListFragment.onCreateView(android.view.LayoutInflater, android.view.ViewGroup, android.os.Bundle) took 991.478ms
04-12 02:18:25.806 1938-1938/? W/dex2oat: Verification of void android.support.v4.app.NavUtils$NavUtilsImplBase.navigateUpTo(android.app.Activity, android.content.Intent) took 131.223ms
04-12 02:18:25.845 1938-1940/? W/dex2oat: Verification of void android.support.v4.app.ListFragment.onDestroyView() took 148.293ms
04-12 02:18:26.026 1938-1938/? W/dex2oat: Verification of android.content.Intent android.support.v4.app.NavUtils.getParentActivityIntent(android.content.Context, android.content.ComponentName) took 144.799ms
04-12 02:18:26.585 1938-1940/? W/dex2oat: Verification of void android.support.v4.app.NotificationCompat$WearableExtender.<init>(android.app.Notification) took 110.264ms
04-12 02:18:26.834 1938-1938/? W/dex2oat: Verification of void android.support.v4.app.NotificationCompatApi20.addAction(android.app.Notification$Builder, android.support.v4.app.NotificationCompatBase$Action) took 113.283ms
04-12 02:18:26.901 1938-1940/? W/dex2oat: Verification of android.app.RemoteInput android.support.v4.app.NotificationCompatApi21.fromCompatRemoteInput(android.support.v4.app.RemoteInputCompatBase$RemoteInput) took 145.746ms
04-12 02:18:27.059 1938-1938/? W/dex2oat: Verification of android.support.v4.app.NotificationCompatBase$Action android.support.v4.app.NotificationCompatApi20.getAction(android.app.Notification, int, android.support.v4.app.NotificationCompatBase$Action$Factory, android.support.v4.app.RemoteInputCompatBase$RemoteInput$Factory) took 148.123ms
04-12 02:18:27.070 1938-1940/? W/dex2oat: Verification of void android.support.v4.app.NotificationCompatIceCreamSandwich$Builder.<init>(android.content.Context, android.app.Notification, java.lang.CharSequence, java.lang.CharSequence, java.lang.CharSequence, android.widget.RemoteViews, int, android.app.PendingIntent, android.app.PendingIntent, android.graphics.Bitmap, int, int, boolean) took 111.413ms
04-12 02:18:27.490 1938-1940/? W/dex2oat: Verification of void android.support.v4.app.NotificationCompatKitKat$Builder.addAction(android.support.v4.app.NotificationCompatBase$Action) took 236.688ms
04-12 02:18:27.594 1938-1938/? W/dex2oat: Verification of boolean android.support.v4.app.NotificationCompatJellybean.getLocalOnly(android.app.Notification) took 126.741ms
04-12 02:18:27.759 1938-1940/? W/dex2oat: Verification of void android.support.v4.app.NotificationManagerCompat$SideChannelManager.handleQueueTask(android.support.v4.app.NotificationManagerCompat$Task) took 184.636ms
04-12 02:18:27.780 1938-1938/? W/dex2oat: Verification of java.util.Set android.support.v4.app.NotificationManagerCompat.getEnabledListenerPackages(android.content.Context) took 160.785ms
04-12 02:18:27.867 1938-1940/? W/dex2oat: Verification of void android.support.v4.app.NotificationManagerCompat$SideChannelManager.handleRetryListenerQueue(android.content.ComponentName) took 106.239ms
04-12 02:18:27.923 1938-1938/? W/dex2oat: Verification of boolean android.support.v4.app.NotificationManagerCompat.useSideChannelForNotification(android.app.Notification) took 140.259ms
04-12 02:18:28.065 1938-1938/? W/dex2oat: Verification of void android.support.v4.app.NotificationManagerCompatEclair.cancelNotification(android.app.NotificationManager, java.lang.String, int) took 114.634ms
04-12 02:18:28.540 1938-1938/? W/dex2oat: Verification of void android.support.v4.app.RemoteInputCompatJellybean.addResultsToIntent(android.support.v4.app.RemoteInputCompatBase$RemoteInput[], android.content.Intent, android.os.Bundle) took 241.773ms
04-12 02:18:28.744 1938-1940/? W/dex2oat: Verification of void android.support.v4.app.RemoteInput$ImplApi20.addResultsToIntent(android.support.v4.app.RemoteInput[], android.content.Intent, android.os.Bundle) took 420.531ms
04-12 02:18:28.767 1938-1938/? W/dex2oat: Verification of android.support.v4.app.RemoteInputCompatBase$RemoteInput android.support.v4.app.RemoteInputCompatJellybean.fromBundle(android.os.Bundle, android.support.v4.app.RemoteInputCompatBase$RemoteInput$Factory) took 225.299ms
04-12 02:18:28.883 1938-1940/? W/dex2oat: Verification of android.support.v4.app.ShareCompat$IntentBuilder android.support.v4.app.ShareCompat$IntentBuilder.setChooserTitle(int) took 103.631ms
04-12 02:18:29.080 1938-1938/? W/dex2oat: Verification of android.os.Bundle android.support.v4.app.RemoteInputCompatJellybean.toBundle(android.support.v4.app.RemoteInputCompatBase$RemoteInput) took 179.295ms
04-12 02:18:29.169 1938-1940/? W/dex2oat: Verification of android.support.v4.app.ShareCompat$IntentBuilder android.support.v4.app.ShareCompat$IntentBuilder.setStream(android.net.Uri) took 277.748ms
04-12 02:18:29.888 1938-1938/? W/dex2oat: Verification of android.os.Bundle[] android.support.v4.app.RemoteInputCompatJellybean.toBundleArray(android.support.v4.app.RemoteInputCompatBase$RemoteInput[]) took 108.330ms
04-12 02:18:29.917 1938-1940/? W/dex2oat: Verification of android.support.v4.app.ShareCompat$IntentBuilder android.support.v4.app.ShareCompat$IntentBuilder.setType(java.lang.String) took 711.694ms
04-12 02:18:30.169 1938-1938/? W/dex2oat: Verification of android.graphics.drawable.Drawable android.support.v4.app.ShareCompat$IntentReader.getCallingActivityIcon() took 276.743ms
04-12 02:18:30.427 1938-1938/? W/dex2oat: Verification of void android.support.v4.app.TaskStackBuilder$TaskStackBuilderImplJellybean.<init>() took 130.512ms
04-12 02:18:30.812 1938-1940/? W/dex2oat: Verification of android.app.PendingIntent android.support.v4.app.TaskStackBuilder$TaskStackBuilderImplBase.getPendingIntent(android.content.Context, android.content.Intent[], int, int, android.os.Bundle) took 629.554ms
04-12 02:18:30.979 1938-1938/? W/dex2oat: Verification of android.support.v4.app.TaskStackBuilder android.support.v4.app.TaskStackBuilder.addParentStack(android.content.ComponentName) took 230.437ms
04-12 02:18:31.149 1938-1940/? W/dex2oat: Verification of int[] android.support.v4.content.ModernAsyncTask.-getandroid_support_v4_content_ModernAsyncTask$StatusSwitchesValues() took 331.372ms
04-12 02:18:31.214 1938-1938/? W/dex2oat: Verification of android.support.v4.app.TaskStackBuilder android.support.v4.app.TaskStackBuilder.addParentStack(java.lang.Class) took 233.792ms
04-12 02:18:31.539 1938-1938/? W/dex2oat: Verification of void android.support.v4.content.AsyncTaskLoader$LoadTask.onCancelled(java.lang.Object) took 166.077ms
04-12 02:18:31.658 1938-1940/? W/dex2oat: Verification of void android.support.v4.content.CursorLoader.onStopLoading() took 106.740ms
04-12 02:18:31.798 1938-1938/? W/dex2oat: Verification of void android.support.v4.content.AsyncTaskLoader$LoadTask.onPostExecute(java.lang.Object) took 257.286ms
04-12 02:18:31.976 1938-1940/? W/dex2oat: Verification of void android.support.v4.content.FileProvider$SimplePathStrategy.addRoot(java.lang.String, java.io.File) took 219.559ms
04-12 02:18:32.157 1938-1938/? W/dex2oat: Verification of java.io.File android.support.v4.content.FileProvider.buildPath(java.io.File, java.lang.String[]) took 178.774ms
04-12 02:18:32.256 1938-1940/? W/dex2oat: Verification of void android.support.v4.content.LocalBroadcastManager.executePendingBroadcasts() took 168.460ms
04-12 02:18:32.395 1938-1938/? W/dex2oat: Verification of android.support.v4.content.FileProvider$PathStrategy android.support.v4.content.FileProvider.parsePathStrategy(android.content.Context, java.lang.String) took 194.736ms
04-12 02:18:32.562 1938-1940/? W/dex2oat: Verification of boolean android.support.v4.content.LocalBroadcastManager.sendBroadcast(android.content.Intent) took 292.895ms
04-12 02:18:32.724 1938-1938/? W/dex2oat: Verification of java.lang.String android.support.v4.content.FileProvider.getType(android.net.Uri) took 325.717ms
04-12 02:18:32.849 1938-1940/? W/dex2oat: Verification of void android.support.v4.content.SharedPreferencesCompat$EditorCompat$EditorHelperApi9Impl.apply(android.content.SharedPreferences$Editor) took 123.735ms
04-12 02:18:33.775 1938-1940/? W/dex2oat: Verification of void android.support.v4.graphics.drawable.DrawableWrapperLollipop.<init>(android.graphics.drawable.Drawable) took 349.015ms
04-12 02:18:34.048 1938-1938/? W/dex2oat: Verification of void android.support.v4.graphics.drawable.RoundedBitmapDrawable.<init>(android.content.res.Resources, android.graphics.Bitmap) took 921.204ms
04-12 02:18:34.800 1938-1938/? W/dex2oat: Verification of android.support.v4.media.TransportStateListener[] android.support.v4.media.TransportMediator.getListeners() took 132.393ms
04-12 02:18:34.932 1938-1938/? W/dex2oat: Verification of boolean android.support.v4.media.TransportMediator.isMediaKey(int) took 124.423ms
04-12 02:18:35.130 1938-1938/? W/dex2oat: Verification of void android.support.v4.media.TransportMediator.registerStateListener(android.support.v4.media.TransportStateListener) took 191.904ms
04-12 02:18:35.463 1938-1940/? W/dex2oat: Verification of java.lang.Object android.support.v4.media.MediaMetadataCompat.getMediaMetadata() took 409.421ms
04-12 02:18:35.679 1938-1938/? W/dex2oat: Verification of void android.support.v4.media.TransportMediatorJellybeanMR2.gainFocus() took 376.129ms
04-12 02:18:35.807 1938-1938/? W/dex2oat: Verification of void android.support.v4.media.TransportMediatorJellybeanMR2.refreshState(boolean, long, int) took 124.527ms
04-12 02:18:35.849 1938-1940/? W/dex2oat: Verification of void android.support.v4.media.routing.MediaRouterJellybean$CallbackProxy.onRouteAdded(android.media.MediaRouter, android.media.MediaRouter$RouteInfo) took 285.212ms
04-12 02:18:36.199 1938-1940/? W/dex2oat: Verification of void android.support.v4.media.routing.MediaRouterJellybean$CallbackProxy.onRouteChanged(android.media.MediaRouter, android.media.MediaRouter$RouteInfo) took 145.365ms
04-12 02:18:36.431 1938-1940/? W/dex2oat: Verification of void android.support.v4.media.routing.MediaRouterJellybeanMr1$IsConnectingWorkaround.<init>() took 160.625ms
04-12 02:18:36.675 1938-1938/? W/dex2oat: Verification of boolean android.support.v4.media.session.IMediaControllerCallback$Stub.onTransact(int, android.os.Parcel, android.os.Parcel, int) took 263.295ms
04-12 02:18:36.852 1938-1938/? W/dex2oat: Verification of java.util.List android.support.v4.media.session.MediaControllerCompat$MediaControllerImplApi21.getQueue() took 170.564ms
04-12 02:18:36.963 1938-1938/? W/dex2oat: Verification of java.lang.CharSequence android.support.v4.media.session.MediaControllerCompat$MediaControllerImplApi21.getQueueTitle() took 100.891ms
04-12 02:18:37.306 1938-1940/? W/dex2oat: Verification of void android.support.v4.media.session.MediaControllerCompat$TransportControlsApi23.<init>(java.lang.Object) took 102.176ms
04-12 02:18:37.565 1938-1938/? W/dex2oat: Verification of void android.support.v4.media.session.MediaControllerCompatApi21$TransportControls.fastForward(java.lang.Object) took 105.182ms
04-12 02:18:37.790 1938-1938/? W/dex2oat: Verification of void android.support.v4.media.session.MediaControllerCompatApi21$TransportControls.pause(java.lang.Object) took 107.078ms
04-12 02:18:37.813 1938-1940/? W/dex2oat: Verification of java.lang.Object android.support.v4.media.session.MediaControllerCompatApi21.fromToken(android.content.Context, java.lang.Object) took 145.456ms
04-12 02:18:38.069 1938-1938/? W/dex2oat: Verification of void android.support.v4.media.session.MediaControllerCompatApi21$TransportControls.play(java.lang.Object) took 277.497ms
04-12 02:18:38.427 1938-1938/? W/dex2oat: Verification of void android.support.v4.media.session.MediaSessionCompat$MediaSessionImplBase$MediaSessionStub.skipToQueueItem(long) took 146.103ms
04-12 02:18:39.160 1938-1940/? W/dex2oat: Verification of void android.support.v4.media.session.MediaSessionCompatApi21.setPlaybackToLocal(java.lang.Object, int) took 127.150ms
04-12 02:18:39.302 1938-1940/? W/dex2oat: Verification of void android.support.v4.media.session.MediaSessionCompatApi21.setQueue(java.lang.Object, java.util.List) took 106.178ms
04-12 02:18:39.566 1938-1938/? W/dex2oat: Verification of void android.support.v4.media.session.MediaSessionCompatApi8.unregisterMediaButtonEventReceiver(android.content.Context, android.content.ComponentName) took 108.292ms
04-12 02:18:39.768 1938-1940/? W/dex2oat: Verification of java.lang.String android.support.v4.media.session.PlaybackStateCompatApi21$CustomAction.getAction(java.lang.Object) took 157.617ms
04-12 02:18:39.891 1938-1938/? W/dex2oat: Verification of void android.support.v4.media.session.PlaybackStateCompatApi21.<init>() took 321.906ms
04-12 02:18:40.226 1938-1938/? W/dex2oat: Verification of boolean android.support.v4.net.ConnectivityManagerCompat$BaseConnectivityManagerCompatImpl.isActiveNetworkMetered(android.net.ConnectivityManager) took 324.813ms
04-12 02:18:40.308 1938-1940/? W/dex2oat: Verification of java.lang.Object android.support.v4.media.session.PlaybackStateCompatApi22.newInstance(int, long, long, float, long, java.lang.CharSequence, long, java.util.List, long, android.os.Bundle) took 473.834ms
04-12 02:18:40.538 1938-1938/? W/dex2oat: Verification of void android.support.v4.net.ConnectivityManagerCompat$GingerbreadConnectivityManagerCompatImpl.<init>() took 307.816ms
04-12 02:18:40.667 1938-1938/? W/dex2oat: Verification of android.os.AsyncTask android.support.v4.os.AsyncTaskCompat.executeParallel(android.os.AsyncTask, java.lang.Object[]) took 125.251ms
04-12 02:18:40.773 1938-1940/? W/dex2oat: Verification of void android.support.v4.os.CancellationSignal.cancel() took 111.016ms
04-12 02:18:40.994 1938-1940/? W/dex2oat: Verification of void android.support.v4.print.PrintHelperKitkat$1.onLayout(android.print.PrintAttributes, android.print.PrintAttributes, android.os.CancellationSignal, android.print.PrintDocumentAdapter$LayoutResultCallback, android.os.Bundle) took 158.155ms
04-12 02:18:41.020 1938-1938/? W/dex2oat: Verification of void android.support.v4.print.PrintHelperKitkat$2$1.<init>(android.support.v4.print.PrintHelperKitkat$2, android.os.CancellationSignal, android.net.Uri, java.lang.String, android.print.PrintAttributes, android.print.PrintAttributes, android.print.PrintDocumentAdapter$LayoutResultCallback) took 229.626ms
04-12 02:18:41.169 1938-1940/? W/dex2oat: Verification of void android.support.v4.print.PrintHelperKitkat$1.onWrite(android.print.PageRange[], android.os.ParcelFileDescriptor, android.os.CancellationSignal, android.print.PrintDocumentAdapter$WriteResultCallback) took 173.456ms
04-12 02:18:41.204 1938-1938/? W/dex2oat: Verification of android.graphics.Bitmap android.support.v4.print.PrintHelperKitkat$2$1.doInBackground(android.net.Uri[]) took 140.415ms
04-12 02:18:41.381 1938-1940/? W/dex2oat: Verification of android.graphics.Bitmap android.support.v4.print.PrintHelperKitkat.convertBitmapForColorMode(android.graphics.Bitmap, int) took 200.915ms
04-12 02:18:42.165 1938-1938/? W/dex2oat: Verification of android.net.Uri android.support.v4.provider.DocumentsContractApi21.prepareTreeUri(android.net.Uri) took 320.797ms
04-12 02:18:42.415 1938-1938/? W/dex2oat: Verification of java.util.Set android.support.v4.speech.tts.TextToSpeechICSMR1.getFeatures(android.speech.tts.TextToSpeech, java.util.Locale) took 207.092ms
04-12 02:18:42.646 1938-1940/? W/dex2oat: Verification of android.speech.tts.TextToSpeech android.support.v4.speech.tts.TextToSpeechICS.construct(android.content.Context, android.speech.tts.TextToSpeech$OnInitListener, java.lang.String) took 248.947ms
04-12 02:18:43.141 1938-1940/? W/dex2oat: Verification of void android.support.v4.text.BidiFormatter$DirectionalityEstimator.<clinit>() took 147.207ms
04-12 02:18:43.160 1938-1938/? W/dex2oat: Verification of void android.support.v4.text.BidiFormatter$Builder.<init>() took 669.057ms
04-12 02:18:43.496 1938-1938/? W/dex2oat: Verification of void android.support.v4.text.BidiFormatter.<clinit>() took 327.281ms
04-12 02:18:43.723 1938-1940/? W/dex2oat: Verification of void android.support.v4.util.ArrayMap.putAll(java.util.Map) took 138.652ms
04-12 02:18:43.858 1938-1938/? W/dex2oat: Verification of void android.support.v4.view.AccessibilityDelegateCompat$AccessibilityDelegateImpl.sendAccessibilityEvent(java.lang.Object, android.view.View, int) took 164.544ms
04-12 02:18:44.429 1938-1938/? W/dex2oat: Verification of void android.support.v4.view.GestureDetectorCompat$GestureDetectorCompatImplBase.cancel() took 188.870ms
04-12 02:18:44.718 1938-1938/? W/dex2oat: Verification of boolean android.support.v4.view.KeyEventCompatEclair.dispatch(android.view.KeyEvent, android.view.KeyEvent$Callback, java.lang.Object, java.lang.Object) took 151.081ms
04-12 02:18:44.839 1938-1940/? W/dex2oat: Verification of android.support.v4.view.ActionProvider android.support.v4.view.MenuItemCompat.getActionProvider(android.view.MenuItem) took 134.183ms
04-12 02:18:45.134 1938-1940/? W/dex2oat: Verification of android.view.View android.support.v4.view.MenuItemCompat.getActionView(android.view.MenuItem) took 290.184ms
04-12 02:18:45.274 1938-1940/? W/dex2oat: Verification of boolean android.support.v4.view.MenuItemCompat.isActionViewExpanded(android.view.MenuItem) took 128.449ms
04-12 02:18:45.387 1938-1938/? W/dex2oat: Verification of android.view.View android.support.v4.view.MenuItemCompatHoneycomb.getActionView(android.view.MenuItem) took 411.100ms
04-12 02:18:45.468 1938-1940/? W/dex2oat: Verification of void android.support.v4.view.MenuItemCompat.setShowAsAction(android.view.MenuItem, int) took 190.778ms
04-12 02:18:45.683 1938-1938/? W/dex2oat: Verification of boolean android.support.v4.view.NestedScrollingChildHelper.dispatchNestedFling(float, float, boolean) took 104.628ms
04-12 02:18:45.847 1938-1938/? W/dex2oat: Verification of boolean android.support.v4.view.NestedScrollingChildHelper.dispatchNestedPreFling(float, float) took 105.432ms
04-12 02:18:45.954 1938-1940/? W/dex2oat: Verification of void android.support.v4.view.PagerTitleStrip.<init>(android.content.Context, android.util.AttributeSet) took 362.364ms
04-12 02:18:46.347 1938-1938/? W/dex2oat: Verification of void android.support.v4.view.PagerTabStrip.<init>(android.content.Context, android.util.AttributeSet) took 125.538ms
04-12 02:18:46.443 1938-1940/? W/dex2oat: Verification of boolean android.support.v4.view.ViewCompat$BaseViewCompatImpl.canScrollVertically(android.view.View, int) took 178.368ms
04-12 02:18:46.737 1938-1940/? W/dex2oat: Verification of void android.support.v4.view.ViewCompat$BaseViewCompatImpl.dispatchFinishTemporaryDetach(android.view.View) took 262.118ms
04-12 02:18:47.287 1938-1940/? W/dex2oat: Verification of int android.support.v4.view.ViewCompat$BaseViewCompatImpl.getLayerType(android.view.View) took 427.481ms
04-12 02:18:48.365 1938-1940/? W/dex2oat: Verification of int android.support.v4.view.ViewCompat$BaseViewCompatImpl.getLayoutDirection(android.view.View) took 197.447ms
04-12 02:18:48.707 1938-1940/? W/dex2oat: Verification of void android.support.v4.view.ViewCompat$BaseViewCompatImpl.setAccessibilityDelegate(android.view.View, android.support.v4.view.AccessibilityDelegateCompat) took 322.479ms
04-12 02:18:49.116 1938-1940/? W/dex2oat: Verification of void android.support.v4.view.ViewCompat$BaseViewCompatImpl.setPaddingRelative(android.view.View, int, int, int, int) took 394.011ms
04-12 02:18:49.878 1938-1940/? W/dex2oat: Verification of boolean android.support.v4.view.ViewCompat$ICSViewCompatImpl.canScrollHorizontally(android.view.View, int) took 336.359ms
04-12 02:18:51.623 1938-1938/? W/dex2oat: Verification of android.view.ViewParent android.support.v4.view.ViewCompat$JBViewCompatImpl.getParentForAccessibility(android.view.View) took 945.587ms
04-12 02:18:52.169 1938-1938/? W/dex2oat: Verification of void android.support.v4.view.ViewCompat$JbMr2ViewCompatImpl.<init>() took 222.267ms
04-12 02:18:52.857 1938-1938/? W/dex2oat: Verification of android.graphics.Rect android.support.v4.view.ViewCompat$JbMr2ViewCompatImpl.getClipBounds(android.view.View) took 684.961ms
04-12 02:18:53.960 1938-1940/? W/dex2oat: Verification of void android.support.v4.view.ViewCompat$KitKatViewCompatImpl.<init>() took 847.849ms
