04-12 02:20:54.102 1938-1938/? W/dex2oat: Compilation of void android.support.v4.app.NotificationCompatKitKat$Builder.<init>(android.content.Context, android.app.Notification, java.lang.CharSequence, java.lang.CharSequence, java.lang.CharSequence, android.widget.RemoteViews, int, android.app.PendingIntent, android.app.PendingIntent, android.graphics.Bitmap, int, int, boolean, boolean, boolean, int, java.lang.CharSequence, boolean, java.util.ArrayList, android.os.Bundle, java.lang.String, boolean, java.lang.String) took 146.104ms
04-12 02:20:54.226 1938-1938/? W/dex2oat: Compilation of void android.support.v4.app.NotificationCompatKitKat$Builder.addAction(android.support.v4.app.NotificationCompatBase$Action) took 122.773ms
04-12 02:20:54.430 1938-1940/? W/dex2oat: Compilation of android.support.v4.app.NotificationCompatBase$Action[] android.support.v4.app.NotificationCompatJellybean.getActionsFromParcelableArrayList(java.util.ArrayList, android.support.v4.app.NotificationCompatBase$Action$Factory, android.support.v4.app.RemoteInputCompatBase$RemoteInput$Factory) took 272.460ms
04-12 02:20:54.574 1938-1938/? W/dex2oat: Compilation of int android.support.v4.app.NotificationCompatKitKat.getActionCount(android.app.Notification) took 201.775ms
04-12 02:20:55.162 1938-1938/? W/dex2oat: Compilation of void android.support.v4.app.NotificationCompatSideChannelService$NotificationSideChannelStub.cancel(java.lang.String, int, java.lang.String) took 201.413ms
04-12 02:20:55.213 1938-1940/? W/dex2oat: Compilation of void android.support.v4.app.NotificationManagerCompat$SideChannelManager.scheduleListenerRetry(android.support.v4.app.NotificationManagerCompat$SideChannelManager$ListenerRecord) took 153.775ms
04-12 02:20:55.418 1938-1938/? W/dex2oat: Compilation of void android.support.v4.app.NotificationCompatSideChannelService$NotificationSideChannelStub.notify(java.lang.String, int, java.lang.String, android.app.Notification) took 220.141ms
04-12 02:20:55.583 1938-1940/? W/dex2oat: Compilation of void android.support.v4.app.NotificationManagerCompat$SideChannelManager.updateListenerMap() took 367.713ms
04-12 02:20:55.689 1938-1938/? W/dex2oat: Compilation of android.support.v4.app.NotificationManagerCompat android.support.v4.app.NotificationManagerCompat.from(android.content.Context) took 187.003ms
04-12 02:20:55.789 1938-1940/? W/dex2oat: Compilation of boolean android.support.v4.app.NotificationManagerCompat$SideChannelManager.handleMessage(android.os.Message) took 204.070ms
04-12 02:20:55.818 1938-1938/? W/dex2oat: Compilation of java.util.Set android.support.v4.app.NotificationManagerCompat.getEnabledListenerPackages(android.content.Context) took 127.839ms
04-12 02:20:56.020 1938-1938/? W/dex2oat: Compilation of boolean android.support.v4.app.NotificationManagerCompat.useSideChannelForNotification(android.app.Notification) took 197.860ms
04-12 02:20:56.390 1938-1938/? W/dex2oat: Compilation of void android.support.v4.app.RemoteInput$Builder.<init>(java.lang.String) took 234.345ms
04-12 02:20:56.523 1938-1940/? W/dex2oat: Compilation of android.support.v4.app.ShareCompat$IntentBuilder android.support.v4.app.ShareCompat$IntentBuilder.from(android.app.Activity) took 214.032ms
04-12 02:20:56.691 1938-1938/? W/dex2oat: Compilation of android.support.v4.app.RemoteInput$Builder android.support.v4.app.RemoteInput$Builder.addExtras(android.os.Bundle) took 159.787ms
04-12 02:20:56.887 1938-1940/? W/dex2oat: Compilation of android.support.v4.app.ShareCompat$IntentBuilder android.support.v4.app.ShareCompat$IntentBuilder.addStream(android.net.Uri) took 355.727ms
04-12 02:20:57.108 1938-1940/? W/dex2oat: Compilation of android.content.Intent android.support.v4.app.ShareCompat$IntentBuilder.createChooserIntent() took 219.044ms
04-12 02:20:57.121 1938-1938/? W/dex2oat: Compilation of android.graphics.drawable.Drawable android.support.v4.app.ShareCompat$IntentReader.getCallingActivityIcon() took 299.967ms
04-12 02:20:57.357 1938-1940/? W/dex2oat: Compilation of android.content.Intent android.support.v4.app.ShareCompat$IntentBuilder.getIntent() took 170.559ms
04-12 02:20:57.556 1938-1940/? W/dex2oat: Compilation of android.support.v4.app.ShareCompat$IntentBuilder android.support.v4.app.ShareCompat$IntentBuilder.setStream(android.net.Uri) took 105.703ms
04-12 02:20:57.732 1938-1940/? W/dex2oat: Compilation of void android.support.v4.app.SuperNotCalledException.<init>(java.lang.String) took 167.885ms
04-12 02:20:57.966 1938-1938/? W/dex2oat: Compilation of android.view.View android.support.v4.app.SharedElementCallback.onCreateSnapshotView(android.content.Context, android.os.Parcelable) took 425.861ms
04-12 02:20:58.227 1938-1938/? W/dex2oat: Compilation of android.app.PendingIntent android.support.v4.app.TaskStackBuilder$TaskStackBuilderImplHoneycomb.getPendingIntent(android.content.Context, android.content.Intent[], int, int, android.os.Bundle) took 198.993ms
04-12 02:20:58.360 1938-1938/? W/dex2oat: Compilation of android.app.PendingIntent android.support.v4.app.TaskStackBuilder$TaskStackBuilderImplJellybean.getPendingIntent(android.content.Context, android.content.Intent[], int, int, android.os.Bundle) took 131.269ms
04-12 02:20:58.698 1938-1938/? W/dex2oat: Compilation of android.support.v4.app.TaskStackBuilder android.support.v4.app.TaskStackBuilder.addParentStack(java.lang.Class) took 150.603ms
04-12 02:20:58.819 1938-1940/? W/dex2oat: Compilation of android.app.PendingIntent android.support.v4.app.TaskStackBuilder$TaskStackBuilderImplBase.getPendingIntent(android.content.Context, android.content.Intent[], int, int, android.os.Bundle) took 1.082s
04-12 02:20:58.931 1938-1940/? W/dex2oat: Compilation of void android.support.v4.app.TaskStackBuilderHoneycomb.<init>() took 110.073ms
04-12 02:20:59.385 1938-1938/? W/dex2oat: Compilation of android.content.Intent[] android.support.v4.app.TaskStackBuilder.getIntents() took 683.946ms
04-12 02:20:59.586 1938-1940/? W/dex2oat: Compilation of void android.support.v4.content.AsyncTaskLoader$LoadTask.<init>(android.support.v4.content.AsyncTaskLoader) took 372.354ms
04-12 02:20:59.728 1938-1938/? W/dex2oat: Compilation of android.app.PendingIntent android.support.v4.app.TaskStackBuilder.getPendingIntent(int, int, android.os.Bundle) took 340.370ms
04-12 02:20:59.906 1938-1938/? W/dex2oat: Compilation of void android.support.v4.app.TaskStackBuilder.startActivities(android.os.Bundle) took 175.241ms
04-12 02:20:59.948 1938-1940/? W/dex2oat: Compilation of java.lang.String android.support.v4.content.Loader.dataToString(java.lang.Object) took 329.198ms
04-12 02:21:00.118 1938-1940/? W/dex2oat: Compilation of void android.support.v4.content.Loader.deliverCancellation() took 168.918ms
04-12 02:21:00.186 1938-1938/? W/dex2oat: Compilation of void android.support.v4.content.AsyncTaskLoader.executePendingTask() took 118.459ms
04-12 02:21:00.277 1938-1940/? W/dex2oat: Compilation of void android.support.v4.content.Loader.deliverResult(java.lang.Object) took 157.082ms
04-12 02:21:00.397 1938-1938/? W/dex2oat: Compilation of void android.support.v4.content.AsyncTaskLoader.onForceLoad() took 190.459ms
04-12 02:21:00.628 1938-1938/? W/dex2oat: Compilation of android.graphics.drawable.Drawable android.support.v4.content.ContextCompatApi21.getDrawable(android.content.Context, int) took 111.032ms
04-12 02:21:00.811 1938-1940/? W/dex2oat: Compilation of void android.support.v4.content.Loader.forceLoad() took 502.321ms
04-12 02:21:00.950 1938-1938/? W/dex2oat: Compilation of void android.support.v4.content.ContextCompatFroyo.<init>() took 108.777ms
04-12 02:21:01.119 1938-1940/? W/dex2oat: Compilation of android.content.Context android.support.v4.content.Loader.getContext() took 306.766ms
04-12 02:21:01.224 1938-1938/? W/dex2oat: Compilation of void android.support.v4.content.CursorLoader.<init>(android.content.Context) took 222.008ms
04-12 02:21:01.414 1938-1940/? W/dex2oat: Compilation of void android.support.v4.content.Loader.onStartLoading() took 290.968ms
04-12 02:21:01.515 1938-1938/? W/dex2oat: Compilation of void android.support.v4.content.CursorLoader.<init>(android.content.Context, android.net.Uri, java.lang.String[], java.lang.String, java.lang.String[], java.lang.String) took 256.994ms
04-12 02:21:01.580 1938-1940/? W/dex2oat: Compilation of void android.support.v4.content.Loader.registerListener(int, android.support.v4.content.Loader$OnLoadCompleteListener) took 162.220ms
04-12 02:21:01.678 1938-1938/? W/dex2oat: Compilation of void android.support.v4.content.CursorLoader.cancelLoadInBackground() took 161.503ms
04-12 02:21:01.890 1938-1938/? W/dex2oat: Compilation of void android.support.v4.content.CursorLoader.deliverResult(android.database.Cursor) took 196.109ms
04-12 02:21:02.000 1938-1938/? W/dex2oat: Compilation of void android.support.v4.content.CursorLoader.deliverResult(java.lang.Object) took 108.569ms
04-12 02:21:02.164 1938-1940/? W/dex2oat: Compilation of void android.support.v4.content.Loader.unregisterListener(android.support.v4.content.Loader$OnLoadCompleteListener) took 333.103ms
04-12 02:21:02.294 1938-1938/? W/dex2oat: Compilation of void android.support.v4.content.CursorLoader.dump(java.lang.String, java.io.FileDescriptor, java.io.PrintWriter, java.lang.String[]) took 292.376ms
04-12 02:21:02.427 1938-1938/? W/dex2oat: Compilation of java.lang.String[] android.support.v4.content.CursorLoader.getProjection() took 131.353ms
04-12 02:21:02.574 1938-1940/? W/dex2oat: Compilation of void android.support.v4.content.FileProvider.<init>() took 323.939ms
04-12 02:21:02.703 1938-1940/? W/dex2oat: Compilation of java.io.File android.support.v4.content.FileProvider.buildPath(java.io.File, java.lang.String[]) took 127.518ms
04-12 02:21:02.781 1938-1938/? W/dex2oat: Compilation of java.lang.String android.support.v4.content.CursorLoader.getSelection() took 351.949ms
04-12 02:21:03.437 1938-1938/? W/dex2oat: Compilation of void android.support.v4.content.ModernAsyncTask$1.<init>() took 305.390ms
04-12 02:21:03.538 1938-1938/? W/dex2oat: Compilation of java.lang.Thread android.support.v4.content.ModernAsyncTask$1.newThread(java.lang.Runnable) took 100.134ms
04-12 02:21:03.617 1938-1940/? W/dex2oat: Compilation of int android.support.v4.graphics.ColorUtils.HSLToColor(float[]) took 185.790ms
04-12 02:21:03.650 1938-1938/? W/dex2oat: Compilation of void android.support.v4.graphics.drawable.DrawableCompat$BaseDrawableImpl.setHotspot(android.graphics.drawable.Drawable, float, float) took 107.881ms
04-12 02:21:04.273 1938-1940/? W/dex2oat: Compilation of int android.support.v4.graphics.ColorUtils.calculateMinimumAlpha(int, int, float) took 496.771ms
04-12 02:21:04.393 1938-1940/? W/dex2oat: Compilation of void android.support.v4.graphics.ColorUtils.colorToHSL(int, float[]) took 116.935ms
04-12 02:21:04.573 1938-1940/? W/dex2oat: Compilation of int android.support.v4.graphics.ColorUtils.compositeAlpha(int, int) took 174.417ms
04-12 02:21:04.728 1938-1938/? W/dex2oat: Compilation of void android.support.v4.graphics.drawable.RoundedBitmapDrawable.<init>(android.content.res.Resources, android.graphics.Bitmap) took 108.752ms
04-12 02:21:04.843 1938-1940/? W/dex2oat: Compilation of int android.support.v4.graphics.ColorUtils.compositeColors(int, int) took 163.529ms
04-12 02:21:04.940 1938-1938/? W/dex2oat: Compilation of boolean android.support.v4.graphics.drawable.RoundedBitmapDrawable.isGreaterThanZero(float) took 189.101ms
04-12 02:21:05.012 1938-1940/? W/dex2oat: Compilation of void android.support.v4.graphics.drawable.RoundedBitmapDrawable21.getOutline(android.graphics.Outline) took 114.614ms
04-12 02:21:05.309 1938-1938/? W/dex2oat: Compilation of void android.support.v4.graphics.drawable.RoundedBitmapDrawable.gravityCompatApply(int, int, int, android.graphics.Rect, android.graphics.Rect) took 158.396ms
04-12 02:21:05.511 1938-1938/? W/dex2oat: Compilation of boolean android.support.v4.graphics.drawable.RoundedBitmapDrawable.hasMipMap() took 107.033ms
04-12 02:21:05.555 1938-1940/? W/dex2oat: Compilation of void android.support.v4.hardware.fingerprint.FingerprintManagerCompat$Api23FingerprintManagerCompatImpl.authenticate(android.content.Context, android.support.v4.hardware.fingerprint.FingerprintManagerCompat$CryptoObject, int, android.support.v4.os.CancellationSignal, android.support.v4.hardware.fingerprint.FingerprintManagerCompat$AuthenticationCallback, android.os.Handler) took 240.664ms
04-12 02:21:05.740 1938-1938/? W/dex2oat: Compilation of void android.support.v4.graphics.drawable.RoundedBitmapDrawable.setColorFilter(android.graphics.ColorFilter) took 221.325ms
04-12 02:21:05.937 1938-1938/? W/dex2oat: Compilation of void android.support.v4.graphics.drawable.RoundedBitmapDrawable.setCornerRadius(float) took 154.603ms
04-12 02:21:05.990 1938-1940/? W/dex2oat: Compilation of java.lang.Object android.support.v4.media.MediaDescriptionCompat$1.createFromParcel(android.os.Parcel) took 314.245ms
04-12 02:21:06.090 1938-1938/? W/dex2oat: Compilation of void android.support.v4.graphics.drawable.RoundedBitmapDrawable.setDither(boolean) took 151.579ms
04-12 02:21:06.289 1938-1940/? W/dex2oat: Compilation of void android.support.v4.media.MediaDescriptionCompat.<init>(java.lang.String, java.lang.CharSequence, java.lang.CharSequence, java.lang.CharSequence, android.graphics.Bitmap, android.net.Uri, android.os.Bundle, android.net.Uri) took 120.037ms
04-12 02:21:06.429 1938-1940/? W/dex2oat: Compilation of android.support.v4.media.MediaDescriptionCompat android.support.v4.media.MediaDescriptionCompat.fromMediaDescription(java.lang.Object) took 138.642ms
04-12 02:21:06.473 1938-1938/? W/dex2oat: Compilation of void android.support.v4.graphics.drawable.RoundedBitmapDrawable.setTargetDensity(int) took 127.037ms
04-12 02:21:06.583 1938-1940/? W/dex2oat: Compilation of java.lang.Object android.support.v4.media.MediaDescriptionCompat.getMediaDescription() took 149.904ms
04-12 02:21:06.705 1938-1940/? W/dex2oat: Compilation of java.lang.String android.support.v4.media.MediaDescriptionCompat.getMediaId() took 120.290ms
04-12 02:21:06.740 1938-1938/? W/dex2oat: Compilation of void android.support.v4.graphics.drawable.RoundedBitmapDrawable.updateDstRect() took 260.220ms
04-12 02:21:06.919 1938-1938/? W/dex2oat: Compilation of void android.support.v4.media.MediaDescriptionCompatApi21$Builder.<init>() took 177.496ms
04-12 02:21:07.046 1938-1940/? W/dex2oat: Compilation of void android.support.v4.media.MediaDescriptionCompat.writeToParcel(android.os.Parcel, int) took 150.116ms
04-12 02:21:07.413 1938-1938/? W/dex2oat: Compilation of android.support.v4.media.MediaMetadataCompat android.support.v4.media.MediaMetadataCompat$Builder.build() took 122.514ms
04-12 02:21:07.578 1938-1940/? W/dex2oat: Compilation of void android.support.v4.media.MediaMetadataCompat.<init>(android.os.Parcel) took 167.202ms
04-12 02:21:07.664 1938-1938/? W/dex2oat: Compilation of android.support.v4.media.MediaMetadataCompat$Builder android.support.v4.media.MediaMetadataCompat$Builder.putBitmap(java.lang.String, android.graphics.Bitmap) took 248.632ms
04-12 02:21:07.769 1938-1938/? W/dex2oat: Compilation of android.support.v4.media.MediaMetadataCompat$Builder android.support.v4.media.MediaMetadataCompat$Builder.putLong(java.lang.String, long) took 102.029ms
04-12 02:21:07.975 1938-1938/? W/dex2oat: Compilation of android.support.v4.media.MediaMetadataCompat$Builder android.support.v4.media.MediaMetadataCompat$Builder.putRating(java.lang.String, android.support.v4.media.RatingCompat) took 205.089ms
04-12 02:21:08.184 1938-1940/? W/dex2oat: Compilation of android.support.v4.media.MediaMetadataCompat android.support.v4.media.MediaMetadataCompat.fromMediaMetadata(java.lang.Object) took 573.938ms
04-12 02:21:08.317 1938-1940/? W/dex2oat: Compilation of boolean android.support.v4.media.MediaMetadataCompat.containsKey(java.lang.String) took 131.652ms
04-12 02:21:08.510 1938-1938/? W/dex2oat: Compilation of android.support.v4.media.MediaMetadataCompat$Builder android.support.v4.media.MediaMetadataCompat$Builder.putString(java.lang.String, java.lang.String) took 183.586ms
04-12 02:21:08.624 1938-1940/? W/dex2oat: Compilation of long android.support.v4.media.MediaMetadataCompat.getLong(java.lang.String) took 116.459ms
04-12 02:21:08.886 1938-1938/? W/dex2oat: Compilation of android.support.v4.media.MediaMetadataCompat$Builder android.support.v4.media.MediaMetadataCompat$Builder.putText(java.lang.String, java.lang.CharSequence) took 233.283ms
04-12 02:21:08.957 1938-1940/? W/dex2oat: Compilation of java.lang.Object android.support.v4.media.MediaMetadataCompat.getMediaMetadata() took 331.565ms
04-12 02:21:09.137 1938-1940/? W/dex2oat: Compilation of android.support.v4.media.RatingCompat android.support.v4.media.MediaMetadataCompat.getRating(java.lang.String) took 127.698ms
04-12 02:21:09.227 1938-1938/? W/dex2oat: Compilation of java.lang.Object android.support.v4.media.MediaMetadataCompatApi21$Builder.newInstance() took 196.506ms
04-12 02:21:09.480 1938-1940/? W/dex2oat: Compilation of android.support.v4.media.RatingCompat android.support.v4.media.RatingCompat.fromRating(java.lang.Object) took 185.878ms
04-12 02:21:09.489 1938-1938/? W/dex2oat: Compilation of void android.support.v4.media.MediaMetadataCompatApi21$Builder.putBitmap(java.lang.Object, java.lang.String, android.graphics.Bitmap) took 260.201ms
04-12 02:21:09.694 1938-1938/? W/dex2oat: Compilation of void android.support.v4.media.MediaMetadataCompatApi21$Builder.putLong(java.lang.Object, java.lang.String, long) took 173.259ms
04-12 02:21:09.872 1938-1940/? W/dex2oat: Compilation of android.support.v4.media.RatingCompat android.support.v4.media.RatingCompat.newPercentageRating(float) took 287.064ms
04-12 02:21:09.980 1938-1938/? W/dex2oat: Compilation of void android.support.v4.media.MediaMetadataCompatApi21$Builder.putRating(java.lang.Object, java.lang.String, java.lang.Object) took 284.462ms
04-12 02:21:10.235 1938-1938/? W/dex2oat: Compilation of boolean android.support.v4.media.TransportMediator$2.onKeyUp(int, android.view.KeyEvent) took 132.153ms
04-12 02:21:10.297 1938-1940/? W/dex2oat: Compilation of java.lang.Object android.support.v4.media.RatingCompat.getRating() took 203.413ms
04-12 02:21:10.493 1938-1940/? W/dex2oat: Compilation of boolean android.support.v4.media.RatingCompat.hasHeart() took 132.460ms
04-12 02:21:10.730 1938-1938/? W/dex2oat: Compilation of void android.support.v4.media.TransportMediatorJellybeanMR2.<init>(android.content.Context, android.media.AudioManager, android.view.View, android.support.v4.media.TransportMediatorCallback) took 104.118ms
04-12 02:21:11.115 1938-1938/? W/dex2oat: Compilation of void android.support.v4.media.TransportMediatorJellybeanMR2.windowAttached() took 205.477ms
04-12 02:21:11.219 1938-1940/? W/dex2oat: Compilation of void android.support.v4.media.RatingCompat.writeToParcel(android.os.Parcel, int) took 644.336ms
04-12 02:21:11.637 1938-1940/? W/dex2oat: Compilation of java.lang.Object android.support.v4.media.routing.MediaRouterJellybean$GetDefaultRouteWorkaround.getDefaultRoute(java.lang.Object) took 195.178ms
04-12 02:21:11.915 1938-1938/? W/dex2oat: Compilation of void android.support.v4.media.routing.MediaRouterJellybean$SelectRouteWorkaround.selectRoute(java.lang.Object, int, java.lang.Object) took 293.898ms
04-12 02:21:11.968 1938-1940/? W/dex2oat: Compilation of void android.support.v4.media.routing.MediaRouterJellybean$UserRouteInfo.setRemoteControlClient(java.lang.Object, java.lang.Object) took 324.664ms
04-12 02:21:12.209 1938-1938/? W/dex2oat: Compilation of void android.support.v4.media.routing.MediaRouterJellybean$VolumeCallbackProxy.<init>(android.support.v4.media.routing.MediaRouterJellybean$VolumeCallback) took 291.772ms
04-12 02:21:12.281 1938-1940/? W/dex2oat: Compilation of void android.support.v4.media.routing.MediaRouterJellybean$UserRouteInfo.setVolume(java.lang.Object, int) took 311.749ms
04-12 02:21:12.330 1938-1938/? W/dex2oat: Compilation of void android.support.v4.media.routing.MediaRouterJellybean$VolumeCallbackProxy.onVolumeSetRequest(android.media.MediaRouter$RouteInfo, int) took 119.175ms
04-12 02:21:12.509 1938-1940/? W/dex2oat: Compilation of void android.support.v4.media.routing.MediaRouterJellybean$UserRouteInfo.setVolumeCallback(java.lang.Object, java.lang.Object) took 168.044ms
04-12 02:21:12.587 1938-1938/? W/dex2oat: Compilation of void android.support.v4.media.routing.MediaRouterJellybean$VolumeCallbackProxy.onVolumeUpdateRequest(android.media.MediaRouter$RouteInfo, int) took 186.592ms
04-12 02:21:12.728 1938-1940/? W/dex2oat: Compilation of void android.support.v4.media.routing.MediaRouterJellybean$UserRouteInfo.setVolumeHandling(java.lang.Object, int) took 217.198ms
04-12 02:21:13.172 1938-1940/? W/dex2oat: Compilation of void android.support.v4.media.routing.MediaRouterJellybeanMr1$ActiveScanWorkaround.<init>(android.content.Context, android.os.Handler) took 439.560ms
04-12 02:21:13.205 1938-1938/? W/dex2oat: Compilation of java.lang.Object android.support.v4.media.routing.MediaRouterJellybean.createCallback(android.support.v4.media.routing.MediaRouterJellybean$Callback) took 374.545ms
04-12 02:21:13.370 1938-1940/? W/dex2oat: Compilation of void android.support.v4.media.routing.MediaRouterJellybeanMr1$ActiveScanWorkaround.run() took 194.640ms
04-12 02:21:13.535 1938-1938/? W/dex2oat: Compilation of java.lang.Object android.support.v4.media.routing.MediaRouterJellybean.createRouteCategory(java.lang.Object, java.lang.String, boolean) took 328.034ms
04-12 02:21:13.587 1938-1940/? W/dex2oat: Compilation of void android.support.v4.media.routing.MediaRouterJellybeanMr1$CallbackProxy.onRoutePresentationDisplayChanged(android.media.MediaRouter, android.media.MediaRouter$RouteInfo) took 114.917ms
04-12 02:21:13.800 1938-1938/? W/dex2oat: Compilation of java.lang.Object android.support.v4.media.routing.MediaRouterJellybean.createVolumeCallback(android.support.v4.media.routing.MediaRouterJellybean$VolumeCallback) took 176.412ms
04-12 02:21:14.088 1938-1940/? W/dex2oat: Compilation of void android.support.v4.media.session.IMediaSession$Stub$Proxy.fastForward() took 101.154ms
04-12 02:21:14.309 1938-1940/? W/dex2oat: Compilation of boolean android.support.v4.media.session.IMediaSession$Stub.onTransact(int, android.os.Parcel, android.os.Parcel, int) took 115.614ms
04-12 02:21:14.459 1938-1938/? W/dex2oat: Compilation of java.util.List android.support.v4.media.routing.MediaRouterJellybean.getCategories(java.lang.Object) took 656.474ms
04-12 02:21:14.667 1938-1940/? W/dex2oat: Compilation of void android.support.v4.media.session.MediaControllerCompat$Callback$MessageHandler.handleMessage(android.os.Message) took 205.732ms
04-12 02:21:14.839 1938-1940/? W/dex2oat: Compilation of void android.support.v4.media.session.MediaControllerCompat$Callback$MessageHandler.post(int, java.lang.Object, android.os.Bundle) took 169.754ms
04-12 02:21:14.965 1938-1938/? W/dex2oat: Compilation of void android.support.v4.media.session.MediaControllerCompat$Callback$StubCompat.onVolumeInfoChanged(android.support.v4.media.session.ParcelableVolumeInfo) took 158.882ms
04-12 02:21:15.180 1938-1940/? W/dex2oat: Compilation of java.lang.Object android.support.v4.media.session.MediaControllerCompat$Callback.-get0(android.support.v4.media.session.MediaControllerCompat$Callback) took 209.334ms
04-12 02:21:15.510 1938-1940/? W/dex2oat: Compilation of void android.support.v4.media.session.MediaControllerCompat$MediaControllerImplApi23.<init>(android.content.Context, android.support.v4.media.session.MediaSessionCompat$Token) took 275.255ms
04-12 02:21:15.795 1938-1938/? W/dex2oat: Compilation of void android.support.v4.media.session.MediaControllerCompat$MediaControllerImplApi21.<init>(android.content.Context, android.support.v4.media.session.MediaSessionCompat$Token) took 611.538ms
04-12 02:21:15.848 1938-1940/? W/dex2oat: Compilation of boolean android.support.v4.media.session.MediaControllerCompat$MediaControllerImplBase.dispatchMediaButtonEvent(android.view.KeyEvent) took 144.411ms
04-12 02:21:15.900 1938-1938/? W/dex2oat: Compilation of void android.support.v4.media.session.MediaControllerCompat$MediaControllerImplApi21.<init>(android.content.Context, android.support.v4.media.session.MediaSessionCompat) took 103.402ms
04-12 02:21:16.216 1938-1938/? W/dex2oat: Compilation of boolean android.support.v4.media.session.MediaControllerCompat$MediaControllerImplApi21.dispatchMediaButtonEvent(android.view.KeyEvent) took 289.941ms
04-12 02:21:16.265 1938-1940/? W/dex2oat: Compilation of android.os.Bundle android.support.v4.media.session.MediaControllerCompat$MediaControllerImplBase.getExtras() took 416.153ms
04-12 02:21:16.506 1938-1938/? W/dex2oat: Compilation of android.support.v4.media.MediaMetadataCompat android.support.v4.media.session.MediaControllerCompat$MediaControllerImplApi21.getMetadata() took 161.785ms
04-12 02:21:16.796 1938-1940/? W/dex2oat: Compilation of int android.support.v4.media.session.MediaControllerCompat$PlaybackInfo.getVolumeControl() took 214.596ms
04-12 02:21:16.807 1938-1938/? W/dex2oat: Compilation of java.lang.String android.support.v4.media.session.MediaControllerCompat$MediaControllerImplApi21.getPackageName() took 289.607ms
04-12 02:21:17.018 1938-1940/? W/dex2oat: Compilation of void android.support.v4.media.session.MediaControllerCompat$TransportControls.<init>() took 184.726ms
04-12 02:21:17.027 1938-1938/? W/dex2oat: Compilation of android.support.v4.media.session.MediaControllerCompat$PlaybackInfo android.support.v4.media.session.MediaControllerCompat$MediaControllerImplApi21.getPlaybackInfo() took 200.874ms
04-12 02:21:17.162 1938-1938/? W/dex2oat: Compilation of android.support.v4.media.session.PlaybackStateCompat android.support.v4.media.session.MediaControllerCompat$MediaControllerImplApi21.getPlaybackState() took 121.613ms
04-12 02:21:17.233 1938-1940/? W/dex2oat: Compilation of void android.support.v4.media.session.MediaControllerCompat$TransportControlsApi21.fastForward() took 134.581ms
04-12 02:21:17.437 1938-1938/? W/dex2oat: Compilation of void android.support.v4.media.session.MediaControllerCompat$TransportControlsBase.pause() took 106.328ms
04-12 02:21:17.540 1938-1938/? W/dex2oat: Compilation of void android.support.v4.media.session.MediaControllerCompat$TransportControlsBase.play() took 101.318ms
04-12 02:21:17.638 1938-1940/? W/dex2oat: Compilation of android.media.AudioAttributes android.support.v4.media.session.MediaControllerCompatApi21$PlaybackInfo.getAudioAttributes(java.lang.Object) took 116.917ms
04-12 02:21:17.867 1938-1938/? W/dex2oat: Compilation of void android.support.v4.media.session.MediaControllerCompat$TransportControlsBase.playFromMediaId(java.lang.String, android.os.Bundle) took 319.219ms
04-12 02:21:17.895 1938-1940/? W/dex2oat: Compilation of void android.support.v4.media.session.MediaControllerCompatApi21$TransportControls.fastForward(java.lang.Object) took 144.885ms
04-12 02:21:18.089 1938-1938/? W/dex2oat: Compilation of void android.support.v4.media.session.MediaControllerCompat$TransportControlsBase.rewind() took 167.319ms
04-12 02:21:18.308 1938-1940/? W/dex2oat: Compilation of java.lang.Object android.support.v4.media.session.MediaControllerCompatApi21.fromToken(android.content.Context, java.lang.Object) took 147.311ms
04-12 02:21:18.332 1938-1938/? W/dex2oat: Compilation of void android.support.v4.media.session.MediaSessionCompat$Callback$StubApi21.onSetRating(java.lang.Object) took 110.494ms
04-12 02:21:18.498 1938-1940/? W/dex2oat: Compilation of android.os.Bundle android.support.v4.media.session.MediaControllerCompatApi21.getExtras(java.lang.Object) took 188.700ms
04-12 02:21:18.615 1938-1938/? W/dex2oat: Compilation of void android.support.v4.media.session.MediaSessionCompat$Callback$StubApi21.onSkipToNext() took 142.524ms
04-12 02:21:18.628 1938-1940/? W/dex2oat: Compilation of long android.support.v4.media.session.MediaControllerCompatApi21.getFlags(java.lang.Object) took 128.450ms
04-12 02:21:18.828 1938-1940/? W/dex2oat: Compilation of java.util.List android.support.v4.media.session.MediaControllerCompatApi21.getQueue(java.lang.Object) took 147.148ms
04-12 02:21:18.951 1938-1938/? W/dex2oat: Compilation of void android.support.v4.media.session.MediaSessionCompat$Callback$StubApi23.<init>(android.support.v4.media.session.MediaSessionCompat$Callback) took 219.845ms
04-12 02:21:19.148 1938-1938/? W/dex2oat: Compilation of void android.support.v4.media.session.MediaSessionCompat$Callback$StubApi23.<init>(android.support.v4.media.session.MediaSessionCompat$Callback, android.support.v4.media.session.MediaSessionCompat$Callback$StubApi23) took 195.082ms
04-12 02:21:19.288 1938-1938/? W/dex2oat: Compilation of void android.support.v4.media.session.MediaSessionCompat$Callback$StubApi23.onPlayFromUri(android.net.Uri, android.os.Bundle) took 138.558ms
04-12 02:21:19.439 1938-1940/? W/dex2oat: Compilation of boolean android.support.v4.media.session.MediaSessionCompat$MediaSessionImplApi21.isActive() took 138.383ms
04-12 02:21:19.645 1938-1940/? W/dex2oat: Compilation of void android.support.v4.media.session.MediaSessionCompat$MediaSessionImplApi21.setActive(boolean) took 193.520ms
04-12 02:21:19.700 1938-1938/? W/dex2oat: Compilation of void android.support.v4.media.session.MediaSessionCompat$MediaSessionImplBase$2.onSetRating(java.lang.Object) took 384.060ms
04-12 02:21:19.940 1938-1940/? W/dex2oat: Compilation of void android.support.v4.media.session.MediaSessionCompat$MediaSessionImplApi21.setQueue(java.util.List) took 251.592ms
04-12 02:21:20.093 1938-1940/? W/dex2oat: Compilation of void android.support.v4.media.session.MediaSessionCompat$MediaSessionImplBase$MessageHandler.onMediaButtonEvent(android.view.KeyEvent) took 101.506ms
04-12 02:21:20.383 1938-1938/? W/dex2oat: Compilation of void android.support.v4.media.session.MediaSessionCompat$MediaSessionImplBase$MediaSessionStub.next() took 310.271ms
04-12 02:21:20.570 1938-1940/? W/dex2oat: Compilation of void android.support.v4.media.session.MediaSessionCompat$MediaSessionImplBase$MessageHandler.handleMessage(android.os.Message) took 474.782ms
04-12 02:21:20.611 1938-1938/? W/dex2oat: Compilation of void android.support.v4.media.session.MediaSessionCompat$MediaSessionImplBase.<init>(android.content.Context, java.lang.String, android.content.ComponentName, android.app.PendingIntent) took 131.215ms
04-12 02:21:20.754 1938-1940/? W/dex2oat: Compilation of void android.support.v4.media.session.MediaSessionCompat$MediaSessionImplBase$MessageHandler.post(int, java.lang.Object) took 153.081ms
04-12 02:21:20.913 1938-1938/? W/dex2oat: Compilation of void android.support.v4.media.session.MediaSessionCompat$MediaSessionImplBase.adjustVolume(int, int) took 300.722ms
04-12 02:21:21.012 1938-1940/? W/dex2oat: Compilation of void android.support.v4.media.session.MediaSessionCompat$MediaSessionImplBase$MessageHandler.post(int, java.lang.Object, int) took 236.579ms
04-12 02:21:21.079 1938-1938/? W/dex2oat: Compilation of void android.support.v4.media.session.MediaSessionCompat$MediaSessionImplBase.sendEvent(java.lang.String, android.os.Bundle) took 157.736ms
04-12 02:21:21.234 1938-1940/? W/dex2oat: Compilation of void android.support.v4.media.session.MediaSessionCompat$MediaSessionImplBase$MessageHandler.post(int, java.lang.Object, android.os.Bundle) took 220.083ms
04-12 02:21:21.266 1938-1938/? W/dex2oat: Compilation of void android.support.v4.media.session.MediaSessionCompat$MediaSessionImplBase.sendMetadata(android.support.v4.media.MediaMetadataCompat) took 174.943ms
04-12 02:21:21.546 1938-1940/? W/dex2oat: Compilation of android.support.v4.media.session.MediaSessionCompat$QueueItem android.support.v4.media.session.MediaSessionCompat$QueueItem$1.createFromParcel(android.os.Parcel) took 131.121ms
04-12 02:21:21.577 1938-1938/? W/dex2oat: Compilation of void android.support.v4.media.session.MediaSessionCompat$MediaSessionImplBase.setPlaybackToLocal(int) took 114.791ms
04-12 02:21:21.657 1938-1940/? W/dex2oat: Compilation of java.lang.Object android.support.v4.media.session.MediaSessionCompat$QueueItem$1.createFromParcel(android.os.Parcel) took 109.376ms
04-12 02:21:21.805 1938-1940/? W/dex2oat: Compilation of void android.support.v4.media.session.MediaSessionCompat$QueueItem.<init>(android.os.Parcel) took 111.701ms
04-12 02:21:22.095 1938-1940/? W/dex2oat: Compilation of void android.support.v4.media.session.MediaSessionCompat$QueueItem.<init>(android.support.v4.media.MediaDescriptionCompat, long) took 282.835ms
04-12 02:21:22.229 1938-1938/? W/dex2oat: Compilation of java.lang.Object android.support.v4.media.session.MediaSessionCompat$Token$1.createFromParcel(android.os.Parcel) took 157.252ms
04-12 02:21:22.259 1938-1940/? W/dex2oat: Compilation of android.support.v4.media.session.MediaSessionCompat$QueueItem android.support.v4.media.session.MediaSessionCompat$QueueItem.obtain(java.lang.Object) took 160.420ms
04-12 02:21:22.410 1938-1938/? W/dex2oat: Compilation of android.support.v4.media.session.MediaSessionCompat$Token[] android.support.v4.media.session.MediaSessionCompat$Token$1.newArray(int) took 131.577ms
04-12 02:21:22.544 1938-1940/? W/dex2oat: Compilation of java.lang.String android.support.v4.media.session.MediaSessionCompat$QueueItem.toString() took 165.325ms
04-12 02:21:22.787 1938-1938/? W/dex2oat: Compilation of java.lang.Object[] android.support.v4.media.session.MediaSessionCompat$Token$1.newArray(int) took 369.670ms
04-12 02:21:22.918 1938-1940/? W/dex2oat: Compilation of void android.support.v4.media.session.MediaSessionCompat$Token.writeToParcel(android.os.Parcel, int) took 254.214ms
04-12 02:21:22.986 1938-1938/? W/dex2oat: Compilation of void android.support.v4.media.session.MediaSessionCompat.<init>(android.content.Context, android.support.v4.media.session.MediaSessionCompat$MediaSessionImpl) took 178.787ms
04-12 02:21:23.274 1938-1938/? W/dex2oat: Compilation of void android.support.v4.media.session.MediaSessionCompat.<init>(android.content.Context, java.lang.String, android.content.ComponentName, android.app.PendingIntent) took 224.107ms
04-12 02:21:23.327 1938-1940/? W/dex2oat: Compilation of java.lang.Object android.support.v4.media.session.MediaSessionCompatApi14.createRemoteControlClient(android.app.PendingIntent) took 240.753ms
04-12 02:21:23.434 1938-1940/? W/dex2oat: Compilation of void android.support.v4.media.session.MediaSessionCompatApi14.registerRemoteControlClient(android.content.Context, java.lang.Object) took 100.825ms
04-12 02:21:23.667 1938-1940/? W/dex2oat: Compilation of void android.support.v4.media.session.MediaSessionCompatApi18.setOnPlaybackPositionUpdateListener(java.lang.Object, java.lang.Object) took 110.827ms
04-12 02:21:23.740 1938-1938/? W/dex2oat: Compilation of android.support.v4.media.session.MediaSessionCompat android.support.v4.media.session.MediaSessionCompat.obtain(android.content.Context, java.lang.Object) took 463.021ms
04-12 02:21:24.095 1938-1940/? W/dex2oat: Compilation of java.lang.Object android.support.v4.media.session.MediaSessionCompatApi21$QueueItem.getDescription(java.lang.Object) took 195.143ms
04-12 02:21:24.238 1938-1938/? W/dex2oat: Compilation of void android.support.v4.media.session.MediaSessionCompat.addOnActiveChangeListener(android.support.v4.media.session.MediaSessionCompat$OnActiveChangeListener) took 496.735ms
04-12 02:21:24.259 1938-1940/? W/dex2oat: Compilation of void android.support.v4.media.session.MediaSessionCompatApi21.<init>() took 119.201ms
04-12 02:21:24.589 1938-1938/? W/dex2oat: Compilation of void android.support.v4.media.session.MediaSessionCompat.setCallback(android.support.v4.media.session.MediaSessionCompat$Callback, android.os.Handler) took 111.502ms
04-12 02:21:24.828 1938-1938/? W/dex2oat: Compilation of void android.support.v4.media.session.MediaSessionCompat.setExtras(android.os.Bundle) took 237.482ms
04-12 02:21:25.227 1938-1940/? W/dex2oat: Compilation of void android.support.v4.media.session.MediaSessionCompatApi22.<init>() took 124.039ms
04-12 02:21:25.240 1938-1938/? W/dex2oat: Compilation of void android.support.v4.media.session.MediaSessionCompatApi8.<init>() took 109.994ms
04-12 02:21:25.748 1938-1940/? W/dex2oat: Compilation of void android.support.v4.media.session.MediaSessionCompatApi22.setRatingType(java.lang.Object, int) took 518.114ms
04-12 02:21:26.018 1938-1938/? W/dex2oat: Compilation of java.lang.String android.support.v4.media.session.PlaybackStateCompat$CustomAction.toString() took 149.179ms
04-12 02:21:26.241 1938-1940/? W/dex2oat: Compilation of long android.support.v4.media.session.PlaybackStateCompat.-get0(android.support.v4.media.session.PlaybackStateCompat) took 490.196ms
04-12 02:21:26.267 1938-1938/? W/dex2oat: Compilation of java.lang.Object android.support.v4.media.session.PlaybackStateCompatApi21.newInstance(int, long, long, float, long, java.lang.CharSequence, long, java.util.List, long) took 114.181ms
04-12 02:21:26.385 1938-1938/? W/dex2oat: Compilation of void android.support.v4.media.session.PlaybackStateCompatApi22.<init>() took 107.420ms
04-12 02:21:26.407 1938-1940/? W/dex2oat: Compilation of long android.support.v4.media.session.PlaybackStateCompat.-get1(android.support.v4.media.session.PlaybackStateCompat) took 158.924ms
04-12 02:21:26.556 1938-1938/? W/dex2oat: Compilation of android.os.Bundle android.support.v4.media.session.PlaybackStateCompatApi22.getExtras(java.lang.Object) took 169.358ms
04-12 02:21:26.860 1938-1940/? W/dex2oat: Compilation of void android.support.v4.media.session.PlaybackStateCompat.<init>(int, long, long, float, long, java.lang.CharSequence, long, java.util.List, long, android.os.Bundle, android.support.v4.media.session.PlaybackStateCompat) took 268.691ms
04-12 02:21:26.957 1938-1938/? W/dex2oat: Compilation of void android.support.v4.print.PrintHelperKitkat$2.onLayout(android.print.PrintAttributes, android.print.PrintAttributes, android.os.CancellationSignal, android.print.PrintDocumentAdapter$LayoutResultCallback, android.os.Bundle) took 118.343ms
04-12 02:21:27.165 1938-1938/? W/dex2oat: Compilation of void android.support.v4.print.PrintHelperKitkat$2.onWrite(android.print.PageRange[], android.os.ParcelFileDescriptor, android.os.CancellationSignal, android.print.PrintDocumentAdapter$WriteResultCallback) took 193.638ms
04-12 02:21:27.243 1938-1940/? W/dex2oat: Compilation of void android.support.v4.media.session.PlaybackStateCompat.<init>(android.os.Parcel) took 298.746ms
04-12 02:21:27.588 1938-1940/? W/dex2oat: Compilation of void android.support.v4.media.session.PlaybackStateCompat.<init>(android.os.Parcel, android.support.v4.media.session.PlaybackStateCompat) took 289.484ms
04-12 02:21:27.657 1938-1938/? W/dex2oat: Compilation of android.graphics.Bitmap android.support.v4.print.PrintHelperKitkat.-wrap0(android.support.v4.print.PrintHelperKitkat, android.graphics.Bitmap, int) took 472.924ms
04-12 02:21:27.815 1938-1940/? W/dex2oat: Compilation of android.support.v4.media.session.PlaybackStateCompat android.support.v4.media.session.PlaybackStateCompat.fromPlaybackState(java.lang.Object) took 218.926ms
04-12 02:21:27.928 1938-1938/? W/dex2oat: Compilation of android.graphics.Bitmap android.support.v4.print.PrintHelperKitkat.-wrap1(android.support.v4.print.PrintHelperKitkat, android.net.Uri, int) took 269.268ms
04-12 02:21:28.097 1938-1938/? W/dex2oat: Compilation of android.graphics.Matrix android.support.v4.print.PrintHelperKitkat.-wrap2(android.support.v4.print.PrintHelperKitkat, int, int, android.graphics.RectF, int) took 166.655ms
04-12 02:21:28.111 1938-1940/? W/dex2oat: Compilation of java.lang.Object android.support.v4.media.session.PlaybackStateCompat.getPlaybackState() took 251.442ms
04-12 02:21:28.288 1938-1940/? W/dex2oat: Compilation of java.lang.String android.support.v4.media.session.PlaybackStateCompat.toString() took 175.429ms
04-12 02:21:28.407 1938-1938/? W/dex2oat: Compilation of android.graphics.Bitmap android.support.v4.print.PrintHelperKitkat.convertBitmapForColorMode(android.graphics.Bitmap, int) took 158.449ms
04-12 02:21:28.779 1938-1940/? W/dex2oat: Compilation of android.support.v4.provider.DocumentFile android.support.v4.provider.DocumentFile.fromFile(java.io.File) took 392.990ms
04-12 02:21:29.078 1938-1940/? W/dex2oat: Compilation of android.support.v4.provider.DocumentFile android.support.v4.provider.DocumentFile.fromTreeUri(android.content.Context, android.net.Uri) took 237.347ms
04-12 02:21:29.415 1938-1938/? W/dex2oat: Compilation of android.support.v4.provider.DocumentFile[] android.support.v4.provider.TreeDocumentFile.listFiles() took 449.374ms
04-12 02:21:29.494 1938-1940/? W/dex2oat: Compilation of android.speech.tts.TextToSpeech android.support.v4.speech.tts.TextToSpeechICS.construct(android.content.Context, android.speech.tts.TextToSpeech$OnInitListener, java.lang.String) took 297.043ms
04-12 02:21:29.651 1938-1940/? W/dex2oat: Compilation of void android.support.v4.text.BidiFormatter$Builder.<init>() took 154.189ms
04-12 02:21:29.701 1938-1938/? W/dex2oat: Compilation of void android.support.v4.speech.tts.TextToSpeechICSMR1.setUtteranceProgressListener(android.speech.tts.TextToSpeech, android.support.v4.speech.tts.TextToSpeechICSMR1$UtteranceProgressListenerICSMR1) took 181.016ms
04-12 02:21:30.055 1938-1938/? W/dex2oat: Compilation of byte android.support.v4.text.BidiFormatter$DirectionalityEstimator.skipEntityBackward() took 104.445ms
04-12 02:21:30.215 1938-1938/? W/dex2oat: Compilation of byte android.support.v4.text.BidiFormatter$DirectionalityEstimator.skipEntityForward() took 157.550ms
04-12 02:21:30.632 1938-1940/? W/dex2oat: Compilation of java.lang.String android.support.v4.text.BidiFormatter.unicodeWrap(java.lang.String, android.support.v4.text.TextDirectionHeuristicCompat, boolean) took 269.298ms
04-12 02:21:30.680 1938-1938/? W/dex2oat: Compilation of java.lang.String android.support.v4.text.ICUCompatIcs.addLikelySubtags(java.util.Locale) took 189.405ms
04-12 02:21:31.261 1938-1938/? W/dex2oat: Compilation of boolean android.support.v4.util.MapCollections.equalsSetHelper(java.util.Set, java.lang.Object) took 106.798ms
04-12 02:21:31.445 1938-1940/? W/dex2oat: Compilation of void android.support.v4.util.CircularArray.clear() took 152.810ms
04-12 02:21:31.553 1938-1938/? W/dex2oat: Compilation of int android.support.v4.util.CircularIntArray.getLast() took 132.118ms
04-12 02:21:31.799 1938-1938/? W/dex2oat: Compilation of void android.support.v4.util.LogWriter.<init>(java.lang.String) took 236.927ms
04-12 02:21:31.949 1938-1938/? W/dex2oat: Compilation of void android.support.v4.util.LogWriter.flushBuilder() took 148.429ms
04-12 02:21:32.149 1938-1940/? W/dex2oat: Compilation of int android.support.v4.util.ContainerHelpers.idealIntArraySize(int) took 240.575ms
04-12 02:21:32.269 1938-1938/? W/dex2oat: Compilation of java.lang.String android.support.v4.util.MapCollections$MapIterator.toString() took 138.865ms
04-12 02:21:32.279 1938-1940/? W/dex2oat: Compilation of void android.support.v4.util.MapCollections$ValuesCollection.<init>(android.support.v4.util.MapCollections) took 124.805ms
04-12 02:21:32.388 1938-1938/? W/dex2oat: Compilation of android.support.v4.util.Pair android.support.v4.util.Pair.create(java.lang.Object, java.lang.Object) took 117.508ms
04-12 02:21:32.520 1938-1940/? W/dex2oat: Compilation of void android.support.v4.util.MapCollections$ValuesCollection.clear() took 189.342ms
04-12 02:21:32.526 1938-1938/? W/dex2oat: Compilation of void android.support.v4.util.Pools$SimplePool.<init>(int) took 110.382ms
04-12 02:21:32.688 1938-1940/? W/dex2oat: Compilation of boolean android.support.v4.util.MapCollections$ValuesCollection.contains(java.lang.Object) took 159.710ms
04-12 02:21:32.819 1938-1938/? W/dex2oat: Compilation of boolean android.support.v4.util.Pools$SimplePool.release(java.lang.Object) took 249.990ms
04-12 02:21:32.920 1938-1940/? W/dex2oat: Compilation of int android.support.v4.util.TimeUtils.formatDurationLocked(long, int) took 166.808ms
04-12 02:21:33.142 1938-1940/? W/dex2oat: Compilation of int android.support.v4.util.TimeUtils.printField(char[], int, char, int, boolean, int) took 173.148ms
04-12 02:21:33.210 1938-1938/? W/dex2oat: Compilation of java.lang.Object android.support.v4.view.AccessibilityDelegateCompat$AccessibilityDelegateIcsImpl.newAccessiblityDelegateBridge(android.support.v4.view.AccessibilityDelegateCompat) took 148.405ms
04-12 02:21:33.459 1938-1940/? W/dex2oat: Compilation of void android.support.v4.view.AccessibilityDelegateCompatIcs.onInitializeAccessibilityNodeInfo(java.lang.Object, android.view.View, java.lang.Object) took 215.862ms
04-12 02:21:33.640 1938-1940/? W/dex2oat: Compilation of void android.support.v4.view.AccessibilityDelegateCompatIcs.onPopulateAccessibilityEvent(java.lang.Object, android.view.View, android.view.accessibility.AccessibilityEvent) took 179.130ms
04-12 02:21:33.728 1938-1938/? W/dex2oat: Compilation of void android.support.v4.view.ActionProvider.setVisibilityListener(android.support.v4.view.ActionProvider$VisibilityListener) took 101.600ms
04-12 02:21:33.847 1938-1938/? W/dex2oat: Compilation of void android.support.v4.view.GestureDetectorCompat$GestureDetectorCompatImplBase$GestureHandler.<init>(android.support.v4.view.GestureDetectorCompat$GestureDetectorCompatImplBase) took 115.885ms
04-12 02:21:34.052 1938-1938/? W/dex2oat: Compilation of void android.support.v4.view.GestureDetectorCompat$GestureDetectorCompatImplBase$GestureHandler.handleMessage(android.os.Message) took 155.363ms
04-12 02:21:34.199 1938-1938/? W/dex2oat: Compilation of void android.support.v4.view.GestureDetectorCompat$GestureDetectorCompatImplJellybeanMr2.<init>(android.content.Context, android.view.GestureDetector$OnGestureListener, android.os.Handler) took 145.553ms
04-12 02:21:34.393 1938-1938/? W/dex2oat: Compilation of void android.support.v4.view.GestureDetectorCompat.<init>(android.content.Context, android.view.GestureDetector$OnGestureListener) took 100.548ms
04-12 02:21:34.940 1938-1940/? W/dex2oat: Compilation of boolean android.support.v4.view.GestureDetectorCompat$GestureDetectorCompatImplBase.onTouchEvent(android.view.MotionEvent) took 907.316ms
04-12 02:21:35.057 1938-1938/? W/dex2oat: Compilation of void android.support.v4.view.GestureDetectorCompat.<init>(android.content.Context, android.view.GestureDetector$OnGestureListener, android.os.Handler) took 662.742ms
04-12 02:21:35.125 1938-1940/? W/dex2oat: Compilation of void android.support.v4.view.GravityCompatJellybeanMr1.apply(int, int, int, android.graphics.Rect, android.graphics.Rect, int) took 104.657ms
04-12 02:21:35.343 1938-1940/? W/dex2oat: Compilation of int android.support.v4.view.GravityCompatJellybeanMr1.getAbsoluteGravity(int, int) took 153.098ms
04-12 02:21:35.568 1938-1940/? W/dex2oat: Compilation of boolean android.support.v4.view.KeyEventCompat$HoneycombKeyEventVersionImpl.metaStateHasModifiers(int, int) took 217.645ms
04-12 02:21:35.578 1938-1938/? W/dex2oat: Compilation of void android.support.v4.view.KeyEventCompat.<init>() took 173.404ms
04-12 02:21:35.707 1938-1940/? W/dex2oat: Compilation of boolean android.support.v4.view.KeyEventCompat$HoneycombKeyEventVersionImpl.metaStateHasNoModifiers(int) took 137.407ms
04-12 02:21:35.808 1938-1938/? W/dex2oat: Compilation of boolean android.support.v4.view.KeyEventCompat.dispatch(android.view.KeyEvent, android.view.KeyEvent$Callback, java.lang.Object, java.lang.Object) took 191.498ms
04-12 02:21:35.904 1938-1940/? W/dex2oat: Compilation of void android.support.v4.view.KeyEventCompatEclair.<init>() took 193.870ms
04-12 02:21:36.106 1938-1938/? W/dex2oat: Compilation of java.lang.Object android.support.v4.view.KeyEventCompat.getKeyDispatcherState(android.view.View) took 295.578ms
04-12 02:21:36.290 1938-1940/? W/dex2oat: Compilation of boolean android.support.v4.view.KeyEventCompatEclair.dispatch(android.view.KeyEvent, android.view.KeyEvent$Callback, java.lang.Object, java.lang.Object) took 383.690ms
04-12 02:21:36.693 1938-1938/? W/dex2oat: Compilation of void android.support.v4.view.LayoutInflaterCompat$LayoutInflaterCompatImplV11.setFactory(android.view.LayoutInflater, android.support.v4.view.LayoutInflaterFactory) took 524.739ms
04-12 02:21:37.194 1938-1940/? W/dex2oat: Compilation of android.view.MenuItem android.support.v4.view.MenuItemCompat$BaseMenuVersionImpl.setOnActionExpandListener(android.view.MenuItem, android.support.v4.view.MenuItemCompat$OnActionExpandListener) took 143.746ms
04-12 02:21:37.269 1938-1938/? W/dex2oat: Compilation of android.support.v4.view.ActionProvider android.support.v4.view.MenuItemCompat.getActionProvider(android.view.MenuItem) took 247.061ms
04-12 02:21:37.424 1938-1938/? W/dex2oat: Compilation of android.view.View android.support.v4.view.MenuItemCompat.getActionView(android.view.MenuItem) took 153.689ms
04-12 02:21:37.676 1938-1940/? W/dex2oat: Compilation of void android.support.v4.view.MenuItemCompatHoneycomb.<init>() took 359.886ms
04-12 02:21:37.785 1938-1938/? W/dex2oat: Compilation of void android.support.v4.view.MotionEventCompatGingerbread.<init>() took 112.755ms
04-12 02:21:37.941 1938-1938/? W/dex2oat: Compilation of int android.support.v4.view.MotionEventCompatGingerbread.getSource(android.view.MotionEvent) took 153.567ms
04-12 02:21:37.994 1938-1940/? W/dex2oat: Compilation of void android.support.v4.view.MotionEventCompatHoneycombMr1.<init>() took 240.338ms
04-12 02:21:38.134 1938-1938/? W/dex2oat: Compilation of void android.support.v4.view.NestedScrollingChildHelper.onDetachedFromWindow() took 168.961ms
04-12 02:21:38.216 1938-1940/? W/dex2oat: Compilation of void android.support.v4.view.NestedScrollingParentHelper.onNestedScrollAccepted(android.view.View, android.view.View, int) took 119.941ms
