04-12 02:18:54.482 1938-1938/? W/dex2oat: Verification of android.graphics.PorterDuff$Mode android.support.v4.view.ViewCompat$LollipopViewCompatImpl.getBackgroundTintMode(android.view.View) took 109.950ms
04-12 02:18:54.936 1938-1940/? W/dex2oat: Verification of void android.support.v4.view.ViewCompat.dispatchFinishTemporaryDetach(android.view.View) took 776.856ms
04-12 02:18:55.206 1938-1940/? W/dex2oat: Verification of boolean android.support.v4.view.ViewCompat.dispatchNestedFling(android.view.View, float, float, boolean) took 267.729ms
04-12 02:18:55.747 1938-1938/? W/dex2oat: Verification of void android.support.v4.view.ViewCompatBase.<init>() took 1.030s
04-12 02:18:55.937 1938-1940/? W/dex2oat: Verification of android.view.WindowInsets android.support.v4.view.ViewCompatLollipop$1.onApplyWindowInsets(android.view.View, android.view.WindowInsets) took 443.739ms
04-12 02:18:56.237 1938-1938/? W/dex2oat: Verification of int android.support.v4.view.ViewCompatBase.getMinimumHeight(android.view.View) took 474.710ms
04-12 02:18:56.354 1938-1940/? W/dex2oat: Verification of boolean android.support.v4.view.ViewCompatLollipop.isImportantForAccessibility(android.view.View) took 243.512ms
04-12 02:18:56.434 1938-1938/? W/dex2oat: Verification of boolean android.support.v4.view.ViewGroupCompat$ViewGroupCompatStubImpl.onRequestSendAccessibilityEvent(android.view.ViewGroup, android.view.View, android.view.accessibility.AccessibilityEvent) took 190.562ms
04-12 02:18:57.076 1938-1940/? W/dex2oat: Verification of boolean android.support.v4.view.ViewCompatLollipop.isNestedScrollingEnabled(android.view.View) took 544.585ms
04-12 02:18:57.345 1938-1940/? W/dex2oat: Verification of boolean android.support.v4.view.ViewCompatLollipop.startNestedScroll(android.view.View, int) took 133.304ms
04-12 02:18:57.524 1938-1938/? W/dex2oat: Verification of boolean android.support.v4.view.ViewPager.arrowScroll(int) took 466.487ms
04-12 02:18:57.656 1938-1938/? W/dex2oat: Verification of boolean android.support.v4.view.ViewPager.checkLayoutParams(android.view.ViewGroup$LayoutParams) took 110.488ms
04-12 02:18:57.728 1938-1940/? W/dex2oat: Verification of boolean android.support.v4.view.ViewParentCompat$ViewParentCompatStubImpl.requestSendAccessibilityEvent(android.view.ViewParent, android.view.View, android.view.accessibility.AccessibilityEvent) took 375.003ms
04-12 02:18:57.970 1938-1938/? W/dex2oat: Verification of void android.support.v4.view.ViewPager.computeScroll() took 304.821ms
04-12 02:18:58.436 1938-1938/? W/dex2oat: Verification of void android.support.v4.view.ViewPager.dataSetChanged() took 455.072ms
04-12 02:18:58.865 1938-1938/? W/dex2oat: Verification of void android.support.v4.view.ViewPager.draw(android.graphics.Canvas) took 244.494ms
04-12 02:18:58.898 1938-1940/? W/dex2oat: Verification of void android.support.v4.view.ViewPropertyAnimatorCompat$ICSViewPropertyAnimatorCompatImpl$MyVpaListener.onAnimationStart(android.view.View) took 126.281ms
04-12 02:18:59.213 1938-1940/? W/dex2oat: Verification of boolean android.support.v4.view.WindowInsetsCompatApi21.hasInsets() took 214.393ms
04-12 02:18:59.257 1938-1938/? W/dex2oat: Verification of void android.support.v4.view.ViewPager.drawableStateChanged() took 363.608ms
04-12 02:18:59.550 1938-1940/? W/dex2oat: Verification of void android.support.v4.view.accessibility.AccessibilityEventCompatIcs.appendRecord(android.view.accessibility.AccessibilityEvent, java.lang.Object) took 192.419ms
04-12 02:18:59.577 1938-1938/? W/dex2oat: Verification of void android.support.v4.view.ViewPager.initViewPager() took 208.286ms
04-12 02:18:59.751 1938-1940/? W/dex2oat: Verification of java.lang.Object android.support.v4.view.accessibility.AccessibilityEventCompatIcs.getRecord(android.view.accessibility.AccessibilityEvent, int) took 199.716ms
04-12 02:18:59.844 1938-1938/? W/dex2oat: Verification of boolean android.support.v4.view.ViewPager.onInterceptTouchEvent(android.view.MotionEvent) took 212.999ms
04-12 02:18:59.939 1938-1940/? W/dex2oat: Verification of boolean android.support.v4.view.accessibility.AccessibilityManagerCompat$AccessibilityManagerVersionImpl.removeAccessibilityStateChangeListener(android.view.accessibility.AccessibilityManager, android.support.v4.view.accessibility.AccessibilityManagerCompat$AccessibilityStateChangeListenerCompat) took 181.724ms
04-12 02:19:00.130 1938-1938/? W/dex2oat: Verification of void android.support.v4.view.ViewPager.onLayout(boolean, int, int, int, int) took 284.978ms
04-12 02:19:00.298 1938-1940/? W/dex2oat: Verification of void android.support.v4.view.accessibility.AccessibilityNodeInfoCompat$AccessibilityNodeInfoIcsImpl.<init>() took 223.894ms
04-12 02:19:00.338 1938-1938/? W/dex2oat: Verification of void android.support.v4.view.ViewPager.setAdapter(android.support.v4.view.PagerAdapter) took 119.922ms
04-12 02:19:00.526 1938-1940/? W/dex2oat: Verification of java.lang.String android.support.v4.view.accessibility.AccessibilityNodeInfoCompat.getActionSymbolicName(int) took 183.192ms
04-12 02:19:00.963 1938-1938/? W/dex2oat: Verification of java.lang.CharSequence android.support.v4.view.accessibility.AccessibilityRecordCompat$AccessibilityRecordIcsImpl.getBeforeText(java.lang.Object) took 121.398ms
04-12 02:19:01.149 1938-1938/? W/dex2oat: Verification of java.lang.CharSequence android.support.v4.view.accessibility.AccessibilityRecordCompat$AccessibilityRecordIcsImpl.getClassName(java.lang.Object) took 183.933ms
04-12 02:19:01.636 1938-1938/? W/dex2oat: Verification of android.graphics.Path android.support.v4.view.animation.PathInterpolatorDonut.createCubic(float, float, float, float) took 174.181ms
04-12 02:19:01.775 1938-1938/? W/dex2oat: Verification of android.graphics.Path android.support.v4.view.animation.PathInterpolatorDonut.createQuad(float, float) took 123.411ms
04-12 02:19:02.169 1938-1940/? W/dex2oat: Verification of void android.support.v4.widget.CircleImageView$OvalShadow.<init>(android.support.v4.widget.CircleImageView, int, int) took 383.764ms
04-12 02:19:02.693 1938-1940/? W/dex2oat: Verification of void android.support.v4.widget.CircleImageView$OvalShadow.draw(android.graphics.Canvas, android.graphics.Paint) took 508.747ms
04-12 02:19:02.908 1938-1940/? W/dex2oat: Verification of android.view.View android.support.v4.widget.CursorAdapter.getView(int, android.view.View, android.view.ViewGroup) took 106.309ms
04-12 02:19:03.031 1938-1940/? W/dex2oat: Verification of android.database.Cursor android.support.v4.widget.CursorAdapter.runQueryOnBackgroundThread(java.lang.CharSequence) took 117.588ms
04-12 02:19:03.329 1938-1938/? W/dex2oat: Verification of void android.support.v4.widget.DrawerLayout$AccessibilityDelegate.onInitializeAccessibilityNodeInfo(android.view.View, android.support.v4.view.accessibility.AccessibilityNodeInfoCompat) took 335.691ms
04-12 02:19:03.550 1938-1938/? W/dex2oat: Verification of void android.support.v4.widget.DrawerLayout.<init>(android.content.Context, android.util.AttributeSet, int) took 120.308ms
04-12 02:19:03.577 1938-1940/? W/dex2oat: Verification of void android.support.v4.widget.DrawerLayout$ViewDragCallback.<init>(android.support.v4.widget.DrawerLayout, int) took 199.432ms
04-12 02:19:03.701 1938-1938/? W/dex2oat: Verification of boolean android.support.v4.widget.DrawerLayout.mirror(android.graphics.drawable.Drawable, int) took 148.608ms
04-12 02:19:03.890 1938-1938/? W/dex2oat: Verification of void android.support.v4.widget.DrawerLayout.addFocusables(java.util.ArrayList, int, int) took 185.470ms
04-12 02:19:03.983 1938-1940/? W/dex2oat: Verification of boolean android.support.v4.widget.DrawerLayout$ViewDragCallback.onEdgeLock(int) took 243.908ms
04-12 02:19:04.513 1938-1938/? W/dex2oat: Verification of void android.support.v4.widget.DrawerLayout.onRestoreInstanceState(android.os.Parcelable) took 231.817ms
04-12 02:19:04.578 1938-1940/? W/dex2oat: Verification of boolean android.support.v4.widget.MaterialProgressDrawable.isRunning() took 172.889ms
04-12 02:19:04.724 1938-1940/? W/dex2oat: Verification of void android.support.v4.widget.NestedScrollView$AccessibilityDelegate.onInitializeAccessibilityEvent(android.view.View, android.view.accessibility.AccessibilityEvent) took 136.863ms
04-12 02:19:04.851 1938-1938/? W/dex2oat: Verification of void android.support.v4.widget.DrawerLayout.setStatusBarBackgroundColor(int) took 150.704ms
04-12 02:19:05.186 1938-1938/? W/dex2oat: Verification of void android.support.v4.widget.DrawerLayout.updateDrawerState(int, int, android.view.View) took 130.590ms
04-12 02:19:05.260 1938-1940/? W/dex2oat: Verification of void android.support.v4.widget.NestedScrollView.doScrollY(int) took 508.097ms
04-12 02:19:05.716 1938-1938/? W/dex2oat: Verification of android.view.View$OnTouchListener android.support.v4.widget.PopupMenuCompat$KitKatPopupMenuImpl.getDragToOpenListener(java.lang.Object) took 525.313ms
04-12 02:19:05.838 1938-1940/? W/dex2oat: Verification of void android.support.v4.widget.NestedScrollView.ensureGlows() took 575.600ms
04-12 02:19:06.457 1938-1938/? W/dex2oat: Verification of void android.support.v4.widget.SlidingPaneLayout$AccessibilityDelegate.onInitializeAccessibilityNodeInfo(android.view.View, android.support.v4.view.accessibility.AccessibilityNodeInfoCompat) took 178.776ms
04-12 02:19:06.607 1938-1938/? W/dex2oat: Verification of void android.support.v4.widget.SlidingPaneLayout$DisableLayerRunnable.run() took 148.010ms
04-12 02:19:06.996 1938-1938/? W/dex2oat: Verification of void android.support.v4.widget.SlidingPaneLayout.computeScroll() took 143.423ms
04-12 02:19:07.005 1938-1940/? W/dex2oat: Verification of void android.support.v4.widget.SwipeProgressBar.setTriggerPercentage(float) took 119.779ms
04-12 02:19:07.687 1938-1940/? W/dex2oat: Verification of void android.support.v4.widget.SwipeRefreshLayout.<init>(android.content.Context) took 635.894ms
04-12 02:19:08.108 1938-1940/? W/dex2oat: Verification of void android.support.v4.widget.SwipeRefreshLayout.<init>(android.content.Context, android.util.AttributeSet) took 375.674ms
04-12 02:19:08.391 1938-1940/? W/dex2oat: Verification of void android.support.v4.widget.SwipeRefreshLayout.animateOffsetToCorrectPosition(int, android.view.animation.Animation$AnimationListener) took 279.438ms
04-12 02:19:08.589 1938-1940/? W/dex2oat: Verification of void android.support.v4.widget.ViewDragHelper.clearMotionHistory() took 166.279ms
04-12 02:19:08.821 1938-1938/? W/dex2oat: Verification of boolean android.support.v4.widget.SlidingPaneLayout.drawChild(android.graphics.Canvas, android.view.View, long) took 1.819s
04-12 02:19:08.926 1938-1940/? W/dex2oat: Verification of java.util.List com.example.android.apis.ApiDemos.getData(java.lang.String) took 278.262ms
04-12 02:19:09.036 1938-1940/? W/dex2oat: Verification of void com.example.android.apis.ApiDemos.onCreate(android.os.Bundle) took 108.230ms
04-12 02:19:09.769 1938-1938/? W/dex2oat: Verification of void com.example.android.apis.R$animator.<init>() took 184.685ms
04-12 02:19:10.456 1938-1940/? W/dex2oat: Verification of void com.example.android.apis.ApiDemos.onListItemClick(android.widget.ListView, android.view.View, int, long) took 280.346ms
04-12 02:19:10.862 1938-1938/? W/dex2oat: Verification of void com.example.android.apis.R$array.<init>() took 1.053s
04-12 02:19:11.320 1938-1940/? W/dex2oat: Verification of void com.example.android.apis.R$layout.<init>() took 312.507ms
04-12 02:19:11.507 1938-1940/? W/dex2oat: Verification of void com.example.android.apis.accessibility.ClockBackService$2.provideScreenStateChangeFeedback(int) took 185.172ms
04-12 02:19:12.049 1938-1940/? W/dex2oat: Verification of android.os.Vibrator com.example.android.apis.accessibility.ClockBackService.-get1(com.example.android.apis.accessibility.ClockBackService) took 537.664ms
04-12 02:19:12.089 1938-1938/? W/dex2oat: Verification of void com.example.android.apis.accessibility.ClockBackService$1.handleMessage(android.os.Message) took 1.143s
04-12 02:19:12.344 1938-1938/? W/dex2oat: Verification of android.text.Layout com.example.android.apis.accessibility.CustomViewAccessibilityActivity$BaseToggleButton.makeLayout(java.lang.CharSequence) took 132.839ms
04-12 02:19:12.558 1938-1938/? W/dex2oat: Verification of void com.example.android.apis.accessibility.CustomViewAccessibilityActivity$BaseToggleButton.onDraw(android.graphics.Canvas) took 194.303ms
04-12 02:19:12.945 1938-1940/? W/dex2oat: Verification of void com.example.android.apis.accessibility.TaskBackService.onAccessibilityEvent(android.view.accessibility.AccessibilityEvent) took 134.060ms
04-12 02:19:13.277 1938-1940/? W/dex2oat: Verification of void com.example.android.apis.accessibility.TaskListActivity.onCreate(android.os.Bundle) took 158.608ms
04-12 02:19:13.668 1938-1938/? W/dex2oat: Verification of android.view.View com.example.android.apis.accessibility.TaskAdapter.getView(int, android.view.View, android.view.ViewGroup) took 947.704ms
04-12 02:19:13.791 1938-1940/? W/dex2oat: Verification of boolean com.example.android.apis.accessibility.TaskListView.onRequestSendAccessibilityEvent(android.view.View, android.view.accessibility.AccessibilityEvent) took 504.337ms
04-12 02:19:14.075 1938-1940/? W/dex2oat: Verification of void com.example.android.apis.animation.ActivityTransition.setupHero() took 176.637ms
04-12 02:19:14.231 1938-1938/? W/dex2oat: Verification of void com.example.android.apis.animation.AnimationCloning$1.<init>(com.example.android.apis.animation.AnimationCloning, com.example.android.apis.animation.AnimationCloning$MyAnimationView) took 283.707ms
04-12 02:19:14.340 1938-1940/? W/dex2oat: Verification of com.example.android.apis.animation.ShapeHolder com.example.android.apis.animation.AnimationCloning$MyAnimationView.addBall(float, float) took 219.332ms
04-12 02:19:14.670 1938-1938/? W/dex2oat: Verification of void com.example.android.apis.animation.AnimationLoading.onCreate(android.os.Bundle) took 148.235ms
04-12 02:19:14.892 1938-1940/? W/dex2oat: Verification of void com.example.android.apis.animation.AnimationCloning$MyAnimationView.createAnimation() took 188.960ms
04-12 02:19:15.515 1938-1938/? W/dex2oat: Verification of void com.example.android.apis.animation.AnimationSeeking$2.onProgressChanged(android.widget.SeekBar, int, boolean) took 779.567ms
04-12 02:19:15.546 1938-1940/? W/dex2oat: Verification of void com.example.android.apis.animation.AnimationCloning$MyAnimationView.onAnimationUpdate(android.animation.ValueAnimator) took 651.420ms
04-12 02:19:15.889 1938-1938/? W/dex2oat: Verification of void com.example.android.apis.animation.AnimationSeeking$MyAnimationView.seek(long) took 297.153ms
04-12 02:19:16.277 1938-1938/? W/dex2oat: Verification of void com.example.android.apis.animation.AnimatorEvents.onCreate(android.os.Bundle) took 290.062ms
04-12 02:19:16.354 1938-1940/? W/dex2oat: Verification of void com.example.android.apis.animation.BouncingBalls$MyAnimationView.<init>(com.example.android.apis.animation.BouncingBalls, android.content.Context) took 240.488ms
04-12 02:19:16.854 1938-1938/? W/dex2oat: Verification of void com.example.android.apis.animation.BouncingBalls.onCreate(android.os.Bundle) took 573.681ms
04-12 02:19:16.987 1938-1940/? W/dex2oat: Verification of boolean com.example.android.apis.animation.BouncingBalls$MyAnimationView.onTouchEvent(android.view.MotionEvent) took 625.815ms
04-12 02:19:17.016 1938-1938/? W/dex2oat: Verification of void com.example.android.apis.animation.CustomEvaluator$1.onClick(android.view.View) took 122.782ms
04-12 02:19:17.280 1938-1940/? W/dex2oat: Verification of void com.example.android.apis.animation.CustomEvaluator$MyAnimationView.<init>(com.example.android.apis.animation.CustomEvaluator, android.content.Context) took 290.216ms
04-12 02:19:17.370 1938-1938/? W/dex2oat: Verification of void com.example.android.apis.animation.LayoutAnimations$1.onClick(android.view.View) took 154.474ms
04-12 02:19:17.798 1938-1940/? W/dex2oat: Verification of void com.example.android.apis.animation.CustomEvaluator$MyAnimationView.createAnimation() took 515.438ms
04-12 02:19:17.953 1938-1938/? W/dex2oat: Verification of void com.example.android.apis.animation.LayoutAnimations$2.<init>(com.example.android.apis.animation.LayoutAnimations, android.animation.LayoutTransition) took 382.546ms
04-12 02:19:18.082 1938-1940/? W/dex2oat: Verification of void com.example.android.apis.animation.CustomEvaluator$MyAnimationView.onAnimationUpdate(android.animation.ValueAnimator) took 276.470ms
04-12 02:19:18.333 1938-1938/? W/dex2oat: Verification of void com.example.android.apis.animation.LayoutAnimationsByDefault$1$1.<init>(com.example.android.apis.animation.LayoutAnimationsByDefault$1, android.widget.GridLayout) took 195.143ms
04-12 02:19:18.589 1938-1938/? W/dex2oat: Verification of void com.example.android.apis.animation.LayoutAnimationsByDefault$1$1.onClick(android.view.View) took 254.692ms
04-12 02:19:18.879 1938-1940/? W/dex2oat: Verification of void com.example.android.apis.animation.LayoutAnimations.createCustomAnimations(android.animation.LayoutTransition) took 791.343ms
04-12 02:19:18.918 1938-1938/? W/dex2oat: Verification of void com.example.android.apis.animation.LayoutAnimationsHideShow.onCreate(android.os.Bundle) took 206.758ms
04-12 02:19:19.086 1938-1938/? W/dex2oat: Verification of void com.example.android.apis.animation.ListFlipper.onCreate(android.os.Bundle) took 118.319ms
04-12 02:19:19.215 1938-1940/? W/dex2oat: Verification of void com.example.android.apis.animation.MultiPropertyAnimation$MyAnimationView.createAnimation() took 166.324ms
04-12 02:19:19.257 1938-1938/? W/dex2oat: Verification of void com.example.android.apis.animation.MultiPropertyAnimation.onCreate(android.os.Bundle) took 123.078ms
04-12 02:19:19.396 1938-1940/? W/dex2oat: Verification of void com.example.android.apis.animation.MultiPropertyAnimation$MyAnimationView.onAnimationUpdate(android.animation.ValueAnimator) took 178.876ms
04-12 02:19:19.443 1938-1938/? W/dex2oat: Verification of android.graphics.Point com.example.android.apis.animation.PathAnimations$1.get(com.example.android.apis.animation.PathAnimations) took 152.011ms
04-12 02:19:19.658 1938-1938/? W/dex2oat: Verification of void com.example.android.apis.animation.PathAnimations$PointFToPointConverter.<init>() took 122.634ms
04-12 02:19:19.779 1938-1940/? W/dex2oat: Verification of void com.example.android.apis.animation.MultiPropertyAnimation$MyAnimationView.onDraw(android.graphics.Canvas) took 272.751ms
04-12 02:19:19.805 1938-1938/? W/dex2oat: Verification of void com.example.android.apis.animation.PathAnimations.startAnimator(int) took 114.307ms
04-12 02:19:20.051 1938-1938/? W/dex2oat: Verification of void com.example.android.apis.animation.PathAnimations.onCheckedChanged(android.widget.RadioGroup, int) took 125.406ms
04-12 02:19:20.186 1938-1938/? W/dex2oat: Verification of void com.example.android.apis.animation.PathAnimations.onCreate(android.os.Bundle) took 129.894ms
04-12 02:19:20.193 1938-1940/? W/dex2oat: Verification of com.example.android.apis.animation.ShapeHolder com.example.android.apis.animation.ReversingAnimation$MyAnimationView.createBall(float, float) took 228.169ms
04-12 02:19:20.318 1938-1940/? W/dex2oat: Verification of void com.example.android.apis.animation.ReversingAnimation$MyAnimationView.onAnimationUpdate(android.animation.ValueAnimator) took 119.252ms
04-12 02:19:20.602 1938-1938/? W/dex2oat: Verification of void com.example.android.apis.animation.ReversingAnimation.<init>() took 214.437ms
04-12 02:19:20.672 1938-1940/? W/dex2oat: Verification of void com.example.android.apis.animation.Rotate3dAnimation.applyTransformation(float, android.view.animation.Transformation) took 213.451ms
04-12 02:19:20.894 1938-1938/? W/dex2oat: Verification of void com.example.android.apis.animation.ReversingAnimation.onCreate(android.os.Bundle) took 266.630ms
04-12 02:19:20.953 1938-1940/? W/dex2oat: Verification of void com.example.android.apis.animation.Rotate3dAnimation.initialize(int, int, int, int) took 279.096ms
04-12 02:19:21.066 1938-1938/? W/dex2oat: Verification of float com.example.android.apis.animation.ShapeHolder.getWidth() took 105.838ms
04-12 02:19:21.187 1938-1940/? W/dex2oat: Verification of void com.example.android.apis.animation.Transition3d$DisplayNextView.onAnimationRepeat(android.view.animation.Animation) took 106.712ms
04-12 02:19:21.349 1938-1938/? W/dex2oat: Verification of void com.example.android.apis.animation.Transition3d$SwapViews.run() took 196.566ms
04-12 02:19:21.668 1938-1940/? W/dex2oat: Verification of void com.example.android.apis.animation.Transition3d$DisplayNextView.onAnimationStart(android.view.animation.Animation) took 161.455ms
04-12 02:19:21.818 1938-1938/? W/dex2oat: Verification of void com.example.android.apis.animation.Transition3d.onCreate(android.os.Bundle) took 466.108ms
04-12 02:19:22.031 1938-1940/? W/dex2oat: Verification of void com.example.android.apis.animation.Transitions.onCreate(android.os.Bundle) took 282.049ms
04-12 02:19:22.098 1938-1938/? W/dex2oat: Verification of void com.example.android.apis.app.ActionBarDisplayOptions.onCreate(android.os.Bundle) took 173.939ms
04-12 02:19:22.663 1938-1940/? W/dex2oat: Verification of boolean com.example.android.apis.app.ActionBarMechanics.onCreateOptionsMenu(android.view.Menu) took 147.700ms
04-12 02:19:22.936 1938-1938/? W/dex2oat: Verification of void com.example.android.apis.app.ActionBarDisplayOptions.onItemSelected(android.widget.AdapterView, android.view.View, int, long) took 299.117ms
04-12 02:19:23.194 1938-1940/? W/dex2oat: Verification of boolean com.example.android.apis.app.ActionBarMechanics.onOptionsItemSelected(android.view.MenuItem) took 456.732ms
04-12 02:19:23.393 1938-1940/? W/dex2oat: Verification of void com.example.android.apis.app.ActionBarNavigation.onNewActivity(android.view.View) took 130.884ms
04-12 02:19:23.415 1938-1938/? W/dex2oat: Verification of void com.example.android.apis.app.ActionBarDisplayOptions.onTabReselected(android.app.ActionBar$Tab, android.app.FragmentTransaction) took 474.945ms
04-12 02:19:23.825 1938-1940/? W/dex2oat: Verification of void com.example.android.apis.app.ActionBarUsage.onCreate(android.os.Bundle) took 124.305ms
04-12 02:19:23.856 1938-1938/? W/dex2oat: Verification of void com.example.android.apis.app.ActionBarShareActionProviderActivity.copyPrivateRawResuorceToPubliclyAccessibleFile() took 343.905ms
04-12 02:19:23.981 1938-1938/? W/dex2oat: Verification of android.content.Intent com.example.android.apis.app.ActionBarShareActionProviderActivity.createShareIntent() took 124.500ms
04-12 02:19:24.214 1938-1940/? W/dex2oat: Verification of boolean com.example.android.apis.app.ActionBarUsage.onCreateOptionsMenu(android.view.Menu) took 386.478ms
04-12 02:19:24.283 1938-1938/? W/dex2oat: Verification of void com.example.android.apis.app.AlarmService_Service.onCreate() took 101.451ms
04-12 02:19:24.475 1938-1940/? W/dex2oat: Verification of boolean com.example.android.apis.app.ActionBarUsage.onQueryTextChange(java.lang.String) took 174.278ms
04-12 02:19:24.895 1938-1940/? W/dex2oat: Verification of void com.example.android.apis.app.Animation$1.<init>(com.example.android.apis.app.Animation) took 112.977ms
04-12 02:19:25.079 1938-1938/? W/dex2oat: Verification of android.app.Dialog com.example.android.apis.app.AlertDialogSamples.onCreateDialog(int) took 479.011ms
04-12 02:19:25.881 1938-1940/? W/dex2oat: Verification of void com.example.android.apis.app.Animation$1.onClick(android.view.View) took 981.833ms
04-12 02:19:26.099 1938-1938/? W/dex2oat: Verification of void com.example.android.apis.app.CustomTitle$1.<init>(com.example.android.apis.app.CustomTitle, android.widget.TextView, android.widget.EditText) took 275.300ms
04-12 02:19:26.180 1938-1940/? W/dex2oat: Verification of void com.example.android.apis.app.CustomTitle$2.onClick(android.view.View) took 296.110ms
04-12 02:19:26.356 1938-1938/? W/dex2oat: Verification of void com.example.android.apis.app.CustomTitle.onCreate(android.os.Bundle) took 209.219ms
04-12 02:19:26.598 1938-1940/? W/dex2oat: Verification of void com.example.android.apis.app.DeviceAdminSample$ExpirationFragment.onCreate(android.os.Bundle) took 109.336ms
04-12 02:19:26.639 1938-1938/? W/dex2oat: Verification of java.lang.String com.example.android.apis.app.DeviceAdminSample$EncryptionFragment.statusCodeToString(int) took 214.943ms
04-12 02:19:26.879 1938-1940/? W/dex2oat: Verification of boolean com.example.android.apis.app.DeviceAdminSample$ExpirationFragment.onPreferenceChange(android.preference.Preference, java.lang.Object) took 278.820ms
04-12 02:19:27.083 1938-1940/? W/dex2oat: Verification of boolean com.example.android.apis.app.DeviceAdminSample$ExpirationFragment.onPreferenceClick(android.preference.Preference) took 202.700ms
04-12 02:19:27.593 1938-1938/? W/dex2oat: Verification of void com.example.android.apis.app.FragmentTabsFragment.onCreate(android.os.Bundle) took 120.449ms
04-12 02:19:27.748 1938-1938/? W/dex2oat: Verification of android.view.View com.example.android.apis.app.FragmentTabsFragment.onCreateView(android.view.LayoutInflater, android.view.ViewGroup, android.os.Bundle) took 147.844ms
04-12 02:19:27.768 1938-1940/? W/dex2oat: Verification of android.app.FragmentTransaction com.example.android.apis.app.FragmentTabsFragment$TabManager.doTabChanged(java.lang.String, android.app.FragmentTransaction) took 336.573ms
04-12 02:19:27.957 1938-1938/? W/dex2oat: Verification of void com.example.android.apis.app.FragmentTabsFragment.onSaveInstanceState(android.os.Bundle) took 170.815ms
04-12 02:19:28.199 1938-1940/? W/dex2oat: Verification of void com.example.android.apis.app.FragmentTabsFragment$TabManager.addTab(android.widget.TabHost$TabSpec, java.lang.Class, android.os.Bundle) took 398.355ms
04-12 02:19:28.241 1938-1938/? W/dex2oat: Verification of void com.example.android.apis.app.HelloWorld.onCreate(android.os.Bundle) took 231.041ms
04-12 02:19:28.454 1938-1940/? W/dex2oat: Verification of void com.example.android.apis.app.FragmentTabsFragment$TabManager.onTabChanged(java.lang.String) took 122.046ms
04-12 02:19:28.605 1938-1938/? W/dex2oat: Verification of android.content.Intent[] com.example.android.apis.app.IncomingMessage.makeMessageIntentStack(android.content.Context, java.lang.CharSequence, java.lang.CharSequence) took 183.949ms
04-12 02:19:28.768 1938-1938/? W/dex2oat: Verification of void com.example.android.apis.app.IncomingMessage.showAppNotification() took 139.740ms
04-12 02:19:28.856 1938-1940/? W/dex2oat: Verification of void com.example.android.apis.app.IncomingMessageInterstitial.switchToApp() took 358.630ms
04-12 02:19:28.928 1938-1938/? W/dex2oat: Verification of void com.example.android.apis.app.IncomingMessage.showInterstitialNotification() took 158.036ms
04-12 02:19:29.129 1938-1938/? W/dex2oat: Verification of void com.example.android.apis.app.IntentActivityFlags$2.onClick(android.view.View) took 176.860ms
04-12 02:19:29.268 1938-1940/? W/dex2oat: Verification of void com.example.android.apis.app.IntentActivityFlags$1.<init>(com.example.android.apis.app.IntentActivityFlags) took 408.527ms
04-12 02:19:29.351 1938-1938/? W/dex2oat: Verification of void com.example.android.apis.app.LauncherShortcuts.setupShortcut() took 151.511ms
04-12 02:19:29.648 1938-1938/? W/dex2oat: Verification of android.graphics.drawable.Drawable com.example.android.apis.app.LoaderCustom$AppEntry.getIcon() took 110.786ms
04-12 02:19:29.663 1938-1940/? W/dex2oat: Verification of void com.example.android.apis.app.LoaderCursor$CursorLoaderListFragment.onActivityCreated(android.os.Bundle) took 266.238ms
04-12 02:19:30.045 1938-1940/? W/dex2oat: Verification of void com.example.android.apis.app.LoaderCursor$CursorLoaderListFragment.onLoadFinished(android.content.Loader, android.database.Cursor) took 359.159ms
04-12 02:19:30.214 1938-1940/? W/dex2oat: Verification of boolean com.example.android.apis.app.LoaderCursor$CursorLoaderListFragment.onQueryTextChange(java.lang.String) took 101.983ms
04-12 02:19:30.239 1938-1938/? W/dex2oat: Verification of void com.example.android.apis.app.LoaderCustom$AppEntry.loadLabel(android.content.Context) took 587.594ms
04-12 02:19:30.346 1938-1940/? W/dex2oat: Verification of void com.example.android.apis.app.LoaderCustom$AppListAdapter.<init>(android.content.Context) took 114.827ms
04-12 02:19:30.778 1938-1938/? W/dex2oat: Verification of void com.example.android.apis.app.LoaderRetained.<init>() took 150.450ms
04-12 02:19:30.939 1938-1940/? W/dex2oat: Verification of int com.example.android.apis.app.LoaderThrottle$SimpleProvider.delete(android.net.Uri, java.lang.String, java.lang.String[]) took 174.342ms
04-12 02:19:31.331 1938-1938/? W/dex2oat: Verification of void com.example.android.apis.app.MenuInflateFromXml.onCreate(android.os.Bundle) took 467.264ms
04-12 02:19:31.415 1938-1940/? W/dex2oat: Verification of void com.example.android.apis.app.NotificationDisplay.onClick(android.view.View) took 133.412ms
04-12 02:19:31.609 1938-1938/? W/dex2oat: Verification of void com.example.android.apis.app.NotifyWithText.onCreate(android.os.Bundle) took 269.018ms
04-12 02:19:31.684 1938-1940/? W/dex2oat: Verification of void com.example.android.apis.app.NotificationDisplay.onCreate(android.os.Bundle) took 102.167ms
04-12 02:19:31.788 1938-1938/? W/dex2oat: Verification of void com.example.android.apis.app.NotifyingController$1.onClick(android.view.View) took 140.239ms
04-12 02:19:31.893 1938-1938/? W/dex2oat: Verification of void com.example.android.apis.app.NotifyingController.onCreate(android.os.Bundle) took 100.530ms
04-12 02:19:32.091 1938-1938/? W/dex2oat: Verification of void com.example.android.apis.app.NotifyingService$1.<init>(com.example.android.apis.app.NotifyingService) took 194.688ms
04-12 02:19:32.182 1938-1940/? W/dex2oat: Verification of android.view.View com.example.android.apis.app.PresentationActivity$DisplayListAdapter.getView(int, android.view.View, android.view.ViewGroup) took 215.090ms
04-12 02:19:32.408 1938-1938/? W/dex2oat: Verification of void com.example.android.apis.app.NotifyingService$1.run() took 316.314ms
04-12 02:19:32.478 1938-1940/? W/dex2oat: Verification of void com.example.android.apis.app.PresentationActivity.hidePresentation(android.view.Display) took 285.197ms
04-12 02:19:32.604 1938-1938/? W/dex2oat: Verification of void com.example.android.apis.app.PresentationWithMediaRouterActivity$DemoPresentation.onCreate(android.os.Bundle) took 128.100ms
04-12 02:19:32.701 1938-1940/? W/dex2oat: Verification of void com.example.android.apis.app.PresentationActivity.onCreate(android.os.Bundle) took 113.051ms
04-12 02:19:32.934 1938-1940/? W/dex2oat: Verification of void com.example.android.apis.app.PresentationActivity.onItemSelected(android.widget.AdapterView, android.view.View, int, long) took 231.653ms
04-12 02:19:33.565 1938-1940/? W/dex2oat: Verification of void com.example.android.apis.app.RemoteService$Binding$4.onClick(android.view.View) took 129.754ms
04-12 02:19:33.863 1938-1940/? W/dex2oat: Verification of void com.example.android.apis.app.SearchInvoke.clearSearchHistory() took 125.716ms
04-12 02:19:33.970 1938-1938/? W/dex2oat: Verification of void com.example.android.apis.app.RemoteService$Controller$2.onClick(android.view.View) took 128.381ms
04-12 02:19:34.141 1938-1940/? W/dex2oat: Verification of boolean com.example.android.apis.app.SearchInvoke.onSearchRequested() took 259.013ms
04-12 02:19:34.238 1938-1938/? W/dex2oat: Verification of void com.example.android.apis.app.SearchQueryResults.onCreate(android.os.Bundle) took 207.607ms
04-12 02:19:34.679 1938-1940/? W/dex2oat: Verification of void com.example.android.apis.app.ServiceStartArguments$Controller$1.onClick(android.view.View) took 309.284ms
04-12 02:19:34.898 1938-1940/? W/dex2oat: Verification of void com.example.android.apis.app.SetWallpaperActivity.onCreate(android.os.Bundle) took 121.146ms
04-12 02:19:35.231 1938-1940/? W/dex2oat: Verification of void com.example.android.apis.app.SoftInputModes$1.onItemSelected(android.widget.AdapterView, android.view.View, int, long) took 328.038ms
04-12 02:19:35.516 1938-1938/? W/dex2oat: Verification of void com.example.android.apis.app.StatusBarNotifications.setDefault(int) took 135.193ms
04-12 02:19:35.665 1938-1938/? W/dex2oat: Verification of void com.example.android.apis.app.StatusBarNotifications.setMood(int, int, boolean) took 113.825ms
04-12 02:19:35.907 1938-1940/? W/dex2oat: Verification of void com.example.android.apis.app.VoiceRecognition.startVoiceRecognitionActivity() took 172.066ms
04-12 02:19:36.062 1938-1940/? W/dex2oat: Verification of void com.example.android.apis.app.VoiceRecognition.updateLanguagePreference(java.lang.String) took 147.269ms
04-12 02:19:36.698 1938-1938/? W/dex2oat: Verification of void com.example.android.apis.appwidget.ExampleAppWidgetConfigure$1.onClick(android.view.View) took 936.567ms
04-12 02:19:36.716 1938-1940/? W/dex2oat: Verification of void com.example.android.apis.app.VoiceRecognition.updateSupportedLanguages(java.util.List) took 649.291ms
04-12 02:19:36.828 1938-1940/? W/dex2oat: Verification of void com.example.android.apis.app.VoiceRecognition.onActivityResult(int, int, android.content.Intent) took 109.882ms
04-12 02:19:37.543 1938-1940/? W/dex2oat: Verification of void com.example.android.apis.app.VoiceRecognition.onCreate(android.os.Bundle) took 713.126ms
04-12 02:19:37.750 1938-1938/? W/dex2oat: Verification of android.view.View com.example.android.apis.content.ChangedContacts$ChangeAdapter.newView(android.content.Context, android.database.Cursor, android.view.ViewGroup) took 851.374ms
04-12 02:19:38.089 1938-1938/? W/dex2oat: Verification of android.view.View com.example.android.apis.content.ChangedContacts$DeleteAdapter.newView(android.content.Context, android.database.Cursor, android.view.ViewGroup) took 334.151ms
04-12 02:19:38.150 1938-1940/? W/dex2oat: Verification of android.content.CursorLoader com.example.android.apis.content.ChangedContacts.getChangeLoader() took 269.553ms
04-12 02:19:39.012 1938-1938/? W/dex2oat: Verification of void com.example.android.apis.content.ClipboardSample$2.onNothingSelected(android.widget.AdapterView) took 786.071ms
04-12 02:19:39.423 1938-1940/? W/dex2oat: Verification of android.content.CursorLoader com.example.android.apis.content.ChangedContacts.getDeleteLoader() took 1.270s
04-12 02:19:39.534 1938-1940/? W/dex2oat: Verification of long com.example.android.apis.content.ChangedContacts.getLastTimestamp(long, java.lang.String) took 109.478ms
04-12 02:19:39.565 1938-1938/? W/dex2oat: Verification of void com.example.android.apis.content.ClipboardSample.onCreate(android.os.Bundle) took 549.439ms
04-12 02:19:39.740 1938-1940/? W/dex2oat: Verification of void com.example.android.apis.content.ChangedContacts.setText(android.view.View, java.lang.String) took 158.066ms
04-12 02:19:40.010 1938-1938/? W/dex2oat: Verification of void com.example.android.apis.content.ClipboardSample.pasteUri(android.view.View) took 210.361ms
04-12 02:19:40.553 1938-1940/? W/dex2oat: Verification of void com.example.android.apis.content.ChangedContacts.onCreate(android.os.Bundle) took 794.039ms
04-12 02:19:40.676 1938-1938/? W/dex2oat: Verification of void com.example.android.apis.content.ClipboardSample.updateClipData(boolean) took 663.648ms
04-12 02:19:40.807 1938-1938/? W/dex2oat: Verification of void com.example.android.apis.content.DocumentsSample$2.<init>(com.example.android.apis.content.DocumentsSample, android.widget.CheckBox, android.widget.CheckBox) took 115.649ms
04-12 02:19:41.030 1938-1938/? W/dex2oat: Verification of void com.example.android.apis.content.DocumentsSample$3.<init>(com.example.android.apis.content.DocumentsSample, android.widget.CheckBox, android.widget.CheckBox) took 199.983ms
04-12 02:19:41.199 1938-1940/? W/dex2oat: Verification of android.content.Loader com.example.android.apis.content.ChangedContacts.onCreateLoader(int, android.os.Bundle) took 282.637ms
04-12 02:19:41.490 1938-1940/? W/dex2oat: Verification of void com.example.android.apis.content.ChangedContacts.onPause() took 144.161ms
04-12 02:19:41.580 1938-1938/? W/dex2oat: Verification of void com.example.android.apis.content.DocumentsSample$8.onClick(android.view.View) took 219.632ms
04-12 02:19:41.770 1938-1940/? W/dex2oat: Verification of void com.example.android.apis.content.DocumentsSample.onActivityResult(int, int, android.content.Intent) took 256.961ms
04-12 02:19:42.145 1938-1940/? W/dex2oat: Verification of void com.example.android.apis.content.DocumentsSample.onCreate(android.os.Bundle) took 277.538ms
04-12 02:19:42.288 1938-1938/? W/dex2oat: Verification of void com.example.android.apis.content.ExternalStorage.createExternalStoragePrivatePicture() took 378.708ms
04-12 02:19:42.402 1938-1938/? W/dex2oat: Verification of void com.example.android.apis.content.ExternalStorage.createExternalStoragePublicPicture() took 112.334ms
04-12 02:19:42.878 1938-1940/? W/dex2oat: Verification of void com.example.android.apis.graphics.Arcs$SampleView.<init>(android.content.Context) took 174.589ms
04-12 02:19:43.034 1938-1940/? W/dex2oat: Verification of void com.example.android.apis.graphics.Arcs$SampleView.onDraw(android.graphics.Canvas) took 154.037ms
04-12 02:19:43.467 1938-1940/? W/dex2oat: Verification of void com.example.android.apis.graphics.BitmapDecode$SampleView.<init>(android.content.Context) took 429.419ms
04-12 02:19:43.593 1938-1940/? W/dex2oat: Verification of void com.example.android.apis.graphics.BitmapDecode$SampleView.onDraw(android.graphics.Canvas) took 123.284ms
04-12 02:19:43.990 1938-1938/? W/dex2oat: Verification of void com.example.android.apis.content.TextUndoActivity.onCreate(android.os.Bundle) took 1.297s
04-12 02:19:44.165 1938-1938/? W/dex2oat: Verification of void com.example.android.apis.graphics.Clipping$SampleView.onDraw(android.graphics.Canvas) took 121.471ms
04-12 02:19:44.265 1938-1940/? W/dex2oat: Verification of void com.example.android.apis.graphics.CameraPreview.onResume() took 114.315ms
04-12 02:19:44.293 1938-1938/? W/dex2oat: Verification of void com.example.android.apis.graphics.Clipping.<init>() took 103.390ms
04-12 02:19:44.507 1938-1938/? W/dex2oat: Verification of void com.example.android.apis.graphics.ColorFilters.<init>() took 104.482ms
04-12 02:19:44.778 1938-1940/? W/dex2oat: Verification of void com.example.android.apis.graphics.ColorFilters$SampleView.<init>(android.app.Activity) took 510.936ms
04-12 02:19:44.786 1938-1938/? W/dex2oat: Verification of void com.example.android.apis.graphics.ColorMatrixSample$SampleView.<init>(android.content.Context) took 275.978ms
04-12 02:19:45.118 1938-1938/? W/dex2oat: Verification of void com.example.android.apis.graphics.ColorMatrixSample$SampleView.setContrast(android.graphics.ColorMatrix, float) took 329.762ms
04-12 02:19:45.307 1938-1938/? W/dex2oat: Verification of void com.example.android.apis.graphics.ColorMatrixSample$SampleView.onDraw(android.graphics.Canvas) took 184.538ms
04-12 02:19:45.325 1938-1940/? W/dex2oat: Verification of void com.example.android.apis.graphics.CubeMapActivity.onCreate(android.os.Bundle) took 293.136ms
04-12 02:19:45.551 1938-1940/? W/dex2oat: Verification of void com.example.android.apis.graphics.DensityActivity.addBitmapDrawable(android.widget.LinearLayout, int, boolean) took 138.226ms
04-12 02:19:45.687 1938-1938/? W/dex2oat: Verification of void com.example.android.apis.graphics.CubeRenderer.<init>(boolean) took 153.437ms
04-12 02:19:45.768 1938-1940/? W/dex2oat: Verification of void com.example.android.apis.graphics.DensityActivity.addNinePatchResourceDrawable(android.widget.LinearLayout, int) took 208.014ms
04-12 02:19:46.048 1938-1940/? W/dex2oat: Verification of void com.example.android.apis.graphics.GLES20TriangleRenderer.onSurfaceCreated(javax.microedition.khronos.opengles.GL10, javax.microedition.khronos.egl.EGLConfig) took 221.052ms
04-12 02:19:46.273 1938-1940/? W/dex2oat: Verification of void com.example.android.apis.graphics.GradientDrawable1.onCreate(android.os.Bundle) took 110.037ms
04-12 02:19:46.400 1938-1938/? W/dex2oat: Verification of void com.example.android.apis.graphics.MatrixPaletteRenderer.<init>(android.content.Context) took 108.410ms
04-12 02:19:46.617 1938-1940/? W/dex2oat: Verification of void com.example.android.apis.graphics.MatrixPaletteRenderer$Grid.<init>(int, int) took 335.836ms
04-12 02:19:46.855 1938-1938/? W/dex2oat: Verification of void com.example.android.apis.graphics.MeasureText$SampleView.showText(android.graphics.Canvas, java.lang.String, android.graphics.Paint$Align) took 274.309ms
04-12 02:19:47.058 1938-1938/? W/dex2oat: Verification of void com.example.android.apis.graphics.Pictures.onCreate(android.os.Bundle) took 198.468ms
04-12 02:19:47.180 1938-1940/? W/dex2oat: Verification of void com.example.android.apis.graphics.Pictures$SampleView.<init>(android.content.Context) took 323.197ms
04-12 02:19:47.316 1938-1940/? W/dex2oat: Verification of boolean com.example.android.apis.graphics.PurgeableBitmap.detectIfPurgeableRequest() took 106.341ms
04-12 02:19:47.328 1938-1938/? W/dex2oat: Verification of void com.example.android.apis.graphics.Preview.<init>(android.content.Context) took 211.263ms
04-12 02:19:47.509 1938-1938/? W/dex2oat: Verification of android.hardware.Camera$Size com.example.android.apis.graphics.Preview.getOptimalPreviewSize(java.util.List, int, int) took 171.661ms
04-12 02:19:47.640 1938-1940/? W/dex2oat: Verification of void com.example.android.apis.graphics.PurgeableBitmap.onCreate(android.os.Bundle) took 226.273ms
04-12 02:19:47.654 1938-1938/? W/dex2oat: Verification of void com.example.android.apis.graphics.Preview.onLayout(boolean, int, int, int, int) took 143.268ms
04-12 02:19:47.840 1938-1940/? W/dex2oat: Verification of int com.example.android.apis.graphics.PurgeableBitmapView.update(com.example.android.apis.graphics.PurgeableBitmap$RefreshHandler) took 135.984ms
04-12 02:19:47.909 1938-1938/? W/dex2oat: Verification of void com.example.android.apis.graphics.Preview.onMeasure(int, int) took 253.915ms
04-12 02:19:48.290 1938-1938/? W/dex2oat: Verification of void com.example.android.apis.graphics.Preview.setCamera(android.hardware.Camera) took 378.701ms
04-12 02:19:48.875 1938-1938/? W/dex2oat: Verification of void com.example.android.apis.graphics.ScaleToFit$SampleView.<clinit>() took 477.746ms
04-12 02:19:49.027 1938-1940/? W/dex2oat: Verification of void com.example.android.apis.graphics.ShadowCardDrag$2.onCheckedChanged(android.widget.CompoundButton, boolean) took 308.901ms
04-12 02:19:49.041 1938-1938/? W/dex2oat: Verification of void com.example.android.apis.graphics.ScaleToFit$SampleView.<init>(android.content.Context) took 111.673ms
04-12 02:19:49.252 1938-1938/? W/dex2oat: Verification of void com.example.android.apis.graphics.ScaleToFit$SampleView.onDraw(android.graphics.Canvas) took 160.535ms
04-12 02:19:49.611 1938-1940/? W/dex2oat: Verification of void com.example.android.apis.graphics.ShadowCardDrag$3.onClick(android.view.View) took 580.091ms
04-12 02:19:49.654 1938-1938/? W/dex2oat: Verification of boolean com.example.android.apis.graphics.ShadowCardDrag$4.onTouch(android.view.View, android.view.MotionEvent) took 347.178ms
04-12 02:19:49.862 1938-1940/? W/dex2oat: Verification of void com.example.android.apis.graphics.ShadowCardDrag$CardDragState.onMove(long, float, float) took 249.461ms
04-12 02:19:49.888 1938-1938/? W/dex2oat: Verification of void com.example.android.apis.graphics.ShadowCardDrag.onCreate(android.os.Bundle) took 131.259ms
04-12 02:19:50.263 1938-1940/? W/dex2oat: Verification of void com.example.android.apis.graphics.ShadowCardDrag$CardDragState.onUp() took 207.029ms
04-12 02:19:50.546 1938-1940/? W/dex2oat: Verification of void com.example.android.apis.graphics.ShapeDrawable1.onCreate(android.os.Bundle) took 279.216ms
04-12 02:19:50.712 1938-1938/? W/dex2oat: Verification of void com.example.android.apis.graphics.ShapeDrawable1$SampleView.<init>(android.content.Context) took 697.872ms
04-12 02:19:50.918 1938-1940/? W/dex2oat: Verification of void com.example.android.apis.graphics.StaticTriangleRenderer$Triangle.<init>() took 175.735ms
04-12 02:19:51.579 1938-1938/? W/dex2oat: Verification of android.graphics.Shader com.example.android.apis.graphics.ShapeDrawable1$SampleView.makeLinear() took 505.716ms
04-12 02:19:52.808 1938-1938/? W/dex2oat: Verification of android.graphics.Shader com.example.android.apis.graphics.ShapeDrawable1$SampleView.makeTiling() took 140.947ms
04-12 02:19:52.830 1938-1940/? W/dex2oat: Verification of void com.example.android.apis.graphics.StaticTriangleRenderer$Triangle.draw(javax.microedition.khronos.opengles.GL10) took 1.904s
04-12 02:19:53.497 1938-1940/? W/dex2oat: Verification of android.content.Context com.example.android.apis.graphics.StaticTriangleRenderer.-get0(com.example.android.apis.graphics.StaticTriangleRenderer) took 663.901ms
04-12 02:19:53.613 1938-1938/? W/dex2oat: Verification of void com.example.android.apis.graphics.ShapeDrawable1$SampleView.onDraw(android.graphics.Canvas) took 675.071ms
04-12 02:19:53.627 1938-1940/? W/dex2oat: Verification of void com.example.android.apis.graphics.SurfaceViewOverlay$1.onClick(android.view.View) took 125.355ms
04-12 02:19:53.806 1938-1938/? W/dex2oat: Verification of void com.example.android.apis.graphics.Sweep$SampleView.<init>(android.content.Context) took 146.609ms
04-12 02:19:53.843 1938-1940/? W/dex2oat: Verification of void com.example.android.apis.graphics.SurfaceViewOverlay.<init>() took 213.053ms
04-12 02:19:53.968 1938-1938/? W/dex2oat: Verification of boolean com.example.android.apis.graphics.Sweep$SampleView.onKeyDown(int, android.view.KeyEvent) took 143.771ms
04-12 02:19:54.600 1938-1940/? W/dex2oat: Verification of int[] com.example.android.apis.graphics.TouchPaint$PaintView.-getcom_example_android_apis_graphics_TouchPaint$PaintModeSwitchesValues() took 590.525ms
04-12 02:19:54.630 1938-1938/? W/dex2oat: Verification of void com.example.android.apis.graphics.TouchPaint.onCreate(android.os.Bundle) took 383.400ms
04-12 02:19:55.144 1938-1938/? W/dex2oat: Verification of boolean com.example.android.apis.graphics.TouchPaint.onCreateOptionsMenu(android.view.Menu) took 508.518ms
04-12 02:19:55.489 1938-1940/? W/dex2oat: Verification of void com.example.android.apis.graphics.TouchPaint$PaintView.paint(com.example.android.apis.graphics.TouchPaint$PaintMode, float, float, float, float, float, float, float, float) took 188.922ms
04-12 02:19:55.622 1938-1940/? W/dex2oat: Verification of void com.example.android.apis.graphics.TouchPaint$PaintView.clear() took 127.652ms
04-12 02:19:55.718 1938-1938/? W/dex2oat: Verification of boolean com.example.android.apis.graphics.TouchPaint.onOptionsItemSelected(android.view.MenuItem) took 314.028ms
04-12 02:19:55.789 1938-1940/? W/dex2oat: Verification of void com.example.android.apis.graphics.TouchPaint$PaintView.onDraw(android.graphics.Canvas) took 161.769ms
04-12 02:19:56.018 1938-1940/? W/dex2oat: Verification of boolean com.example.android.apis.graphics.TouchPaint$PaintView.onHoverEvent(android.view.MotionEvent) took 225.833ms
04-12 02:19:56.249 1938-1938/? W/dex2oat: Verification of void com.example.android.apis.graphics.TouchPaint.onPause() took 526.366ms
04-12 02:19:56.629 1938-1938/? W/dex2oat: Verification of void com.example.android.apis.graphics.TranslucentGLSurfaceViewActivity.onCreate(android.os.Bundle) took 262.286ms
04-12 02:19:56.804 1938-1940/? W/dex2oat: Verification of void com.example.android.apis.graphics.UnicodeChart$SampleView.<init>(android.content.Context) took 161.622ms
04-12 02:19:56.963 1938-1940/? W/dex2oat: Verification of void com.example.android.apis.graphics.UnicodeChart$SampleView.drawChart(android.graphics.Canvas, int) took 155.225ms
04-12 02:19:57.266 1938-1940/? W/dex2oat: Verification of void com.example.android.apis.graphics.Xfermodes$SampleView.<clinit>() took 132.376ms
04-12 02:19:57.457 1938-1938/? W/dex2oat: Verification of void com.example.android.apis.graphics.WindowSurface$DrawingThread.run() took 533.318ms
04-12 02:19:57.801 1938-1940/? W/dex2oat: Verification of void com.example.android.apis.graphics.kube.GLShape.setFaceColor(int, com.example.android.apis.graphics.kube.GLColor) took 432.437ms
04-12 02:19:58.557 1938-1940/? W/dex2oat: Verification of void com.example.android.apis.graphics.kube.GLShape.startAnimation() took 754.277ms
04-12 02:19:58.821 1938-1938/? W/dex2oat: Verification of void com.example.android.apis.graphics.kube.Cube.<init>(com.example.android.apis.graphics.kube.GLWorld, float, float, float, float, float, float) took 226.312ms
04-12 02:19:59.529 1938-1940/? W/dex2oat: Verification of void com.example.android.apis.graphics.kube.KubeRenderer.onSurfaceChanged(javax.microedition.khronos.opengles.GL10, int, int) took 116.110ms
04-12 02:19:59.559 1938-1938/? W/dex2oat: Verification of void com.example.android.apis.graphics.kube.GLWorld.generate() took 547.541ms
04-12 02:19:59.819 1938-1938/? W/dex2oat: Verification of void com.example.android.apis.graphics.spritetext.Grid.draw(javax.microedition.khronos.opengles.GL10, boolean) took 166.668ms
04-12 02:20:00.385 1938-1940/? W/dex2oat: Verification of float com.example.android.apis.graphics.spritetext.LabelMaker.getBaseline(int) took 335.009ms
04-12 02:20:00.413 1938-1938/? W/dex2oat: Verification of void com.example.android.apis.graphics.spritetext.Grid.set(int, int, float, float, float, float, float) took 590.672ms
04-12 02:20:00.518 1938-1940/? W/dex2oat: Verification of void com.example.android.apis.graphics.spritetext.LabelMaker.initialize(javax.microedition.khronos.opengles.GL10) took 114.145ms
04-12 02:20:00.664 1938-1940/? W/dex2oat: Verification of void com.example.android.apis.graphics.spritetext.MatrixTrackingGL.check() took 142.805ms
